============================================================
  Generated by:           Genus(TM) Synthesis Solution 21.17-s066_1
  Generated on:           Aug 31 2026  09:53:02 pm
  Module:                 lut_gen_unit
  Technology libraries:   asap7sc7p5t_AO_LVT_TT_nldm_211120 1.0
                          asap7sc7p5t_AO_RVT_TT_nldm_211120 1.0
                          asap7sc7p5t_AO_SRAM_TT_nldm_211120 1.0
                          asap7sc7p5t_OA_LVT_TT_nldm_211120 1.0
                          asap7sc7p5t_OA_RVT_TT_nldm_211120 1.0
                          asap7sc7p5t_OA_SRAM_TT_nldm_211120 1.0
                          asap7sc7p5t_SEQ_LVT_TT_nldm_220123 1.0
                          asap7sc7p5t_SEQ_RVT_TT_nldm_220123 1.0
                          asap7sc7p5t_SEQ_SRAM_TT_nldm_220123 1.0
                          asap7sc7p5t_SIMPLE_LVT_TT_nldm_211120 1.0
                          asap7sc7p5t_SIMPLE_RVT_TT_nldm_211120 1.0
                          asap7sc7p5t_SIMPLE_SRAM_TT_nldm_211120 1.0
                          asap7sc7p5t_INVBUF_LVT_TT_nldm_211120 1.0
                          asap7sc7p5t_INVBUF_RVT_TT_nldm_211120 1.0
                          asap7sc7p5t_INVBUF_SRAM_TT_nldm_211120 1.0
  Operating conditions:   PVT_0P7V_25C (balanced_tree)
  Wireload mode:          enclosed
  Area mode:              timing library
============================================================

  Instance   Module  Cell Count  Cell Area  Net Area   Total Area   Wireload  
------------------------------------------------------------------------------
lut_gen_unit               4095    620.204     0.000      620.204 <none> (D)  
  (D) = wireload is default in technology library
