============================================================
  Generated by:           Genus(TM) Synthesis Solution 21.17-s066_1
  Generated on:           Aug 31 2026  09:53:02 pm
  Module:                 lut_gen_unit
  Technology libraries:   asap7sc7p5t_AO_LVT_TT_nldm_211120 1.0
                          asap7sc7p5t_AO_RVT_TT_nldm_211120 1.0
                          asap7sc7p5t_AO_SRAM_TT_nldm_211120 1.0
                          asap7sc7p5t_OA_LVT_TT_nldm_211120 1.0
                          asap7sc7p5t_OA_RVT_TT_nldm_211120 1.0
                          asap7sc7p5t_OA_SRAM_TT_nldm_211120 1.0
                          asap7sc7p5t_SEQ_LVT_TT_nldm_220123 1.0
                          asap7sc7p5t_SEQ_RVT_TT_nldm_220123 1.0
                          asap7sc7p5t_SEQ_SRAM_TT_nldm_220123 1.0
                          asap7sc7p5t_SIMPLE_LVT_TT_nldm_211120 1.0
                          asap7sc7p5t_SIMPLE_RVT_TT_nldm_211120 1.0
                          asap7sc7p5t_SIMPLE_SRAM_TT_nldm_211120 1.0
                          asap7sc7p5t_INVBUF_LVT_TT_nldm_211120 1.0
                          asap7sc7p5t_INVBUF_RVT_TT_nldm_211120 1.0
                          asap7sc7p5t_INVBUF_SRAM_TT_nldm_211120 1.0
  Operating conditions:   PVT_0P7V_25C (balanced_tree)
  Wireload mode:          enclosed
  Area mode:              timing library
============================================================

          Pin                          Type             Fanout  Load Slew Delay Arrival   
                                                                (fF) (ps)  (ps)   (ps)    
------------------------------------------------------------------------------------------
(clock clk)                    launch                                                 0 R 
state_reg[0]/CLK                                                        0    +0       0 R 
state_reg[0]/QN                DFFASRHQNx1_ASAP7_75t_L       3   1.6   23   +44      44 R 
g83624/A                                                                     +0      44   
g83624/Y                       INVx1_ASAP7_75t_L             5   2.5   20   +14      58 F 
g83427/B                                                                     +0      58   
g83427/Y                       NOR2xp33_ASAP7_75t_L         17   9.0  193   +92     150 R 
g83302/A                                                                     +0     150   
g83302/Y                       INVx1_ASAP7_75t_L            18  10.3  100   +68     218 F 
g83239/A                                                                     +0     218   
g83239/Y                       NAND2xp5_ASAP7_75t_L          2   1.1   42   +29     247 R 
g83010/B                                                                     +0     247   
g83010/Y                       OR2x2_ASAP7_75t_L           137  76.2  288  +147     394 R 
g82967/A                                                                     +0     394   
g82967/Y                       INVx1_ASAP7_75t_L             7   6.6   95   +58     452 F 
g82925/A                                                                     +0     452   
g82925/Y                       INVx5_ASAP7_75t_L           357 182.0  286  +153     604 R 
g81719/C1                                                                    +0     604   
g81719/Y                       AOI222xp33_ASAP7_75t_L        1   0.6   80   +48     652 F 
lut_out_flat_reg[966]/D   <<<  DFFASRHQNx1_ASAP7_75t_L                       +0     652   
lut_out_flat_reg[966]/CLK      setup                                    0   +14     666 R 
- - - - - - - - - - - - - - - - - - - - - - - - - - - - - - - - - - - - - - - - - - - - - 
(clock clk)                    capture                                             2000 R 
------------------------------------------------------------------------------------------
Cost Group   : 'clk' (path_group 'clk')
Timing slack :    1334ps 
Start-point  : state_reg[0]/CLK
End-point    : lut_out_flat_reg[966]/D

