
==========================================================================
floorplan final report_tns
--------------------------------------------------------------------------
tns max -62331.20

==========================================================================
floorplan final report_wns
--------------------------------------------------------------------------
wns max -211.06

==========================================================================
floorplan final report_worst_slack
--------------------------------------------------------------------------
worst slack max -211.06

==========================================================================
floorplan final report_clock_min_period
--------------------------------------------------------------------------
clk period_min = 216.06 fmax = 4628.38

==========================================================================
floorplan final report_checks -path_delay min
--------------------------------------------------------------------------
Startpoint: start (input port clocked by clk)
Endpoint: state[0]$_DFF_PN1_ (rising edge-triggered flip-flop clocked by clk)
Path Group: clk
Path Type: min

Fanout     Cap    Slew   Delay    Time   Description
-----------------------------------------------------------------------------
                  0.00    0.00    0.00   clock clk (rise edge)
                          0.00    0.00   clock network delay (ideal)
                          0.50    0.50 ^ input external delay
     2    1.32    0.00    0.00    0.50 ^ start (in)
                                         start (net)
                  0.00    0.00    0.50 ^ _1858_/A1 (OAI21x1_ASAP7_75t_R)
     1    0.55    5.33    4.68    5.18 v _1858_/Y (OAI21x1_ASAP7_75t_R)
                                         _0357_ (net)
                  5.33    0.00    5.18 v state[0]$_DFF_PN1_/D (DFFASRHQNx1_ASAP7_75t_R)
                                  5.18   data arrival time

                  0.00    0.00    0.00   clock clk (rise edge)
                          0.00    0.00   clock network delay (ideal)
                          0.00    0.00   clock reconvergence pessimism
                                  0.00 ^ state[0]$_DFF_PN1_/CLK (DFFASRHQNx1_ASAP7_75t_R)
                          9.37    9.37   library hold time
                                  9.37   data required time
-----------------------------------------------------------------------------
                                  9.37   data required time
                                 -5.18   data arrival time
-----------------------------------------------------------------------------
                                 -4.20   slack (VIOLATED)



==========================================================================
floorplan final report_checks -path_delay max
--------------------------------------------------------------------------
Startpoint: w2_x2[3][1]$_DFFE_PN0P_
            (rising edge-triggered flip-flop clocked by clk)
Endpoint: lut_out[399]$_DFFE_PN0N_
          (rising edge-triggered flip-flop clocked by clk)
Path Group: clk
Path Type: max

Fanout     Cap    Slew   Delay    Time   Description
-----------------------------------------------------------------------------
                  0.00    0.00    0.00   clock clk (rise edge)
                          0.00    0.00   clock network delay (ideal)
                  0.00    0.00    0.00 ^ w2_x2[3][1]$_DFFE_PN0P_/CLK (DFFASRHQNx1_ASAP7_75t_R)
     1    1.33   17.69   38.43   38.43 ^ w2_x2[3][1]$_DFFE_PN0P_/QN (DFFASRHQNx1_ASAP7_75t_R)
                                         _0197_ (net)
                 17.69    0.00   38.43 ^ _1231_/A (BUFx6f_ASAP7_75t_R)
     6   10.38   13.97   18.75   57.18 ^ _1231_/Y (BUFx6f_ASAP7_75t_R)
                                         _0986_ (net)
                 13.97    0.00   57.18 ^ _1232_/A (INVx8_ASAP7_75t_R)
    10   16.03   14.08   10.49   67.67 v _1232_/Y (INVx8_ASAP7_75t_R)
                                         w2_x2[11][1] (net)
                 14.08    0.00   67.67 v _1931_/A (HAxp5_ASAP7_75t_R)
     1    1.32   22.15   15.14   82.81 ^ _1931_/CON (HAxp5_ASAP7_75t_R)
                                         _0266_ (net)
                 22.15    0.00   82.81 ^ _1679_/A (INVx2_ASAP7_75t_R)
     6   11.47   31.34   21.59  104.40 v _1679_/Y (INVx2_ASAP7_75t_R)
                                         _0203_ (net)
                 31.34    0.00  104.40 v _1903_/A (FAx1_ASAP7_75t_R)
     1    1.08   33.31   22.04  126.44 ^ _1903_/CON (FAx1_ASAP7_75t_R)
                                         _0204_ (net)
                 33.31    0.00  126.44 ^ _1388_/A (XNOR2x2_ASAP7_75t_R)
     2    2.03   11.01   26.78  153.22 ^ _1388_/Y (XNOR2x2_ASAP7_75t_R)
                                         _0624_ (net)
                 11.01    0.00  153.22 ^ _1420_/B (XNOR2x2_ASAP7_75t_R)
     1    1.08    8.04   25.31  178.53 v _1420_/Y (XNOR2x2_ASAP7_75t_R)
                                         _0645_ (net)
                  8.04    0.00  178.53 v _1421_/B (NAND2x1_ASAP7_75t_R)
     1    0.64   11.39    6.94  185.47 ^ _1421_/Y (NAND2x1_ASAP7_75t_R)
                                         _0646_ (net)
                 11.39    0.00  185.47 ^ _1422_/B (OA21x2_ASAP7_75t_R)
     1    0.62    6.38   15.94  201.41 ^ _1422_/Y (OA21x2_ASAP7_75t_R)
                                         _0411_ (net)
                  6.38    0.00  201.41 ^ lut_out[399]$_DFFE_PN0N_/D (DFFASRHQNx1_ASAP7_75t_R)
                                201.41   data arrival time

                  0.00    5.00    5.00   clock clk (rise edge)
                          0.00    5.00   clock network delay (ideal)
                          0.00    5.00   clock reconvergence pessimism
                                  5.00 ^ lut_out[399]$_DFFE_PN0N_/CLK (DFFASRHQNx1_ASAP7_75t_R)
                        -14.64   -9.64   library setup time
                                 -9.64   data required time
-----------------------------------------------------------------------------
                                 -9.64   data required time
                               -201.41   data arrival time
-----------------------------------------------------------------------------
                               -211.06   slack (VIOLATED)



==========================================================================
floorplan final report_checks -unconstrained
--------------------------------------------------------------------------
Startpoint: w2_x2[3][1]$_DFFE_PN0P_
            (rising edge-triggered flip-flop clocked by clk)
Endpoint: lut_out[399]$_DFFE_PN0N_
          (rising edge-triggered flip-flop clocked by clk)
Path Group: clk
Path Type: max

Fanout     Cap    Slew   Delay    Time   Description
-----------------------------------------------------------------------------
                  0.00    0.00    0.00   clock clk (rise edge)
                          0.00    0.00   clock network delay (ideal)
                  0.00    0.00    0.00 ^ w2_x2[3][1]$_DFFE_PN0P_/CLK (DFFASRHQNx1_ASAP7_75t_R)
     1    1.33   17.69   38.43   38.43 ^ w2_x2[3][1]$_DFFE_PN0P_/QN (DFFASRHQNx1_ASAP7_75t_R)
                                         _0197_ (net)
                 17.69    0.00   38.43 ^ _1231_/A (BUFx6f_ASAP7_75t_R)
     6   10.38   13.97   18.75   57.18 ^ _1231_/Y (BUFx6f_ASAP7_75t_R)
                                         _0986_ (net)
                 13.97    0.00   57.18 ^ _1232_/A (INVx8_ASAP7_75t_R)
    10   16.03   14.08   10.49   67.67 v _1232_/Y (INVx8_ASAP7_75t_R)
                                         w2_x2[11][1] (net)
                 14.08    0.00   67.67 v _1931_/A (HAxp5_ASAP7_75t_R)
     1    1.32   22.15   15.14   82.81 ^ _1931_/CON (HAxp5_ASAP7_75t_R)
                                         _0266_ (net)
                 22.15    0.00   82.81 ^ _1679_/A (INVx2_ASAP7_75t_R)
     6   11.47   31.34   21.59  104.40 v _1679_/Y (INVx2_ASAP7_75t_R)
                                         _0203_ (net)
                 31.34    0.00  104.40 v _1903_/A (FAx1_ASAP7_75t_R)
     1    1.08   33.31   22.04  126.44 ^ _1903_/CON (FAx1_ASAP7_75t_R)
                                         _0204_ (net)
                 33.31    0.00  126.44 ^ _1388_/A (XNOR2x2_ASAP7_75t_R)
     2    2.03   11.01   26.78  153.22 ^ _1388_/Y (XNOR2x2_ASAP7_75t_R)
                                         _0624_ (net)
                 11.01    0.00  153.22 ^ _1420_/B (XNOR2x2_ASAP7_75t_R)
     1    1.08    8.04   25.31  178.53 v _1420_/Y (XNOR2x2_ASAP7_75t_R)
                                         _0645_ (net)
                  8.04    0.00  178.53 v _1421_/B (NAND2x1_ASAP7_75t_R)
     1    0.64   11.39    6.94  185.47 ^ _1421_/Y (NAND2x1_ASAP7_75t_R)
                                         _0646_ (net)
                 11.39    0.00  185.47 ^ _1422_/B (OA21x2_ASAP7_75t_R)
     1    0.62    6.38   15.94  201.41 ^ _1422_/Y (OA21x2_ASAP7_75t_R)
                                         _0411_ (net)
                  6.38    0.00  201.41 ^ lut_out[399]$_DFFE_PN0N_/D (DFFASRHQNx1_ASAP7_75t_R)
                                201.41   data arrival time

                  0.00    5.00    5.00   clock clk (rise edge)
                          0.00    5.00   clock network delay (ideal)
                          0.00    5.00   clock reconvergence pessimism
                                  5.00 ^ lut_out[399]$_DFFE_PN0N_/CLK (DFFASRHQNx1_ASAP7_75t_R)
                        -14.64   -9.64   library setup time
                                 -9.64   data required time
-----------------------------------------------------------------------------
                                 -9.64   data required time
                               -201.41   data arrival time
-----------------------------------------------------------------------------
                               -211.06   slack (VIOLATED)



==========================================================================
floorplan final report_power
--------------------------------------------------------------------------
Group                  Internal  Switching    Leakage      Total
                          Power      Power      Power      Power (Watts)
----------------------------------------------------------------
Sequential             7.20e-02   3.58e-03   2.42e-08   7.56e-02  39.6%
Combinational          7.39e-02   4.14e-02   1.07e-07   1.15e-01  60.4%
Clock                  0.00e+00   0.00e+00   0.00e+00   0.00e+00   0.0%
Macro                  0.00e+00   0.00e+00   0.00e+00   0.00e+00   0.0%
Pad                    0.00e+00   0.00e+00   0.00e+00   0.00e+00   0.0%
----------------------------------------------------------------
Total                  1.46e-01   4.50e-02   1.31e-07   1.91e-01 100.0%
                          76.4%      23.6%       0.0%
