
==========================================================================
detailed place report_tns
--------------------------------------------------------------------------
tns max -70198.66

==========================================================================
detailed place report_wns
--------------------------------------------------------------------------
wns max -210.52

==========================================================================
detailed place report_worst_slack
--------------------------------------------------------------------------
worst slack max -210.52

==========================================================================
detailed place report_clock_min_period
--------------------------------------------------------------------------
clk period_min = 215.52 fmax = 4639.99

==========================================================================
detailed place report_checks -path_delay min
--------------------------------------------------------------------------
Startpoint: start (input port clocked by clk)
Endpoint: state[0]$_DFF_PN1_ (rising edge-triggered flip-flop clocked by clk)
Path Group: clk
Path Type: min

Fanout     Cap    Slew   Delay    Time   Description
-----------------------------------------------------------------------------
                  0.00    0.00    0.00   clock clk (rise edge)
                          0.00    0.00   clock network delay (ideal)
                          0.50    0.50 ^ input external delay
     1    0.63    0.00    0.00    0.50 ^ start (in)
                                         start (net)
                  0.07    0.02    0.52 ^ input244/A (BUFx2_ASAP7_75t_R)
     2    2.55   10.99   12.95   13.47 ^ input244/Y (BUFx2_ASAP7_75t_R)
                                         net243 (net)
                 11.04    0.41   13.88 ^ _1858_/A1 (OAI21x1_ASAP7_75t_R)
     1    0.71    7.37    6.58   20.45 v _1858_/Y (OAI21x1_ASAP7_75t_R)
                                         _0357_ (net)
                  7.37    0.03   20.49 v state[0]$_DFF_PN1_/D (DFFASRHQNx1_ASAP7_75t_R)
                                 20.49   data arrival time

                  0.00    0.00    0.00   clock clk (rise edge)
                          0.00    0.00   clock network delay (ideal)
                          0.00    0.00   clock reconvergence pessimism
                                  0.00 ^ state[0]$_DFF_PN1_/CLK (DFFASRHQNx1_ASAP7_75t_R)
                          9.14    9.14   library hold time
                                  9.14   data required time
-----------------------------------------------------------------------------
                                  9.14   data required time
                                -20.49   data arrival time
-----------------------------------------------------------------------------
                                 11.34   slack (MET)



==========================================================================
detailed place report_checks -path_delay max
--------------------------------------------------------------------------
Startpoint: w2_x2[3][1]$_DFFE_PN0P_
            (rising edge-triggered flip-flop clocked by clk)
Endpoint: lut_out[143]$_DFFE_PN0N_
          (rising edge-triggered flip-flop clocked by clk)
Path Group: clk
Path Type: max

Fanout     Cap    Slew   Delay    Time   Description
-----------------------------------------------------------------------------
                  0.00    0.00    0.00   clock clk (rise edge)
                          0.00    0.00   clock network delay (ideal)
                  0.00    0.00    0.00 ^ w2_x2[3][1]$_DFFE_PN0P_/CLK (DFFASRHQNx1_ASAP7_75t_R)
     2    5.92   45.47   54.83   54.83 ^ w2_x2[3][1]$_DFFE_PN0P_/QN (DFFASRHQNx1_ASAP7_75t_R)
                                         _0197_ (net)
                 45.48    0.19   55.03 ^ _1232_/A (INVx8_ASAP7_75t_R)
     2    2.54    9.66    7.26   62.28 v _1232_/Y (INVx8_ASAP7_75t_R)
                                         w2_x2[11][1] (net)
                  9.66    0.08   62.37 v _1931_/A (HAxp5_ASAP7_75t_R)
     1    1.37   21.26   13.81   76.17 ^ _1931_/CON (HAxp5_ASAP7_75t_R)
                                         _0266_ (net)
                 21.26    0.05   76.22 ^ _1679_/A (INVx2_ASAP7_75t_R)
     6   13.37   38.09   22.98   99.20 v _1679_/Y (INVx2_ASAP7_75t_R)
                                         _0203_ (net)
                 38.27    1.53  100.73 v _1916_/A (FAx1_ASAP7_75t_R)
     1    1.21   32.92   24.22  124.94 ^ _1916_/CON (FAx1_ASAP7_75t_R)
                                         _0235_ (net)
                 32.92    0.05  125.00 ^ _1691_/A (XNOR2x2_ASAP7_75t_R)
     2    2.12   11.23   26.83  151.83 ^ _1691_/Y (XNOR2x2_ASAP7_75t_R)
                                         _0834_ (net)
                 11.23    0.06  151.90 ^ _1716_/B (XNOR2x2_ASAP7_75t_R)
     1    1.15    7.75   25.46  177.36 v _1716_/Y (XNOR2x2_ASAP7_75t_R)
                                         _0851_ (net)
                  7.75    0.04  177.40 v _1717_/B (NAND2x1_ASAP7_75t_R)
     1    0.68   11.60    6.97  184.37 ^ _1717_/Y (NAND2x1_ASAP7_75t_R)
                                         _0852_ (net)
                 11.60    0.02  184.39 ^ _1718_/B (OA21x2_ASAP7_75t_R)
     1    0.85    7.11   16.37  200.76 ^ _1718_/Y (OA21x2_ASAP7_75t_R)
                                         _0495_ (net)
                  7.11    0.05  200.81 ^ lut_out[143]$_DFFE_PN0N_/D (DFFASRHQNx1_ASAP7_75t_R)
                                200.81   data arrival time

                  0.00    5.00    5.00   clock clk (rise edge)
                          0.00    5.00   clock network delay (ideal)
                          0.00    5.00   clock reconvergence pessimism
                                  5.00 ^ lut_out[143]$_DFFE_PN0N_/CLK (DFFASRHQNx1_ASAP7_75t_R)
                        -14.71   -9.71   library setup time
                                 -9.71   data required time
-----------------------------------------------------------------------------
                                 -9.71   data required time
                               -200.81   data arrival time
-----------------------------------------------------------------------------
                               -210.52   slack (VIOLATED)



==========================================================================
detailed place report_checks -unconstrained
--------------------------------------------------------------------------
Startpoint: w2_x2[3][1]$_DFFE_PN0P_
            (rising edge-triggered flip-flop clocked by clk)
Endpoint: lut_out[143]$_DFFE_PN0N_
          (rising edge-triggered flip-flop clocked by clk)
Path Group: clk
Path Type: max

Fanout     Cap    Slew   Delay    Time   Description
-----------------------------------------------------------------------------
                  0.00    0.00    0.00   clock clk (rise edge)
                          0.00    0.00   clock network delay (ideal)
                  0.00    0.00    0.00 ^ w2_x2[3][1]$_DFFE_PN0P_/CLK (DFFASRHQNx1_ASAP7_75t_R)
     2    5.92   45.47   54.83   54.83 ^ w2_x2[3][1]$_DFFE_PN0P_/QN (DFFASRHQNx1_ASAP7_75t_R)
                                         _0197_ (net)
                 45.48    0.19   55.03 ^ _1232_/A (INVx8_ASAP7_75t_R)
     2    2.54    9.66    7.26   62.28 v _1232_/Y (INVx8_ASAP7_75t_R)
                                         w2_x2[11][1] (net)
                  9.66    0.08   62.37 v _1931_/A (HAxp5_ASAP7_75t_R)
     1    1.37   21.26   13.81   76.17 ^ _1931_/CON (HAxp5_ASAP7_75t_R)
                                         _0266_ (net)
                 21.26    0.05   76.22 ^ _1679_/A (INVx2_ASAP7_75t_R)
     6   13.37   38.09   22.98   99.20 v _1679_/Y (INVx2_ASAP7_75t_R)
                                         _0203_ (net)
                 38.27    1.53  100.73 v _1916_/A (FAx1_ASAP7_75t_R)
     1    1.21   32.92   24.22  124.94 ^ _1916_/CON (FAx1_ASAP7_75t_R)
                                         _0235_ (net)
                 32.92    0.05  125.00 ^ _1691_/A (XNOR2x2_ASAP7_75t_R)
     2    2.12   11.23   26.83  151.83 ^ _1691_/Y (XNOR2x2_ASAP7_75t_R)
                                         _0834_ (net)
                 11.23    0.06  151.90 ^ _1716_/B (XNOR2x2_ASAP7_75t_R)
     1    1.15    7.75   25.46  177.36 v _1716_/Y (XNOR2x2_ASAP7_75t_R)
                                         _0851_ (net)
                  7.75    0.04  177.40 v _1717_/B (NAND2x1_ASAP7_75t_R)
     1    0.68   11.60    6.97  184.37 ^ _1717_/Y (NAND2x1_ASAP7_75t_R)
                                         _0852_ (net)
                 11.60    0.02  184.39 ^ _1718_/B (OA21x2_ASAP7_75t_R)
     1    0.85    7.11   16.37  200.76 ^ _1718_/Y (OA21x2_ASAP7_75t_R)
                                         _0495_ (net)
                  7.11    0.05  200.81 ^ lut_out[143]$_DFFE_PN0N_/D (DFFASRHQNx1_ASAP7_75t_R)
                                200.81   data arrival time

                  0.00    5.00    5.00   clock clk (rise edge)
                          0.00    5.00   clock network delay (ideal)
                          0.00    5.00   clock reconvergence pessimism
                                  5.00 ^ lut_out[143]$_DFFE_PN0N_/CLK (DFFASRHQNx1_ASAP7_75t_R)
                        -14.71   -9.71   library setup time
                                 -9.71   data required time
-----------------------------------------------------------------------------
                                 -9.71   data required time
                               -200.81   data arrival time
-----------------------------------------------------------------------------
                               -210.52   slack (VIOLATED)



==========================================================================
detailed place report_check_types -max_slew -max_cap -max_fanout -violators
--------------------------------------------------------------------------

==========================================================================
detailed place max_slew_check_slack
--------------------------------------------------------------------------
203.6144561767578

==========================================================================
detailed place max_slew_check_limit
--------------------------------------------------------------------------
320.0

==========================================================================
detailed place max_slew_check_slack_limit
--------------------------------------------------------------------------
0.6363

==========================================================================
detailed place max_fanout_check_slack
--------------------------------------------------------------------------
1.0000000150474662e+30

==========================================================================
detailed place max_fanout_check_limit
--------------------------------------------------------------------------
1.0000000150474662e+30

==========================================================================
detailed place max_capacitance_check_slack
--------------------------------------------------------------------------
19.577693939208984

==========================================================================
detailed place max_capacitance_check_limit
--------------------------------------------------------------------------
23.040000915527344

==========================================================================
detailed place max_capacitance_check_slack_limit
--------------------------------------------------------------------------
0.8497

==========================================================================
detailed place max_slew_violation_count
--------------------------------------------------------------------------
max slew violation count 0

==========================================================================
detailed place max_fanout_violation_count
--------------------------------------------------------------------------
max fanout violation count 0

==========================================================================
detailed place max_cap_violation_count
--------------------------------------------------------------------------
max cap violation count 0

==========================================================================
detailed place setup_violation_count
--------------------------------------------------------------------------
setup violation count 670

==========================================================================
detailed place hold_violation_count
--------------------------------------------------------------------------
hold violation count 0

==========================================================================
detailed place report_checks -path_delay max reg to reg
--------------------------------------------------------------------------
Startpoint: w2_x2[3][1]$_DFFE_PN0P_
            (rising edge-triggered flip-flop clocked by clk)
Endpoint: lut_out[143]$_DFFE_PN0N_
          (rising edge-triggered flip-flop clocked by clk)
Path Group: clk
Path Type: max

  Delay    Time   Description
---------------------------------------------------------
   0.00    0.00   clock clk (rise edge)
   0.00    0.00   clock network delay (ideal)
   0.00    0.00 ^ w2_x2[3][1]$_DFFE_PN0P_/CLK (DFFASRHQNx1_ASAP7_75t_R)
  54.83   54.83 ^ w2_x2[3][1]$_DFFE_PN0P_/QN (DFFASRHQNx1_ASAP7_75t_R)
   7.45   62.28 v _1232_/Y (INVx8_ASAP7_75t_R)
  13.89   76.17 ^ _1931_/CON (HAxp5_ASAP7_75t_R)
  23.02   99.20 v _1679_/Y (INVx2_ASAP7_75t_R)
  25.74  124.94 ^ _1916_/CON (FAx1_ASAP7_75t_R)
  26.89  151.83 ^ _1691_/Y (XNOR2x2_ASAP7_75t_R)
  25.53  177.36 v _1716_/Y (XNOR2x2_ASAP7_75t_R)
   7.01  184.37 ^ _1717_/Y (NAND2x1_ASAP7_75t_R)
  16.39  200.76 ^ _1718_/Y (OA21x2_ASAP7_75t_R)
   0.05  200.81 ^ lut_out[143]$_DFFE_PN0N_/D (DFFASRHQNx1_ASAP7_75t_R)
         200.81   data arrival time

   5.00    5.00   clock clk (rise edge)
   0.00    5.00   clock network delay (ideal)
   0.00    5.00   clock reconvergence pessimism
           5.00 ^ lut_out[143]$_DFFE_PN0N_/CLK (DFFASRHQNx1_ASAP7_75t_R)
 -14.71   -9.71   library setup time
          -9.71   data required time
---------------------------------------------------------
          -9.71   data required time
        -200.81   data arrival time
---------------------------------------------------------
        -210.52   slack (VIOLATED)



==========================================================================
detailed place report_checks -path_delay min reg to reg
--------------------------------------------------------------------------
Startpoint: state[3]$_DFF_PN0_ (rising edge-triggered flip-flop clocked by clk)
Endpoint: state[0]$_DFF_PN1_ (rising edge-triggered flip-flop clocked by clk)
Path Group: clk
Path Type: min

  Delay    Time   Description
---------------------------------------------------------
   0.00    0.00   clock clk (rise edge)
   0.00    0.00   clock network delay (ideal)
   0.00    0.00 ^ state[3]$_DFF_PN0_/CLK (DFFASRHQNx1_ASAP7_75t_R)
  40.50   40.50 ^ state[3]$_DFF_PN0_/QN (DFFASRHQNx1_ASAP7_75t_R)
   7.31   47.81 v _1858_/Y (OAI21x1_ASAP7_75t_R)
   0.03   47.85 v state[0]$_DFF_PN1_/D (DFFASRHQNx1_ASAP7_75t_R)
          47.85   data arrival time

   0.00    0.00   clock clk (rise edge)
   0.00    0.00   clock network delay (ideal)
   0.00    0.00   clock reconvergence pessimism
           0.00 ^ state[0]$_DFF_PN1_/CLK (DFFASRHQNx1_ASAP7_75t_R)
   9.14    9.14   library hold time
           9.14   data required time
---------------------------------------------------------
           9.14   data required time
         -47.85   data arrival time
---------------------------------------------------------
          38.70   slack (MET)



==========================================================================
detailed place critical path target clock latency max path
--------------------------------------------------------------------------
0.0000

==========================================================================
detailed place critical path target clock latency min path
--------------------------------------------------------------------------
0.0000

==========================================================================
detailed place critical path source clock latency min path
--------------------------------------------------------------------------
0.0000

==========================================================================
detailed place critical path delay
--------------------------------------------------------------------------
200.8105

==========================================================================
detailed place critical path slack
--------------------------------------------------------------------------
-210.5179

==========================================================================
detailed place slack div critical path delay
--------------------------------------------------------------------------
-104.834110

==========================================================================
detailed place report_power
--------------------------------------------------------------------------
Group                  Internal  Switching    Leakage      Total
                          Power      Power      Power      Power (Watts)
----------------------------------------------------------------
Sequential             7.04e-02   4.13e-03   2.42e-08   7.45e-02  35.7%
Combinational          8.38e-02   5.01e-02   1.23e-07   1.34e-01  64.3%
Clock                  0.00e+00   0.00e+00   0.00e+00   0.00e+00   0.0%
Macro                  0.00e+00   0.00e+00   0.00e+00   0.00e+00   0.0%
Pad                    0.00e+00   0.00e+00   0.00e+00   0.00e+00   0.0%
----------------------------------------------------------------
Total                  1.54e-01   5.43e-02   1.48e-07   2.08e-01 100.0%
                          74.0%      26.0%       0.0%
