
==========================================================================
global route report_tns
--------------------------------------------------------------------------
tns max -110135.98

==========================================================================
global route report_wns
--------------------------------------------------------------------------
wns max -216.88

==========================================================================
global route report_worst_slack
--------------------------------------------------------------------------
worst slack max -216.88

==========================================================================
global route report_clock_min_period
--------------------------------------------------------------------------
clk period_min = 221.88 fmax = 4506.94

==========================================================================
global route report_clock_skew
--------------------------------------------------------------------------
Clock clk
  73.02 source latency w2_x2[5][0]$_DFFE_PN0P_/CLK ^
 -66.19 target latency lut_out[235]$_DFFE_PN0N_/CLK ^
  -2.82 CRPR
--------------
   4.02 setup skew


==========================================================================
global route report_checks -path_delay min
--------------------------------------------------------------------------
Startpoint: start (input port clocked by clk)
Endpoint: state[0]$_DFF_PN1_ (rising edge-triggered flip-flop clocked by clk)
Path Group: clk
Path Type: min

Fanout     Cap    Slew   Delay    Time   Description
-----------------------------------------------------------------------------
                          0.00    0.00   clock clk (rise edge)
                          0.00    0.00   clock network delay (propagated)
                          0.50    0.50 ^ input external delay
     1    0.80    0.00    0.00    0.50 ^ start (in)
                                         start (net)
                  0.12    0.04    0.54 ^ input244/A (BUFx2_ASAP7_75t_R)
     2    2.77   11.66   13.28   13.82 ^ input244/Y (BUFx2_ASAP7_75t_R)
                                         net243 (net)
                 11.74    0.51   14.32 ^ _1858_/A1 (OAI21x1_ASAP7_75t_R)
     1    0.82    7.94    6.92   21.24 v _1858_/Y (OAI21x1_ASAP7_75t_R)
                                         _0357_ (net)
                  7.94    0.08   21.32 v state[0]$_DFF_PN1_/D (DFFASRHQNx1_ASAP7_75t_R)
                                 21.32   data arrival time

                          0.00    0.00   clock clk (rise edge)
                          0.00    0.00   clock source latency
     1    3.99    0.00    0.00    0.00 ^ clk (in)
                                         clk (net)
                  1.67    0.53    0.53 ^ clkbuf_0_clk/A (BUFx4_ASAP7_75t_R)
    16   34.38   61.62   36.93   37.46 ^ clkbuf_0_clk/Y (BUFx4_ASAP7_75t_R)
                                         clknet_0_clk (net)
                 62.74    4.67   42.13 ^ clkbuf_4_3_0_clk/A (BUFx10_ASAP7_75t_R)
    12   11.07   14.51   29.34   71.47 ^ clkbuf_4_3_0_clk/Y (BUFx10_ASAP7_75t_R)
                                         clknet_4_3_0_clk (net)
                 14.95    1.37   72.84 ^ state[0]$_DFF_PN1_/CLK (DFFASRHQNx1_ASAP7_75t_R)
                          0.00   72.84   clock reconvergence pessimism
                         12.79   85.63   library hold time
                                 85.63   data required time
-----------------------------------------------------------------------------
                                 85.63   data required time
                                -21.32   data arrival time
-----------------------------------------------------------------------------
                                -64.30   slack (VIOLATED)



==========================================================================
global route report_checks -path_delay max
--------------------------------------------------------------------------
Startpoint: w2_x2[5][0]$_DFFE_PN0P_
            (rising edge-triggered flip-flop clocked by clk)
Endpoint: lut_out[123]$_DFFE_PN0N_
          (rising edge-triggered flip-flop clocked by clk)
Path Group: clk
Path Type: max

Fanout     Cap    Slew   Delay    Time   Description
-----------------------------------------------------------------------------
                          0.00    0.00   clock clk (rise edge)
                          0.00    0.00   clock source latency
     1    3.99    0.00    0.00    0.00 ^ clk (in)
                                         clk (net)
                  1.67    0.53    0.53 ^ clkbuf_0_clk/A (BUFx4_ASAP7_75t_R)
    16   34.38   61.62   36.93   37.46 ^ clkbuf_0_clk/Y (BUFx4_ASAP7_75t_R)
                                         clknet_0_clk (net)
                 62.74    4.67   42.13 ^ clkbuf_4_3_0_clk/A (BUFx10_ASAP7_75t_R)
    12   11.07   14.51   29.34   71.47 ^ clkbuf_4_3_0_clk/Y (BUFx10_ASAP7_75t_R)
                                         clknet_4_3_0_clk (net)
                 15.09    1.55   73.02 ^ w2_x2[5][0]$_DFFE_PN0P_/CLK (DFFASRHQNx1_ASAP7_75t_R)
     2    4.81   38.42   55.88  128.91 v w2_x2[5][0]$_DFFE_PN0P_/QN (DFFASRHQNx1_ASAP7_75t_R)
                                         _0004_ (net)
                 38.44    0.49  129.40 v _1037_/A (INVx6_ASAP7_75t_R)
     5    5.93   15.68   12.29  141.69 ^ _1037_/Y (INVx6_ASAP7_75t_R)
                                         w2_x2[0][3] (net)
                 15.78    0.69  142.38 ^ _1958_/B (HAxp5_ASAP7_75t_R)
     1    1.71   25.33   16.15  158.53 v _1958_/CON (HAxp5_ASAP7_75t_R)
                                         _0318_ (net)
                 25.33    0.21  158.74 v _1785_/A (INVx2_ASAP7_75t_R)
     4    9.80   35.37   22.22  180.96 ^ _1785_/Y (INVx2_ASAP7_75t_R)
                                         _0000_ (net)
                 35.54    1.40  182.36 ^ _1912_/CI (FAx1_ASAP7_75t_R)
     1    1.13   26.52   20.61  202.97 v _1912_/CON (FAx1_ASAP7_75t_R)
                                         _0227_ (net)
                 26.52    0.07  203.04 v _1741_/B (XNOR2x2_ASAP7_75t_R)
     2    2.60   12.87   27.24  230.28 ^ _1741_/Y (XNOR2x2_ASAP7_75t_R)
                                         _0869_ (net)
                 12.90    0.33  230.60 ^ _1742_/B (XNOR2x2_ASAP7_75t_R)
     1    1.39    8.65   26.17  256.78 v _1742_/Y (XNOR2x2_ASAP7_75t_R)
                                         _0870_ (net)
                  8.67    0.16  256.93 v _1743_/B (NAND2x1_ASAP7_75t_R)
     1    0.77   10.12    7.51  264.44 ^ _1743_/Y (NAND2x1_ASAP7_75t_R)
                                         _0871_ (net)
                 10.12    0.04  264.48 ^ _1744_/B (OA21x2_ASAP7_75t_R)
     1    0.78    6.78   15.97  280.45 ^ _1744_/Y (OA21x2_ASAP7_75t_R)
                                         _0502_ (net)
                  6.78    0.07  280.52 ^ lut_out[123]$_DFFE_PN0N_/D (DFFASRHQNx1_ASAP7_75t_R)
                                280.52   data arrival time

                          5.00    5.00   clock clk (rise edge)
                          0.00    5.00   clock source latency
     1    3.85    0.00    0.00    5.00 ^ clk (in)
                                         clk (net)
                  1.56    0.49    5.49 ^ clkbuf_0_clk/A (BUFx4_ASAP7_75t_R)
    16   29.62   53.58   34.15   39.64 ^ clkbuf_0_clk/Y (BUFx4_ASAP7_75t_R)
                                         clknet_0_clk (net)
                 54.79    4.47   44.11 ^ clkbuf_4_2_0_clk/A (BUFx10_ASAP7_75t_R)
    15    8.81   12.43   27.49   71.60 ^ clkbuf_4_2_0_clk/Y (BUFx10_ASAP7_75t_R)
                                         clknet_4_2_0_clk (net)
                 12.56    0.67   72.27 ^ lut_out[123]$_DFFE_PN0N_/CLK (DFFASRHQNx1_ASAP7_75t_R)
                          2.82   75.09   clock reconvergence pessimism
                        -11.45   63.64   library setup time
                                 63.64   data required time
-----------------------------------------------------------------------------
                                 63.64   data required time
                               -280.52   data arrival time
-----------------------------------------------------------------------------
                               -216.88   slack (VIOLATED)



==========================================================================
global route report_checks -unconstrained
--------------------------------------------------------------------------
Startpoint: w2_x2[5][0]$_DFFE_PN0P_
            (rising edge-triggered flip-flop clocked by clk)
Endpoint: lut_out[123]$_DFFE_PN0N_
          (rising edge-triggered flip-flop clocked by clk)
Path Group: clk
Path Type: max

Fanout     Cap    Slew   Delay    Time   Description
-----------------------------------------------------------------------------
                          0.00    0.00   clock clk (rise edge)
                          0.00    0.00   clock source latency
     1    3.99    0.00    0.00    0.00 ^ clk (in)
                                         clk (net)
                  1.67    0.53    0.53 ^ clkbuf_0_clk/A (BUFx4_ASAP7_75t_R)
    16   34.38   61.62   36.93   37.46 ^ clkbuf_0_clk/Y (BUFx4_ASAP7_75t_R)
                                         clknet_0_clk (net)
                 62.74    4.67   42.13 ^ clkbuf_4_3_0_clk/A (BUFx10_ASAP7_75t_R)
    12   11.07   14.51   29.34   71.47 ^ clkbuf_4_3_0_clk/Y (BUFx10_ASAP7_75t_R)
                                         clknet_4_3_0_clk (net)
                 15.09    1.55   73.02 ^ w2_x2[5][0]$_DFFE_PN0P_/CLK (DFFASRHQNx1_ASAP7_75t_R)
     2    4.81   38.42   55.88  128.91 v w2_x2[5][0]$_DFFE_PN0P_/QN (DFFASRHQNx1_ASAP7_75t_R)
                                         _0004_ (net)
                 38.44    0.49  129.40 v _1037_/A (INVx6_ASAP7_75t_R)
     5    5.93   15.68   12.29  141.69 ^ _1037_/Y (INVx6_ASAP7_75t_R)
                                         w2_x2[0][3] (net)
                 15.78    0.69  142.38 ^ _1958_/B (HAxp5_ASAP7_75t_R)
     1    1.71   25.33   16.15  158.53 v _1958_/CON (HAxp5_ASAP7_75t_R)
                                         _0318_ (net)
                 25.33    0.21  158.74 v _1785_/A (INVx2_ASAP7_75t_R)
     4    9.80   35.37   22.22  180.96 ^ _1785_/Y (INVx2_ASAP7_75t_R)
                                         _0000_ (net)
                 35.54    1.40  182.36 ^ _1912_/CI (FAx1_ASAP7_75t_R)
     1    1.13   26.52   20.61  202.97 v _1912_/CON (FAx1_ASAP7_75t_R)
                                         _0227_ (net)
                 26.52    0.07  203.04 v _1741_/B (XNOR2x2_ASAP7_75t_R)
     2    2.60   12.87   27.24  230.28 ^ _1741_/Y (XNOR2x2_ASAP7_75t_R)
                                         _0869_ (net)
                 12.90    0.33  230.60 ^ _1742_/B (XNOR2x2_ASAP7_75t_R)
     1    1.39    8.65   26.17  256.78 v _1742_/Y (XNOR2x2_ASAP7_75t_R)
                                         _0870_ (net)
                  8.67    0.16  256.93 v _1743_/B (NAND2x1_ASAP7_75t_R)
     1    0.77   10.12    7.51  264.44 ^ _1743_/Y (NAND2x1_ASAP7_75t_R)
                                         _0871_ (net)
                 10.12    0.04  264.48 ^ _1744_/B (OA21x2_ASAP7_75t_R)
     1    0.78    6.78   15.97  280.45 ^ _1744_/Y (OA21x2_ASAP7_75t_R)
                                         _0502_ (net)
                  6.78    0.07  280.52 ^ lut_out[123]$_DFFE_PN0N_/D (DFFASRHQNx1_ASAP7_75t_R)
                                280.52   data arrival time

                          5.00    5.00   clock clk (rise edge)
                          0.00    5.00   clock source latency
     1    3.85    0.00    0.00    5.00 ^ clk (in)
                                         clk (net)
                  1.56    0.49    5.49 ^ clkbuf_0_clk/A (BUFx4_ASAP7_75t_R)
    16   29.62   53.58   34.15   39.64 ^ clkbuf_0_clk/Y (BUFx4_ASAP7_75t_R)
                                         clknet_0_clk (net)
                 54.79    4.47   44.11 ^ clkbuf_4_2_0_clk/A (BUFx10_ASAP7_75t_R)
    15    8.81   12.43   27.49   71.60 ^ clkbuf_4_2_0_clk/Y (BUFx10_ASAP7_75t_R)
                                         clknet_4_2_0_clk (net)
                 12.56    0.67   72.27 ^ lut_out[123]$_DFFE_PN0N_/CLK (DFFASRHQNx1_ASAP7_75t_R)
                          2.82   75.09   clock reconvergence pessimism
                        -11.45   63.64   library setup time
                                 63.64   data required time
-----------------------------------------------------------------------------
                                 63.64   data required time
                               -280.52   data arrival time
-----------------------------------------------------------------------------
                               -216.88   slack (VIOLATED)



==========================================================================
global route report_check_types -max_slew -max_cap -max_fanout -violators
--------------------------------------------------------------------------

==========================================================================
global route max_slew_check_slack
--------------------------------------------------------------------------
186.7324676513672

==========================================================================
global route max_slew_check_limit
--------------------------------------------------------------------------
320.0

==========================================================================
global route max_slew_check_slack_limit
--------------------------------------------------------------------------
0.5835

==========================================================================
global route max_fanout_check_slack
--------------------------------------------------------------------------
1.0000000150474662e+30

==========================================================================
global route max_fanout_check_limit
--------------------------------------------------------------------------
1.0000000150474662e+30

==========================================================================
global route max_capacitance_check_slack
--------------------------------------------------------------------------
19.367828369140625

==========================================================================
global route max_capacitance_check_limit
--------------------------------------------------------------------------
23.040000915527344

==========================================================================
global route max_capacitance_check_slack_limit
--------------------------------------------------------------------------
0.8406

==========================================================================
global route max_slew_violation_count
--------------------------------------------------------------------------
max slew violation count 0

==========================================================================
global route max_fanout_violation_count
--------------------------------------------------------------------------
max fanout violation count 0

==========================================================================
global route max_cap_violation_count
--------------------------------------------------------------------------
max cap violation count 0

==========================================================================
global route setup_violation_count
--------------------------------------------------------------------------
setup violation count 670

==========================================================================
global route hold_violation_count
--------------------------------------------------------------------------
hold violation count 27

==========================================================================
global route report_checks -path_delay max reg to reg
--------------------------------------------------------------------------
Startpoint: w2_x2[5][0]$_DFFE_PN0P_
            (rising edge-triggered flip-flop clocked by clk)
Endpoint: lut_out[123]$_DFFE_PN0N_
          (rising edge-triggered flip-flop clocked by clk)
Path Group: clk
Path Type: max

  Delay    Time   Description
---------------------------------------------------------
   0.00    0.00   clock clk (rise edge)
   0.00    0.00   clock source latency
   0.00    0.00 ^ clk (in)
  37.46   37.46 ^ clkbuf_0_clk/Y (BUFx4_ASAP7_75t_R)
  34.01   71.47 ^ clkbuf_4_3_0_clk/Y (BUFx10_ASAP7_75t_R)
   1.55   73.02 ^ w2_x2[5][0]$_DFFE_PN0P_/CLK (DFFASRHQNx1_ASAP7_75t_R)
  55.88  128.91 v w2_x2[5][0]$_DFFE_PN0P_/QN (DFFASRHQNx1_ASAP7_75t_R)
  12.78  141.69 ^ _1037_/Y (INVx6_ASAP7_75t_R)
  16.84  158.53 v _1958_/CON (HAxp5_ASAP7_75t_R)
  22.43  180.96 ^ _1785_/Y (INVx2_ASAP7_75t_R)
  22.01  202.97 v _1912_/CON (FAx1_ASAP7_75t_R)
  27.31  230.28 ^ _1741_/Y (XNOR2x2_ASAP7_75t_R)
  26.50  256.78 v _1742_/Y (XNOR2x2_ASAP7_75t_R)
   7.67  264.44 ^ _1743_/Y (NAND2x1_ASAP7_75t_R)
  16.01  280.45 ^ _1744_/Y (OA21x2_ASAP7_75t_R)
   0.07  280.52 ^ lut_out[123]$_DFFE_PN0N_/D (DFFASRHQNx1_ASAP7_75t_R)
         280.52   data arrival time

   5.00    5.00   clock clk (rise edge)
   0.00    5.00   clock source latency
   0.00    5.00 ^ clk (in)
  34.64   39.64 ^ clkbuf_0_clk/Y (BUFx4_ASAP7_75t_R)
  31.96   71.60 ^ clkbuf_4_2_0_clk/Y (BUFx10_ASAP7_75t_R)
   0.67   72.27 ^ lut_out[123]$_DFFE_PN0N_/CLK (DFFASRHQNx1_ASAP7_75t_R)
   2.82   75.09   clock reconvergence pessimism
 -11.45   63.64   library setup time
          63.64   data required time
---------------------------------------------------------
          63.64   data required time
        -280.52   data arrival time
---------------------------------------------------------
        -216.88   slack (VIOLATED)



==========================================================================
global route report_checks -path_delay min reg to reg
--------------------------------------------------------------------------
Startpoint: state[3]$_DFF_PN0_ (rising edge-triggered flip-flop clocked by clk)
Endpoint: state[0]$_DFF_PN1_ (rising edge-triggered flip-flop clocked by clk)
Path Group: clk
Path Type: min

  Delay    Time   Description
---------------------------------------------------------
   0.00    0.00   clock clk (rise edge)
   0.00    0.00   clock source latency
   0.00    0.00 ^ clk (in)
  34.64   34.64 ^ clkbuf_0_clk/Y (BUFx4_ASAP7_75t_R)
  31.02   65.66 ^ clkbuf_4_1_0_clk/Y (BUFx10_ASAP7_75t_R)
   0.82   66.48 ^ state[3]$_DFF_PN0_/CLK (DFFASRHQNx1_ASAP7_75t_R)
  45.58  112.06 ^ state[3]$_DFF_PN0_/QN (DFFASRHQNx1_ASAP7_75t_R)
   7.94  120.00 v _1858_/Y (OAI21x1_ASAP7_75t_R)
   0.08  120.08 v state[0]$_DFF_PN1_/D (DFFASRHQNx1_ASAP7_75t_R)
         120.08   data arrival time

   0.00    0.00   clock clk (rise edge)
   0.00    0.00   clock source latency
   0.00    0.00 ^ clk (in)
  37.46   37.46 ^ clkbuf_0_clk/Y (BUFx4_ASAP7_75t_R)
  34.01   71.47 ^ clkbuf_4_3_0_clk/Y (BUFx10_ASAP7_75t_R)
   1.37   72.84 ^ state[0]$_DFF_PN1_/CLK (DFFASRHQNx1_ASAP7_75t_R)
  -2.82   70.02   clock reconvergence pessimism
  12.79   82.81   library hold time
          82.81   data required time
---------------------------------------------------------
          82.81   data required time
        -120.08   data arrival time
---------------------------------------------------------
          37.27   slack (MET)



==========================================================================
global route critical path target clock latency max path
--------------------------------------------------------------------------
67.1342

==========================================================================
global route critical path target clock latency min path
--------------------------------------------------------------------------
72.8402

==========================================================================
global route critical path source clock latency min path
--------------------------------------------------------------------------
0.0000

==========================================================================
global route critical path delay
--------------------------------------------------------------------------
280.5218

==========================================================================
global route critical path slack
--------------------------------------------------------------------------
-216.8802

==========================================================================
global route slack div critical path delay
--------------------------------------------------------------------------
-77.313136

==========================================================================
global route report_power
--------------------------------------------------------------------------
Group                  Internal  Switching    Leakage      Total
                          Power      Power      Power      Power (Watts)
----------------------------------------------------------------
Sequential             6.82e-02   4.52e-03   2.42e-08   7.27e-02  24.1%
Combinational          1.13e-01   6.64e-02   1.71e-07   1.79e-01  59.4%
Clock                  2.53e-02   2.42e-02   4.48e-09   4.95e-02  16.4%
Macro                  0.00e+00   0.00e+00   0.00e+00   0.00e+00   0.0%
Pad                    0.00e+00   0.00e+00   0.00e+00   0.00e+00   0.0%
----------------------------------------------------------------
Total                  2.06e-01   9.51e-02   2.00e-07   3.01e-01 100.0%
                          68.4%      31.6%       0.0%
