
==========================================================================
finish report_tns
--------------------------------------------------------------------------
tns max -105009.77

==========================================================================
finish report_wns
--------------------------------------------------------------------------
wns max -211.90

==========================================================================
finish report_worst_slack
--------------------------------------------------------------------------
worst slack max -211.90

==========================================================================
finish report_clock_min_period
--------------------------------------------------------------------------
clk period_min = 216.90 fmax = 4610.49

==========================================================================
finish report_clock_skew
--------------------------------------------------------------------------
Clock clk
  67.54 source latency w2_x2[5][2]$_DFFE_PN0P_/CLK ^
 -60.88 target latency lut_out[203]$_DFFE_PN0N_/CLK ^
  -2.84 CRPR
--------------
   3.83 setup skew


==========================================================================
finish report_checks -path_delay min
--------------------------------------------------------------------------
Startpoint: start (input port clocked by clk)
Endpoint: state[0]$_DFF_PN1_ (rising edge-triggered flip-flop clocked by clk)
Path Group: clk
Path Type: min

Fanout     Cap    Slew   Delay    Time   Description
-----------------------------------------------------------------------------
                          0.00    0.00   clock clk (rise edge)
                          0.00    0.00   clock network delay (propagated)
                          0.50    0.50 ^ input external delay
     1    0.56    0.00    0.00    0.50 ^ start (in)
                                         start (net)
                  0.09    0.03    0.53 ^ input244/A (BUFx2_ASAP7_75t_R)
     2    2.31   10.45   12.45   12.97 ^ input244/Y (BUFx2_ASAP7_75t_R)
                                         net243 (net)
                 10.59    0.66   13.64 ^ _1858_/A1 (OAI21x1_ASAP7_75t_R)
     1    0.65    7.11    6.40   20.04 v _1858_/Y (OAI21x1_ASAP7_75t_R)
                                         _0357_ (net)
                  7.11    0.06   20.10 v state[0]$_DFF_PN1_/D (DFFASRHQNx1_ASAP7_75t_R)
                                 20.10   data arrival time

                          0.00    0.00   clock clk (rise edge)
                          0.00    0.00   clock source latency
     1    2.78    0.00    0.00    0.00 ^ clk (in)
                                         clk (net)
                  1.33    0.42    0.42 ^ clkbuf_0_clk/A (BUFx4_ASAP7_75t_R)
    16   29.89   54.11   34.13   34.55 ^ clkbuf_0_clk/Y (BUFx4_ASAP7_75t_R)
                                         clknet_0_clk (net)
                 55.07    4.06   38.61 ^ clkbuf_4_3_0_clk/A (BUFx10_ASAP7_75t_R)
    12    9.33   12.84   27.73   66.34 ^ clkbuf_4_3_0_clk/Y (BUFx10_ASAP7_75t_R)
                                         clknet_4_3_0_clk (net)
                 13.00    0.78   67.11 ^ state[0]$_DFF_PN1_/CLK (DFFASRHQNx1_ASAP7_75t_R)
                          0.00   67.11   clock reconvergence pessimism
                         12.41   79.52   library hold time
                                 79.52   data required time
-----------------------------------------------------------------------------
                                 79.52   data required time
                                -20.10   data arrival time
-----------------------------------------------------------------------------
                                -59.42   slack (VIOLATED)



==========================================================================
finish report_checks -path_delay max
--------------------------------------------------------------------------
Startpoint: w2_x2[3][1]$_DFFE_PN0P_
            (rising edge-triggered flip-flop clocked by clk)
Endpoint: lut_out[175]$_DFFE_PN0N_
          (rising edge-triggered flip-flop clocked by clk)
Path Group: clk
Path Type: max

Fanout     Cap    Slew   Delay    Time   Description
-----------------------------------------------------------------------------
                          0.00    0.00   clock clk (rise edge)
                          0.00    0.00   clock source latency
     1    2.78    0.00    0.00    0.00 ^ clk (in)
                                         clk (net)
                  1.33    0.42    0.42 ^ clkbuf_0_clk/A (BUFx4_ASAP7_75t_R)
    16   29.89   54.11   34.13   34.55 ^ clkbuf_0_clk/Y (BUFx4_ASAP7_75t_R)
                                         clknet_0_clk (net)
                 54.88    3.67   38.22 ^ clkbuf_4_6_0_clk/A (BUFx10_ASAP7_75t_R)
    14    8.97   12.47   27.61   65.83 ^ clkbuf_4_6_0_clk/Y (BUFx10_ASAP7_75t_R)
                                         clknet_4_6_0_clk (net)
                 12.60    0.68   66.50 ^ w2_x2[3][1]$_DFFE_PN0P_/CLK (DFFASRHQNx1_ASAP7_75t_R)
     2    5.96   45.86   58.58  125.08 ^ w2_x2[3][1]$_DFFE_PN0P_/QN (DFFASRHQNx1_ASAP7_75t_R)
                                         _0197_ (net)
                 45.86    0.45  125.53 ^ _1232_/A (INVx8_ASAP7_75t_R)
     2    3.74   10.73    8.06  133.59 v _1232_/Y (INVx8_ASAP7_75t_R)
                                         w2_x2[11][1] (net)
                 10.74    0.20  133.79 v _1931_/A (HAxp5_ASAP7_75t_R)
     1    1.97   26.50   16.56  150.35 ^ _1931_/CON (HAxp5_ASAP7_75t_R)
                                         _0266_ (net)
                 26.50    0.07  150.43 ^ _1679_/A (INVx3_ASAP7_75t_R)
     6   14.41   31.11   19.69  170.12 v _1679_/Y (INVx3_ASAP7_75t_R)
                                         _0203_ (net)
                 31.50    1.96  172.08 v _1916_/A (FAx1_ASAP7_75t_R)
     1    1.13   31.16   22.36  194.44 ^ _1916_/CON (FAx1_ASAP7_75t_R)
                                         _0235_ (net)
                 31.16    0.07  194.51 ^ _1691_/A (XNOR2x2_ASAP7_75t_R)
     2    2.19   11.49   26.64  221.15 ^ _1691_/Y (XNOR2x2_ASAP7_75t_R)
                                         _0834_ (net)
                 11.50    0.17  221.32 ^ _1692_/B (XNOR2x2_ASAP7_75t_R)
     1    1.18    7.82   25.55  246.87 v _1692_/Y (XNOR2x2_ASAP7_75t_R)
                                         _0835_ (net)
                  7.82    0.09  246.97 v _1693_/B (NAND2x1_ASAP7_75t_R)
     1    0.67    9.74    6.97  253.94 ^ _1693_/Y (NAND2x1_ASAP7_75t_R)
                                         _0836_ (net)
                  9.74    0.05  253.99 ^ _1694_/B (OA21x2_ASAP7_75t_R)
     1    0.83    6.87   15.99  269.98 ^ _1694_/Y (OA21x2_ASAP7_75t_R)
                                         _0487_ (net)
                  6.87    0.09  270.07 ^ lut_out[175]$_DFFE_PN0N_/D (DFFASRHQNx1_ASAP7_75t_R)
                                270.07   data arrival time

                          5.00    5.00   clock clk (rise edge)
                          0.00    5.00   clock source latency
     1    2.64    0.00    0.00    5.00 ^ clk (in)
                                         clk (net)
                  1.22    0.39    5.39 ^ clkbuf_0_clk/A (BUFx4_ASAP7_75t_R)
    16   25.13   46.09   31.33   36.71 ^ clkbuf_0_clk/Y (BUFx4_ASAP7_75t_R)
                                         clknet_0_clk (net)
                 46.91    3.45   40.16 ^ clkbuf_4_4_0_clk/A (BUFx10_ASAP7_75t_R)
    15    8.20   11.62   26.11   66.27 ^ clkbuf_4_4_0_clk/Y (BUFx10_ASAP7_75t_R)
                                         clknet_4_4_0_clk (net)
                 11.78    0.72   66.99 ^ lut_out[175]$_DFFE_PN0N_/CLK (DFFASRHQNx1_ASAP7_75t_R)
                          2.84   69.82   clock reconvergence pessimism
                        -11.65   58.17   library setup time
                                 58.17   data required time
-----------------------------------------------------------------------------
                                 58.17   data required time
                               -270.07   data arrival time
-----------------------------------------------------------------------------
                               -211.90   slack (VIOLATED)



==========================================================================
finish report_checks -unconstrained
--------------------------------------------------------------------------
Startpoint: w2_x2[3][1]$_DFFE_PN0P_
            (rising edge-triggered flip-flop clocked by clk)
Endpoint: lut_out[175]$_DFFE_PN0N_
          (rising edge-triggered flip-flop clocked by clk)
Path Group: clk
Path Type: max

Fanout     Cap    Slew   Delay    Time   Description
-----------------------------------------------------------------------------
                          0.00    0.00   clock clk (rise edge)
                          0.00    0.00   clock source latency
     1    2.78    0.00    0.00    0.00 ^ clk (in)
                                         clk (net)
                  1.33    0.42    0.42 ^ clkbuf_0_clk/A (BUFx4_ASAP7_75t_R)
    16   29.89   54.11   34.13   34.55 ^ clkbuf_0_clk/Y (BUFx4_ASAP7_75t_R)
                                         clknet_0_clk (net)
                 54.88    3.67   38.22 ^ clkbuf_4_6_0_clk/A (BUFx10_ASAP7_75t_R)
    14    8.97   12.47   27.61   65.83 ^ clkbuf_4_6_0_clk/Y (BUFx10_ASAP7_75t_R)
                                         clknet_4_6_0_clk (net)
                 12.60    0.68   66.50 ^ w2_x2[3][1]$_DFFE_PN0P_/CLK (DFFASRHQNx1_ASAP7_75t_R)
     2    5.96   45.86   58.58  125.08 ^ w2_x2[3][1]$_DFFE_PN0P_/QN (DFFASRHQNx1_ASAP7_75t_R)
                                         _0197_ (net)
                 45.86    0.45  125.53 ^ _1232_/A (INVx8_ASAP7_75t_R)
     2    3.74   10.73    8.06  133.59 v _1232_/Y (INVx8_ASAP7_75t_R)
                                         w2_x2[11][1] (net)
                 10.74    0.20  133.79 v _1931_/A (HAxp5_ASAP7_75t_R)
     1    1.97   26.50   16.56  150.35 ^ _1931_/CON (HAxp5_ASAP7_75t_R)
                                         _0266_ (net)
                 26.50    0.07  150.43 ^ _1679_/A (INVx3_ASAP7_75t_R)
     6   14.41   31.11   19.69  170.12 v _1679_/Y (INVx3_ASAP7_75t_R)
                                         _0203_ (net)
                 31.50    1.96  172.08 v _1916_/A (FAx1_ASAP7_75t_R)
     1    1.13   31.16   22.36  194.44 ^ _1916_/CON (FAx1_ASAP7_75t_R)
                                         _0235_ (net)
                 31.16    0.07  194.51 ^ _1691_/A (XNOR2x2_ASAP7_75t_R)
     2    2.19   11.49   26.64  221.15 ^ _1691_/Y (XNOR2x2_ASAP7_75t_R)
                                         _0834_ (net)
                 11.50    0.17  221.32 ^ _1692_/B (XNOR2x2_ASAP7_75t_R)
     1    1.18    7.82   25.55  246.87 v _1692_/Y (XNOR2x2_ASAP7_75t_R)
                                         _0835_ (net)
                  7.82    0.09  246.97 v _1693_/B (NAND2x1_ASAP7_75t_R)
     1    0.67    9.74    6.97  253.94 ^ _1693_/Y (NAND2x1_ASAP7_75t_R)
                                         _0836_ (net)
                  9.74    0.05  253.99 ^ _1694_/B (OA21x2_ASAP7_75t_R)
     1    0.83    6.87   15.99  269.98 ^ _1694_/Y (OA21x2_ASAP7_75t_R)
                                         _0487_ (net)
                  6.87    0.09  270.07 ^ lut_out[175]$_DFFE_PN0N_/D (DFFASRHQNx1_ASAP7_75t_R)
                                270.07   data arrival time

                          5.00    5.00   clock clk (rise edge)
                          0.00    5.00   clock source latency
     1    2.64    0.00    0.00    5.00 ^ clk (in)
                                         clk (net)
                  1.22    0.39    5.39 ^ clkbuf_0_clk/A (BUFx4_ASAP7_75t_R)
    16   25.13   46.09   31.33   36.71 ^ clkbuf_0_clk/Y (BUFx4_ASAP7_75t_R)
                                         clknet_0_clk (net)
                 46.91    3.45   40.16 ^ clkbuf_4_4_0_clk/A (BUFx10_ASAP7_75t_R)
    15    8.20   11.62   26.11   66.27 ^ clkbuf_4_4_0_clk/Y (BUFx10_ASAP7_75t_R)
                                         clknet_4_4_0_clk (net)
                 11.78    0.72   66.99 ^ lut_out[175]$_DFFE_PN0N_/CLK (DFFASRHQNx1_ASAP7_75t_R)
                          2.84   69.82   clock reconvergence pessimism
                        -11.65   58.17   library setup time
                                 58.17   data required time
-----------------------------------------------------------------------------
                                 58.17   data required time
                               -270.07   data arrival time
-----------------------------------------------------------------------------
                               -211.90   slack (VIOLATED)



==========================================================================
finish report_check_types -max_slew -max_cap -max_fanout -violators
--------------------------------------------------------------------------

==========================================================================
finish max_slew_check_slack
--------------------------------------------------------------------------
190.3450927734375

==========================================================================
finish max_slew_check_limit
--------------------------------------------------------------------------
320.0

==========================================================================
finish max_slew_check_slack_limit
--------------------------------------------------------------------------
0.5948

==========================================================================
finish max_fanout_check_slack
--------------------------------------------------------------------------
1.0000000150474662e+30

==========================================================================
finish max_fanout_check_limit
--------------------------------------------------------------------------
1.0000000150474662e+30

==========================================================================
finish max_capacitance_check_slack
--------------------------------------------------------------------------
19.676162719726562

==========================================================================
finish max_capacitance_check_limit
--------------------------------------------------------------------------
23.040000915527344

==========================================================================
finish max_capacitance_check_slack_limit
--------------------------------------------------------------------------
0.8540

==========================================================================
finish max_slew_violation_count
--------------------------------------------------------------------------
max slew violation count 0

==========================================================================
finish max_fanout_violation_count
--------------------------------------------------------------------------
max fanout violation count 0

==========================================================================
finish max_cap_violation_count
--------------------------------------------------------------------------
max cap violation count 0

==========================================================================
finish setup_violation_count
--------------------------------------------------------------------------
setup violation count 670

==========================================================================
finish hold_violation_count
--------------------------------------------------------------------------
hold violation count 25

==========================================================================
finish report_checks -path_delay max reg to reg
--------------------------------------------------------------------------
Startpoint: w2_x2[3][1]$_DFFE_PN0P_
            (rising edge-triggered flip-flop clocked by clk)
Endpoint: lut_out[175]$_DFFE_PN0N_
          (rising edge-triggered flip-flop clocked by clk)
Path Group: clk
Path Type: max

  Delay    Time   Description
---------------------------------------------------------
   0.00    0.00   clock clk (rise edge)
   0.00    0.00   clock source latency
   0.00    0.00 ^ clk (in)
  34.55   34.55 ^ clkbuf_0_clk/Y (BUFx4_ASAP7_75t_R)
  31.28   65.83 ^ clkbuf_4_6_0_clk/Y (BUFx10_ASAP7_75t_R)
   0.68   66.50 ^ w2_x2[3][1]$_DFFE_PN0P_/CLK (DFFASRHQNx1_ASAP7_75t_R)
  58.58  125.08 ^ w2_x2[3][1]$_DFFE_PN0P_/QN (DFFASRHQNx1_ASAP7_75t_R)
   8.51  133.59 v _1232_/Y (INVx8_ASAP7_75t_R)
  16.76  150.35 ^ _1931_/CON (HAxp5_ASAP7_75t_R)
  19.76  170.12 v _1679_/Y (INVx3_ASAP7_75t_R)
  24.33  194.44 ^ _1916_/CON (FAx1_ASAP7_75t_R)
  26.71  221.15 ^ _1691_/Y (XNOR2x2_ASAP7_75t_R)
  25.72  246.87 v _1692_/Y (XNOR2x2_ASAP7_75t_R)
   7.06  253.94 ^ _1693_/Y (NAND2x1_ASAP7_75t_R)
  16.04  269.98 ^ _1694_/Y (OA21x2_ASAP7_75t_R)
   0.09  270.07 ^ lut_out[175]$_DFFE_PN0N_/D (DFFASRHQNx1_ASAP7_75t_R)
         270.07   data arrival time

   5.00    5.00   clock clk (rise edge)
   0.00    5.00   clock source latency
   0.00    5.00 ^ clk (in)
  31.71   36.71 ^ clkbuf_0_clk/Y (BUFx4_ASAP7_75t_R)
  29.56   66.27 ^ clkbuf_4_4_0_clk/Y (BUFx10_ASAP7_75t_R)
   0.72   66.99 ^ lut_out[175]$_DFFE_PN0N_/CLK (DFFASRHQNx1_ASAP7_75t_R)
   2.84   69.82   clock reconvergence pessimism
 -11.65   58.17   library setup time
          58.17   data required time
---------------------------------------------------------
          58.17   data required time
        -270.07   data arrival time
---------------------------------------------------------
        -211.90   slack (VIOLATED)



==========================================================================
finish report_checks -path_delay min reg to reg
--------------------------------------------------------------------------
Startpoint: state[3]$_DFF_PN0_ (rising edge-triggered flip-flop clocked by clk)
Endpoint: state[0]$_DFF_PN1_ (rising edge-triggered flip-flop clocked by clk)
Path Group: clk
Path Type: min

  Delay    Time   Description
---------------------------------------------------------
   0.00    0.00   clock clk (rise edge)
   0.00    0.00   clock source latency
   0.00    0.00 ^ clk (in)
  31.71   31.71 ^ clkbuf_0_clk/Y (BUFx4_ASAP7_75t_R)
  28.93   60.64 ^ clkbuf_4_1_0_clk/Y (BUFx10_ASAP7_75t_R)
   0.53   61.17 ^ state[3]$_DFF_PN0_/CLK (DFFASRHQNx1_ASAP7_75t_R)
  44.13  105.30 ^ state[3]$_DFF_PN0_/QN (DFFASRHQNx1_ASAP7_75t_R)
   7.25  112.56 v _1858_/Y (OAI21x1_ASAP7_75t_R)
   0.06  112.62 v state[0]$_DFF_PN1_/D (DFFASRHQNx1_ASAP7_75t_R)
         112.62   data arrival time

   0.00    0.00   clock clk (rise edge)
   0.00    0.00   clock source latency
   0.00    0.00 ^ clk (in)
  34.55   34.55 ^ clkbuf_0_clk/Y (BUFx4_ASAP7_75t_R)
  31.79   66.34 ^ clkbuf_4_3_0_clk/Y (BUFx10_ASAP7_75t_R)
   0.78   67.11 ^ state[0]$_DFF_PN1_/CLK (DFFASRHQNx1_ASAP7_75t_R)
  -2.84   64.28   clock reconvergence pessimism
  12.41   76.68   library hold time
          76.68   data required time
---------------------------------------------------------
          76.68   data required time
        -112.62   data arrival time
---------------------------------------------------------
          35.93   slack (MET)



==========================================================================
finish critical path target clock latency max path
--------------------------------------------------------------------------
61.6648

==========================================================================
finish critical path target clock latency min path
--------------------------------------------------------------------------
67.1114

==========================================================================
finish critical path source clock latency min path
--------------------------------------------------------------------------
0.0000

==========================================================================
finish critical path delay
--------------------------------------------------------------------------
270.0667

==========================================================================
finish critical path slack
--------------------------------------------------------------------------
-211.8968

==========================================================================
finish slack div critical path delay
--------------------------------------------------------------------------
-78.460914

==========================================================================
finish report_power
--------------------------------------------------------------------------
Group                  Internal  Switching    Leakage      Total
                          Power      Power      Power      Power (Watts)
----------------------------------------------------------------
Sequential             6.98e-02   4.23e-03   2.42e-08   7.40e-02  24.5%
Combinational          1.20e-01   6.19e-02   1.72e-07   1.82e-01  60.2%
Clock                  2.52e-02   2.11e-02   4.48e-09   4.63e-02  15.3%
Macro                  0.00e+00   0.00e+00   0.00e+00   0.00e+00   0.0%
Pad                    0.00e+00   0.00e+00   0.00e+00   0.00e+00   0.0%
----------------------------------------------------------------
Total                  2.15e-01   8.72e-02   2.00e-07   3.02e-01 100.0%
                          71.1%      28.9%       0.0%
