
==========================================================================
synth report_tns
--------------------------------------------------------------------------
tns max -339400.03

==========================================================================
synth report_wns
--------------------------------------------------------------------------
wns max -413.85

==========================================================================
synth report_worst_slack
--------------------------------------------------------------------------
worst slack max -413.85

==========================================================================
synth report_clock_min_period
--------------------------------------------------------------------------
clk_3 period_min = 423.85 fmax = 2359.31

==========================================================================
synth report_checks -path_delay min
--------------------------------------------------------------------------
Startpoint: clk_1 (input port clocked by clk_3)
Endpoint: u28 (rising edge-triggered flip-flop clocked by clk_3)
Path Group: clk_3
Path Type: min

Fanout     Cap    Slew   Delay    Time   Description
-----------------------------------------------------------------------------
                  0.00    0.00    0.00   clock clk_3 (rise edge)
                          0.00    0.00   clock network delay (ideal)
                          0.00    0.00 v input external delay
    18   12.02    0.00    0.00    0.00 v clk_1 (in)
                                         clk_1 (net)
                  0.00    0.00    0.00 v u1260/A1 (OA33x2_ASAP7_75t_R)
     1    0.55    7.76   24.04   24.04 v u1260/Y (OA33x2_ASAP7_75t_R)
                                         n30 (net)
                  7.76    0.00   24.04 v u28/D (DFFASRHQNx1_ASAP7_75t_R)
                                 24.04   data arrival time

                  0.00    0.00    0.00   clock clk_3 (rise edge)
                          0.00    0.00   clock network delay (ideal)
                          0.00    0.00   clock reconvergence pessimism
                                  0.00 ^ u28/CLK (DFFASRHQNx1_ASAP7_75t_R)
                          9.10    9.10   library hold time
                                  9.10   data required time
-----------------------------------------------------------------------------
                                  9.10   data required time
                                -24.04   data arrival time
-----------------------------------------------------------------------------
                                 14.94   slack (MET)



==========================================================================
synth report_checks -path_delay max
--------------------------------------------------------------------------
Startpoint: clk_1 (input port clocked by clk_3)
Endpoint: u63 (rising edge-triggered flip-flop clocked by clk_3)
Path Group: clk_3
Path Type: max

Fanout     Cap    Slew   Delay    Time   Description
-----------------------------------------------------------------------------
                  0.00    0.00    0.00   clock clk_3 (rise edge)
                          0.00    0.00   clock network delay (ideal)
                          0.00    0.00 v input external delay
    18   15.69    0.00    0.00    0.00 v clk_1 (in)
                                         clk_1 (net)
                  0.00    0.00    0.00 v u996/A (AND2x2_ASAP7_75t_R)
     1    1.33    7.02   12.92   12.92 v u996/Y (AND2x2_ASAP7_75t_R)
                                         n997 (net)
                  7.02    0.00   12.92 v gain558/A (BUFx6f_ASAP7_75t_R)
    11    7.78   10.01   14.94   27.86 v gain558/Y (BUFx6f_ASAP7_75t_R)
                                         net558 (net)
                 10.01    0.00   27.86 v u997/B2 (AO22x1_ASAP7_75t_R)
     1    0.69    8.10   18.44   46.29 v u997/Y (AO22x1_ASAP7_75t_R)
                                         u_s1 (net)
                  8.10    0.00   46.29 v gain534/A (BUFx3_ASAP7_75t_R)
     2    3.69    9.49   15.55   61.84 v gain534/Y (BUFx3_ASAP7_75t_R)
                                         net534 (net)
                  9.49    0.00   61.84 v u1003/B (AND2x4_ASAP7_75t_R)
     1    2.60    6.80   14.68   76.52 v u1003/Y (AND2x4_ASAP7_75t_R)
                                         n1004 (net)
                  6.80    0.00   76.52 v gain485/A (BUFx24_ASAP7_75t_R)
    21   17.60   12.59   20.18   96.70 v gain485/Y (BUFx24_ASAP7_75t_R)
                                         net485 (net)
                 12.59    0.00   96.70 v u1156/B (OA211x2_ASAP7_75t_R)
     1    1.33   10.98   27.74  124.45 v u1156/Y (OA211x2_ASAP7_75t_R)
                                         n1138 (net)
                 10.98    0.00  124.45 v gain295/A (BUFx6f_ASAP7_75t_R)
     8    7.49    9.81   16.12  140.56 v gain295/Y (BUFx6f_ASAP7_75t_R)
                                         net295 (net)
                  9.81    0.00  140.56 v u1483/B (AO21x1_ASAP7_75t_R)
     1    0.69    7.19   15.98  156.54 v u1483/Y (AO21x1_ASAP7_75t_R)
                                         n1428 (net)
                  7.19    0.00  156.54 v gain181/A (BUFx3_ASAP7_75t_R)
     1    2.60    7.76   14.19  170.73 v gain181/Y (BUFx3_ASAP7_75t_R)
                                         net181 (net)
                  7.76    0.00  170.73 v gain180/A (BUFx24_ASAP7_75t_R)
    12   11.56   10.28   19.45  190.18 v gain180/Y (BUFx24_ASAP7_75t_R)
                                         net180 (net)
                 10.28    0.00  190.18 v u1486/A2 (AOI21x1_ASAP7_75t_R)
     1    1.33   13.88   10.44  200.62 ^ u1486/Y (AOI21x1_ASAP7_75t_R)
                                         n1431 (net)
                 13.88    0.00  200.62 ^ gain132/A (BUFx6f_ASAP7_75t_R)
     8    9.19   12.68   17.17  217.80 ^ gain132/Y (BUFx6f_ASAP7_75t_R)
                                         net132 (net)
                 12.68    0.00  217.80 ^ u1487/A2 (AOI21x1_ASAP7_75t_R)
     2    1.77   14.51    9.62  227.42 v u1487/Y (AOI21x1_ASAP7_75t_R)
                                         n1432 (net)
                 14.51    0.00  227.42 v u1497/B (AOI21x1_ASAP7_75t_R)
     3    2.72   22.22   15.71  243.13 ^ u1497/Y (AOI21x1_ASAP7_75t_R)
                                         n1441 (net)
                 22.22    0.00  243.13 ^ u1511/C (MAJx2_ASAP7_75t_R)
     2    1.62    9.64   20.82  263.95 ^ u1511/Y (MAJx2_ASAP7_75t_R)
                                         n1454 (net)
                  9.64    0.00  263.95 ^ u1517/A (NOR2x1_ASAP7_75t_R)
     2    1.28   11.30    9.77  273.72 v u1517/Y (NOR2x1_ASAP7_75t_R)
                                         n1460 (net)
                 11.30    0.00  273.72 v u1529/B (AO21x1_ASAP7_75t_R)
     2    1.59   11.31   18.94  292.66 v u1529/Y (AO21x1_ASAP7_75t_R)
                                         n1471 (net)
                 11.31    0.00  292.66 v u1536/A (NAND2x1_ASAP7_75t_R)
     2    1.83   16.70   12.89  305.55 ^ u1536/Y (NAND2x1_ASAP7_75t_R)
                                         n1478 (net)
                 16.70    0.00  305.55 ^ u1540/B (OAI21x1_ASAP7_75t_R)
     2    1.52   13.67   11.13  316.69 v u1540/Y (OAI21x1_ASAP7_75t_R)
                                         n1481 (net)
                 13.67    0.00  316.69 v u1556/B1 (AO22x1_ASAP7_75t_R)
     1    0.69    8.09   20.38  337.06 v u1556/Y (AO22x1_ASAP7_75t_R)
                                         n1496 (net)
                  8.09    0.00  337.06 v gain6/A (BUFx3_ASAP7_75t_R)
     3    2.95    8.32   14.85  351.91 v gain6/Y (BUFx3_ASAP7_75t_R)
                                         net6 (net)
                  8.32    0.00  351.91 v u1566/B (MAJx2_ASAP7_75t_R)
     2    1.73    9.57   22.04  373.96 v u1566/Y (MAJx2_ASAP7_75t_R)
                                         n1505 (net)
                  9.57    0.00  373.96 v u1567/A2 (OA21x2_ASAP7_75t_R)
     2    1.06    7.17   17.53  391.49 v u1567/Y (OA21x2_ASAP7_75t_R)
                                         n1506 (net)
                  7.17    0.00  391.49 v u1571/B (OA21x2_ASAP7_75t_R)
     1    0.63    6.26   12.03  403.52 v u1571/Y (OA21x2_ASAP7_75t_R)
                                         n1509 (net)
                  6.26    0.00  403.52 v u1572/B (AO21x1_ASAP7_75t_R)
     1    0.62    6.85   14.97  418.49 v u1572/Y (AO21x1_ASAP7_75t_R)
                                         n65 (net)
                  6.85    0.00  418.49 v u63/D (DFFASRHQNx1_ASAP7_75t_R)
                                418.49   data arrival time

                  0.00   10.00   10.00   clock clk_3 (rise edge)
                          0.00   10.00   clock network delay (ideal)
                          0.00   10.00   clock reconvergence pessimism
                                 10.00 ^ u63/CLK (DFFASRHQNx1_ASAP7_75t_R)
                         -5.37    4.63   library setup time
                                  4.63   data required time
-----------------------------------------------------------------------------
                                  4.63   data required time
                               -418.49   data arrival time
-----------------------------------------------------------------------------
                               -413.85   slack (VIOLATED)



==========================================================================
synth report_checks -unconstrained
--------------------------------------------------------------------------
Startpoint: clk_1 (input port clocked by clk_3)
Endpoint: u63 (rising edge-triggered flip-flop clocked by clk_3)
Path Group: clk_3
Path Type: max

Fanout     Cap    Slew   Delay    Time   Description
-----------------------------------------------------------------------------
                  0.00    0.00    0.00   clock clk_3 (rise edge)
                          0.00    0.00   clock network delay (ideal)
                          0.00    0.00 v input external delay
    18   15.69    0.00    0.00    0.00 v clk_1 (in)
                                         clk_1 (net)
                  0.00    0.00    0.00 v u996/A (AND2x2_ASAP7_75t_R)
     1    1.33    7.02   12.92   12.92 v u996/Y (AND2x2_ASAP7_75t_R)
                                         n997 (net)
                  7.02    0.00   12.92 v gain558/A (BUFx6f_ASAP7_75t_R)
    11    7.78   10.01   14.94   27.86 v gain558/Y (BUFx6f_ASAP7_75t_R)
                                         net558 (net)
                 10.01    0.00   27.86 v u997/B2 (AO22x1_ASAP7_75t_R)
     1    0.69    8.10   18.44   46.29 v u997/Y (AO22x1_ASAP7_75t_R)
                                         u_s1 (net)
                  8.10    0.00   46.29 v gain534/A (BUFx3_ASAP7_75t_R)
     2    3.69    9.49   15.55   61.84 v gain534/Y (BUFx3_ASAP7_75t_R)
                                         net534 (net)
                  9.49    0.00   61.84 v u1003/B (AND2x4_ASAP7_75t_R)
     1    2.60    6.80   14.68   76.52 v u1003/Y (AND2x4_ASAP7_75t_R)
                                         n1004 (net)
                  6.80    0.00   76.52 v gain485/A (BUFx24_ASAP7_75t_R)
    21   17.60   12.59   20.18   96.70 v gain485/Y (BUFx24_ASAP7_75t_R)
                                         net485 (net)
                 12.59    0.00   96.70 v u1156/B (OA211x2_ASAP7_75t_R)
     1    1.33   10.98   27.74  124.45 v u1156/Y (OA211x2_ASAP7_75t_R)
                                         n1138 (net)
                 10.98    0.00  124.45 v gain295/A (BUFx6f_ASAP7_75t_R)
     8    7.49    9.81   16.12  140.56 v gain295/Y (BUFx6f_ASAP7_75t_R)
                                         net295 (net)
                  9.81    0.00  140.56 v u1483/B (AO21x1_ASAP7_75t_R)
     1    0.69    7.19   15.98  156.54 v u1483/Y (AO21x1_ASAP7_75t_R)
                                         n1428 (net)
                  7.19    0.00  156.54 v gain181/A (BUFx3_ASAP7_75t_R)
     1    2.60    7.76   14.19  170.73 v gain181/Y (BUFx3_ASAP7_75t_R)
                                         net181 (net)
                  7.76    0.00  170.73 v gain180/A (BUFx24_ASAP7_75t_R)
    12   11.56   10.28   19.45  190.18 v gain180/Y (BUFx24_ASAP7_75t_R)
                                         net180 (net)
                 10.28    0.00  190.18 v u1486/A2 (AOI21x1_ASAP7_75t_R)
     1    1.33   13.88   10.44  200.62 ^ u1486/Y (AOI21x1_ASAP7_75t_R)
                                         n1431 (net)
                 13.88    0.00  200.62 ^ gain132/A (BUFx6f_ASAP7_75t_R)
     8    9.19   12.68   17.17  217.80 ^ gain132/Y (BUFx6f_ASAP7_75t_R)
                                         net132 (net)
                 12.68    0.00  217.80 ^ u1487/A2 (AOI21x1_ASAP7_75t_R)
     2    1.77   14.51    9.62  227.42 v u1487/Y (AOI21x1_ASAP7_75t_R)
                                         n1432 (net)
                 14.51    0.00  227.42 v u1497/B (AOI21x1_ASAP7_75t_R)
     3    2.72   22.22   15.71  243.13 ^ u1497/Y (AOI21x1_ASAP7_75t_R)
                                         n1441 (net)
                 22.22    0.00  243.13 ^ u1511/C (MAJx2_ASAP7_75t_R)
     2    1.62    9.64   20.82  263.95 ^ u1511/Y (MAJx2_ASAP7_75t_R)
                                         n1454 (net)
                  9.64    0.00  263.95 ^ u1517/A (NOR2x1_ASAP7_75t_R)
     2    1.28   11.30    9.77  273.72 v u1517/Y (NOR2x1_ASAP7_75t_R)
                                         n1460 (net)
                 11.30    0.00  273.72 v u1529/B (AO21x1_ASAP7_75t_R)
     2    1.59   11.31   18.94  292.66 v u1529/Y (AO21x1_ASAP7_75t_R)
                                         n1471 (net)
                 11.31    0.00  292.66 v u1536/A (NAND2x1_ASAP7_75t_R)
     2    1.83   16.70   12.89  305.55 ^ u1536/Y (NAND2x1_ASAP7_75t_R)
                                         n1478 (net)
                 16.70    0.00  305.55 ^ u1540/B (OAI21x1_ASAP7_75t_R)
     2    1.52   13.67   11.13  316.69 v u1540/Y (OAI21x1_ASAP7_75t_R)
                                         n1481 (net)
                 13.67    0.00  316.69 v u1556/B1 (AO22x1_ASAP7_75t_R)
     1    0.69    8.09   20.38  337.06 v u1556/Y (AO22x1_ASAP7_75t_R)
                                         n1496 (net)
                  8.09    0.00  337.06 v gain6/A (BUFx3_ASAP7_75t_R)
     3    2.95    8.32   14.85  351.91 v gain6/Y (BUFx3_ASAP7_75t_R)
                                         net6 (net)
                  8.32    0.00  351.91 v u1566/B (MAJx2_ASAP7_75t_R)
     2    1.73    9.57   22.04  373.96 v u1566/Y (MAJx2_ASAP7_75t_R)
                                         n1505 (net)
                  9.57    0.00  373.96 v u1567/A2 (OA21x2_ASAP7_75t_R)
     2    1.06    7.17   17.53  391.49 v u1567/Y (OA21x2_ASAP7_75t_R)
                                         n1506 (net)
                  7.17    0.00  391.49 v u1571/B (OA21x2_ASAP7_75t_R)
     1    0.63    6.26   12.03  403.52 v u1571/Y (OA21x2_ASAP7_75t_R)
                                         n1509 (net)
                  6.26    0.00  403.52 v u1572/B (AO21x1_ASAP7_75t_R)
     1    0.62    6.85   14.97  418.49 v u1572/Y (AO21x1_ASAP7_75t_R)
                                         n65 (net)
                  6.85    0.00  418.49 v u63/D (DFFASRHQNx1_ASAP7_75t_R)
                                418.49   data arrival time

                  0.00   10.00   10.00   clock clk_3 (rise edge)
                          0.00   10.00   clock network delay (ideal)
                          0.00   10.00   clock reconvergence pessimism
                                 10.00 ^ u63/CLK (DFFASRHQNx1_ASAP7_75t_R)
                         -5.37    4.63   library setup time
                                  4.63   data required time
-----------------------------------------------------------------------------
                                  4.63   data required time
                               -418.49   data arrival time
-----------------------------------------------------------------------------
                               -413.85   slack (VIOLATED)



==========================================================================
synth report_power
--------------------------------------------------------------------------
Group                  Internal  Switching    Leakage      Total
                          Power      Power      Power      Power (Watts)
----------------------------------------------------------------
Sequential             1.61e-01   7.39e-03   1.25e-07   1.68e-01  69.9%
Combinational          4.11e-02   3.11e-02   6.91e-07   7.22e-02  30.1%
Clock                  0.00e+00   0.00e+00   0.00e+00   0.00e+00   0.0%
Macro                  0.00e+00   0.00e+00   0.00e+00   0.00e+00   0.0%
Pad                    0.00e+00   0.00e+00   0.00e+00   0.00e+00   0.0%
----------------------------------------------------------------
Total                  2.02e-01   3.85e-02   8.16e-07   2.40e-01 100.0%
                          84.0%      16.0%       0.0%
