
==========================================================================
finish report_tns
--------------------------------------------------------------------------
tns max -434757.78

==========================================================================
finish report_wns
--------------------------------------------------------------------------
wns max -343.79

==========================================================================
finish report_worst_slack
--------------------------------------------------------------------------
worst slack max -343.79

==========================================================================
finish report_clock_min_period
--------------------------------------------------------------------------
clk period_min = 353.79 fmax = 2826.57

==========================================================================
finish report_clock_skew
--------------------------------------------------------------------------
Clock clk
  83.20 source latency u1572/CLK ^
 -69.86 target latency u42/CLK ^
  -0.91 CRPR
--------------
  12.43 setup skew


==========================================================================
finish report_checks -path_delay min
--------------------------------------------------------------------------
Startpoint: x2[0] (input port clocked by clk)
Endpoint: u6960 (rising edge-triggered flip-flop clocked by clk)
Path Group: clk
Path Type: min

Fanout     Cap    Slew   Delay    Time   Description
-----------------------------------------------------------------------------
                          0.00    0.00   clock clk (rise edge)
                          0.00    0.00   clock network delay (propagated)
                          0.00    0.00 ^ input external delay
     1    0.55    0.00    0.00    0.00 ^ x2[0] (in)
                                         x2[0] (net)
                  0.09    0.03    0.03 ^ input1718/A (BUFx2_ASAP7_75t_R)
     1    0.52    4.92    9.84    9.87 ^ input1718/Y (BUFx2_ASAP7_75t_R)
                                         net1717 (net)
                  4.92    0.04    9.90 ^ u7501/A (INVx1_ASAP7_75t_R)
     1    0.48    4.14    4.12   14.02 v u7501/Y (INVx1_ASAP7_75t_R)
                                         n6365 (net)
                  4.14    0.04   14.06 v u7502/A1 (AO32x1_ASAP7_75t_R)
     1    0.63    6.49   15.11   29.17 v u7502/Y (AO32x1_ASAP7_75t_R)
                                         n5946 (net)
                  6.49    0.06   29.23 v u6960/D (DFFASRHQNx1_ASAP7_75t_R)
                                 29.23   data arrival time

                          0.00    0.00   clock clk (rise edge)
                          0.00    0.00   clock source latency
     1    8.13    0.00    0.00    0.00 ^ clk (in)
                                         clk (net)
                  8.38    2.64    2.64 ^ clkbuf_0_clk/A (BUFx16f_ASAP7_75t_R)
     4   18.89   14.97   16.21   18.85 ^ clkbuf_0_clk/Y (BUFx16f_ASAP7_75t_R)
                                         clknet_0_clk (net)
                 17.63    3.27   22.11 ^ clkbuf_2_2__f_clk/A (BUFx16f_ASAP7_75t_R)
    12   50.97   31.20   23.64   45.76 ^ clkbuf_2_2__f_clk/Y (BUFx16f_ASAP7_75t_R)
                                         clknet_2_2__leaf_clk (net)
                 38.92    7.99   53.75 ^ clkbuf_leaf_13_clk/A (BUFx24_ASAP7_75t_R)
    13   14.32   12.56   27.09   80.84 ^ clkbuf_leaf_13_clk/Y (BUFx24_ASAP7_75t_R)
                                         clknet_leaf_13_clk (net)
                 13.19    1.40   82.24 ^ u6960/CLK (DFFASRHQNx1_ASAP7_75t_R)
                          0.00   82.24   clock reconvergence pessimism
                         12.52   94.76   library hold time
                                 94.76   data required time
-----------------------------------------------------------------------------
                                 94.76   data required time
                                -29.23   data arrival time
-----------------------------------------------------------------------------
                                -65.54   slack (VIOLATED)



==========================================================================
finish report_checks -path_delay max
--------------------------------------------------------------------------
Startpoint: u1450 (rising edge-triggered flip-flop clocked by clk)
Endpoint: u980 (rising edge-triggered flip-flop clocked by clk)
Path Group: clk
Path Type: max

Fanout     Cap    Slew   Delay    Time   Description
-----------------------------------------------------------------------------
                          0.00    0.00   clock clk (rise edge)
                          0.00    0.00   clock source latency
     1    8.13    0.00    0.00    0.00 ^ clk (in)
                                         clk (net)
                  8.38    2.64    2.64 ^ clkbuf_0_clk/A (BUFx16f_ASAP7_75t_R)
     4   18.89   14.97   16.21   18.85 ^ clkbuf_0_clk/Y (BUFx16f_ASAP7_75t_R)
                                         clknet_0_clk (net)
                 17.63    3.27   22.11 ^ clkbuf_2_2__f_clk/A (BUFx16f_ASAP7_75t_R)
    12   50.97   31.20   23.64   45.76 ^ clkbuf_2_2__f_clk/Y (BUFx16f_ASAP7_75t_R)
                                         clknet_2_2__leaf_clk (net)
                 40.35    8.76   54.52 ^ clkbuf_leaf_8_clk/A (BUFx24_ASAP7_75t_R)
    23   15.94   13.30   27.56   82.08 ^ clkbuf_leaf_8_clk/Y (BUFx24_ASAP7_75t_R)
                                         clknet_leaf_8_clk (net)
                 13.51    0.77   82.84 ^ u1450/CLK (DFFASRHQNx1_ASAP7_75t_R)
     4    6.00   46.04   58.95  141.80 ^ u1450/QN (DFFASRHQNx1_ASAP7_75t_R)
                                         prod_w2_pos[25] (net)
                 46.05    0.40  142.20 ^ clone7841/A (BUFx2_ASAP7_75t_R)
     5    6.90   25.29   29.07  171.27 ^ clone7841/Y (BUFx2_ASAP7_75t_R)
                                         net7840 (net)
                 25.49    1.23  172.49 ^ u6462/A (XNOR2x2_ASAP7_75t_R)
     2    1.91   10.05   29.90  202.39 v u6462/Y (XNOR2x2_ASAP7_75t_R)
                                         n5551 (net)
                 10.06    0.17  202.56 v u6463/B (NAND2x1_ASAP7_75t_R)
     2    2.21   18.33   11.92  214.48 ^ u6463/Y (NAND2x1_ASAP7_75t_R)
                                         n5552 (net)
                 18.35    0.33  214.82 ^ u6783/B (OA21x2_ASAP7_75t_R)
     3    3.38   15.56   21.73  236.54 ^ u6783/Y (OA21x2_ASAP7_75t_R)
                                         n5808 (net)
                 15.62    0.50  237.04 ^ u6789/C (MAJx2_ASAP7_75t_R)
     3    3.44   15.52   22.51  259.55 ^ u6789/Y (MAJx2_ASAP7_75t_R)
                                         n5813 (net)
                 15.62    0.67  260.22 ^ u6795/C (MAJx2_ASAP7_75t_R)
     2    3.71   16.53   22.83  283.05 ^ u6795/Y (MAJx2_ASAP7_75t_R)
                                         n5818 (net)
                 16.69    0.91  283.96 ^ u6797/A (NOR2x1_ASAP7_75t_R)
     2    1.46   13.41   12.16  296.11 v u6797/Y (NOR2x1_ASAP7_75t_R)
                                         n5820 (net)
                 13.41    0.10  296.21 v u6801/B (AO21x1_ASAP7_75t_R)
     3    2.65   16.98   21.94  318.15 v u6801/Y (AO21x1_ASAP7_75t_R)
                                         n5823 (net)
                 17.02    0.45  318.60 v u6806/A (MAJx2_ASAP7_75t_R)
     2    1.99   10.68   23.19  341.79 v u6806/Y (MAJx2_ASAP7_75t_R)
                                         n5827 (net)
                 10.71    0.31  342.10 v u6811/A (MAJx2_ASAP7_75t_R)
     2    1.69    9.46   20.83  362.94 v u6811/Y (MAJx2_ASAP7_75t_R)
                                         n5831 (net)
                  9.47    0.14  363.08 v u6812/B (XNOR2x2_ASAP7_75t_R)
     1    0.51    6.21   17.84  380.92 v u6812/Y (XNOR2x2_ASAP7_75t_R)
                                         n5832 (net)
                  6.21    0.04  380.96 v u6813/B (OA211x2_ASAP7_75t_R)
     1    1.34   11.19   25.73  406.69 v u6813/Y (OA211x2_ASAP7_75t_R)
                                         n5833 (net)
                 11.19    0.11  406.81 v u6814/B (AOI21x1_ASAP7_75t_R)
     1    0.67   13.31    9.18  415.99 ^ u6814/Y (AOI21x1_ASAP7_75t_R)
                                         n981 (net)
                 13.31    0.05  416.04 ^ u980/D (DFFASRHQNx1_ASAP7_75t_R)
                                416.04   data arrival time

                         10.00   10.00   clock clk (rise edge)
                          0.00   10.00   clock source latency
     1    7.47    0.00    0.00   10.00 ^ clk (in)
                                         clk (net)
                  7.41    2.34   12.34 ^ clkbuf_0_clk/A (BUFx16f_ASAP7_75t_R)
     4   16.25   13.36   15.60   27.94 ^ clkbuf_0_clk/Y (BUFx16f_ASAP7_75t_R)
                                         clknet_0_clk (net)
                 15.59    2.83   30.77 ^ clkbuf_2_1__f_clk/A (BUFx16f_ASAP7_75t_R)
    15   44.37   28.40   22.68   53.45 ^ clkbuf_2_1__f_clk/Y (BUFx16f_ASAP7_75t_R)
                                         clknet_2_1__leaf_clk (net)
                 29.90    3.54   56.99 ^ clkbuf_leaf_33_clk/A (BUFx24_ASAP7_75t_R)
    20   12.77   11.12   24.02   81.01 ^ clkbuf_leaf_33_clk/Y (BUFx24_ASAP7_75t_R)
                                         clknet_leaf_33_clk (net)
                 13.22    2.18   83.19 ^ u980/CLK (DFFASRHQNx1_ASAP7_75t_R)
                          0.91   84.10   clock reconvergence pessimism
                        -11.84   72.26   library setup time
                                 72.26   data required time
-----------------------------------------------------------------------------
                                 72.26   data required time
                               -416.04   data arrival time
-----------------------------------------------------------------------------
                               -343.79   slack (VIOLATED)



==========================================================================
finish report_checks -unconstrained
--------------------------------------------------------------------------
Startpoint: u1450 (rising edge-triggered flip-flop clocked by clk)
Endpoint: u980 (rising edge-triggered flip-flop clocked by clk)
Path Group: clk
Path Type: max

Fanout     Cap    Slew   Delay    Time   Description
-----------------------------------------------------------------------------
                          0.00    0.00   clock clk (rise edge)
                          0.00    0.00   clock source latency
     1    8.13    0.00    0.00    0.00 ^ clk (in)
                                         clk (net)
                  8.38    2.64    2.64 ^ clkbuf_0_clk/A (BUFx16f_ASAP7_75t_R)
     4   18.89   14.97   16.21   18.85 ^ clkbuf_0_clk/Y (BUFx16f_ASAP7_75t_R)
                                         clknet_0_clk (net)
                 17.63    3.27   22.11 ^ clkbuf_2_2__f_clk/A (BUFx16f_ASAP7_75t_R)
    12   50.97   31.20   23.64   45.76 ^ clkbuf_2_2__f_clk/Y (BUFx16f_ASAP7_75t_R)
                                         clknet_2_2__leaf_clk (net)
                 40.35    8.76   54.52 ^ clkbuf_leaf_8_clk/A (BUFx24_ASAP7_75t_R)
    23   15.94   13.30   27.56   82.08 ^ clkbuf_leaf_8_clk/Y (BUFx24_ASAP7_75t_R)
                                         clknet_leaf_8_clk (net)
                 13.51    0.77   82.84 ^ u1450/CLK (DFFASRHQNx1_ASAP7_75t_R)
     4    6.00   46.04   58.95  141.80 ^ u1450/QN (DFFASRHQNx1_ASAP7_75t_R)
                                         prod_w2_pos[25] (net)
                 46.05    0.40  142.20 ^ clone7841/A (BUFx2_ASAP7_75t_R)
     5    6.90   25.29   29.07  171.27 ^ clone7841/Y (BUFx2_ASAP7_75t_R)
                                         net7840 (net)
                 25.49    1.23  172.49 ^ u6462/A (XNOR2x2_ASAP7_75t_R)
     2    1.91   10.05   29.90  202.39 v u6462/Y (XNOR2x2_ASAP7_75t_R)
                                         n5551 (net)
                 10.06    0.17  202.56 v u6463/B (NAND2x1_ASAP7_75t_R)
     2    2.21   18.33   11.92  214.48 ^ u6463/Y (NAND2x1_ASAP7_75t_R)
                                         n5552 (net)
                 18.35    0.33  214.82 ^ u6783/B (OA21x2_ASAP7_75t_R)
     3    3.38   15.56   21.73  236.54 ^ u6783/Y (OA21x2_ASAP7_75t_R)
                                         n5808 (net)
                 15.62    0.50  237.04 ^ u6789/C (MAJx2_ASAP7_75t_R)
     3    3.44   15.52   22.51  259.55 ^ u6789/Y (MAJx2_ASAP7_75t_R)
                                         n5813 (net)
                 15.62    0.67  260.22 ^ u6795/C (MAJx2_ASAP7_75t_R)
     2    3.71   16.53   22.83  283.05 ^ u6795/Y (MAJx2_ASAP7_75t_R)
                                         n5818 (net)
                 16.69    0.91  283.96 ^ u6797/A (NOR2x1_ASAP7_75t_R)
     2    1.46   13.41   12.16  296.11 v u6797/Y (NOR2x1_ASAP7_75t_R)
                                         n5820 (net)
                 13.41    0.10  296.21 v u6801/B (AO21x1_ASAP7_75t_R)
     3    2.65   16.98   21.94  318.15 v u6801/Y (AO21x1_ASAP7_75t_R)
                                         n5823 (net)
                 17.02    0.45  318.60 v u6806/A (MAJx2_ASAP7_75t_R)
     2    1.99   10.68   23.19  341.79 v u6806/Y (MAJx2_ASAP7_75t_R)
                                         n5827 (net)
                 10.71    0.31  342.10 v u6811/A (MAJx2_ASAP7_75t_R)
     2    1.69    9.46   20.83  362.94 v u6811/Y (MAJx2_ASAP7_75t_R)
                                         n5831 (net)
                  9.47    0.14  363.08 v u6812/B (XNOR2x2_ASAP7_75t_R)
     1    0.51    6.21   17.84  380.92 v u6812/Y (XNOR2x2_ASAP7_75t_R)
                                         n5832 (net)
                  6.21    0.04  380.96 v u6813/B (OA211x2_ASAP7_75t_R)
     1    1.34   11.19   25.73  406.69 v u6813/Y (OA211x2_ASAP7_75t_R)
                                         n5833 (net)
                 11.19    0.11  406.81 v u6814/B (AOI21x1_ASAP7_75t_R)
     1    0.67   13.31    9.18  415.99 ^ u6814/Y (AOI21x1_ASAP7_75t_R)
                                         n981 (net)
                 13.31    0.05  416.04 ^ u980/D (DFFASRHQNx1_ASAP7_75t_R)
                                416.04   data arrival time

                         10.00   10.00   clock clk (rise edge)
                          0.00   10.00   clock source latency
     1    7.47    0.00    0.00   10.00 ^ clk (in)
                                         clk (net)
                  7.41    2.34   12.34 ^ clkbuf_0_clk/A (BUFx16f_ASAP7_75t_R)
     4   16.25   13.36   15.60   27.94 ^ clkbuf_0_clk/Y (BUFx16f_ASAP7_75t_R)
                                         clknet_0_clk (net)
                 15.59    2.83   30.77 ^ clkbuf_2_1__f_clk/A (BUFx16f_ASAP7_75t_R)
    15   44.37   28.40   22.68   53.45 ^ clkbuf_2_1__f_clk/Y (BUFx16f_ASAP7_75t_R)
                                         clknet_2_1__leaf_clk (net)
                 29.90    3.54   56.99 ^ clkbuf_leaf_33_clk/A (BUFx24_ASAP7_75t_R)
    20   12.77   11.12   24.02   81.01 ^ clkbuf_leaf_33_clk/Y (BUFx24_ASAP7_75t_R)
                                         clknet_leaf_33_clk (net)
                 13.22    2.18   83.19 ^ u980/CLK (DFFASRHQNx1_ASAP7_75t_R)
                          0.91   84.10   clock reconvergence pessimism
                        -11.84   72.26   library setup time
                                 72.26   data required time
-----------------------------------------------------------------------------
                                 72.26   data required time
                               -416.04   data arrival time
-----------------------------------------------------------------------------
                               -343.79   slack (VIOLATED)



==========================================================================
finish report_check_types -max_slew -max_cap -max_fanout -violators
--------------------------------------------------------------------------

==========================================================================
finish max_slew_check_slack
--------------------------------------------------------------------------
92.61952209472656

==========================================================================
finish max_slew_check_limit
--------------------------------------------------------------------------
320.0

==========================================================================
finish max_slew_check_slack_limit
--------------------------------------------------------------------------
0.2894

==========================================================================
finish max_fanout_check_slack
--------------------------------------------------------------------------
1.0000000150474662e+30

==========================================================================
finish max_fanout_check_limit
--------------------------------------------------------------------------
1.0000000150474662e+30

==========================================================================
finish max_capacitance_check_slack
--------------------------------------------------------------------------
17.912431716918945

==========================================================================
finish max_capacitance_check_limit
--------------------------------------------------------------------------
23.040000915527344

==========================================================================
finish max_capacitance_check_slack_limit
--------------------------------------------------------------------------
0.7774

==========================================================================
finish max_slew_violation_count
--------------------------------------------------------------------------
max slew violation count 0

==========================================================================
finish max_fanout_violation_count
--------------------------------------------------------------------------
max fanout violation count 0

==========================================================================
finish max_cap_violation_count
--------------------------------------------------------------------------
max cap violation count 0

==========================================================================
finish setup_violation_count
--------------------------------------------------------------------------
setup violation count 2149

==========================================================================
finish hold_violation_count
--------------------------------------------------------------------------
hold violation count 79

==========================================================================
finish report_checks -path_delay max reg to reg
--------------------------------------------------------------------------
Startpoint: u1450 (rising edge-triggered flip-flop clocked by clk)
Endpoint: u980 (rising edge-triggered flip-flop clocked by clk)
Path Group: clk
Path Type: max

  Delay    Time   Description
---------------------------------------------------------
   0.00    0.00   clock clk (rise edge)
   0.00    0.00   clock source latency
   0.00    0.00 ^ clk (in)
  18.85   18.85 ^ clkbuf_0_clk/Y (BUFx16f_ASAP7_75t_R)
  26.91   45.76 ^ clkbuf_2_2__f_clk/Y (BUFx16f_ASAP7_75t_R)
  36.32   82.08 ^ clkbuf_leaf_8_clk/Y (BUFx24_ASAP7_75t_R)
   0.77   82.84 ^ u1450/CLK (DFFASRHQNx1_ASAP7_75t_R)
  58.95  141.80 ^ u1450/QN (DFFASRHQNx1_ASAP7_75t_R)
  29.47  171.27 ^ clone7841/Y (BUFx2_ASAP7_75t_R)
  31.13  202.39 v u6462/Y (XNOR2x2_ASAP7_75t_R)
  12.09  214.48 ^ u6463/Y (NAND2x1_ASAP7_75t_R)
  22.06  236.54 ^ u6783/Y (OA21x2_ASAP7_75t_R)
  23.01  259.55 ^ u6789/Y (MAJx2_ASAP7_75t_R)
  23.50  283.05 ^ u6795/Y (MAJx2_ASAP7_75t_R)
  13.06  296.11 v u6797/Y (NOR2x1_ASAP7_75t_R)
  22.03  318.15 v u6801/Y (AO21x1_ASAP7_75t_R)
  23.65  341.79 v u6806/Y (MAJx2_ASAP7_75t_R)
  21.15  362.94 v u6811/Y (MAJx2_ASAP7_75t_R)
  17.98  380.92 v u6812/Y (XNOR2x2_ASAP7_75t_R)
  25.77  406.69 v u6813/Y (OA211x2_ASAP7_75t_R)
   9.30  415.99 ^ u6814/Y (AOI21x1_ASAP7_75t_R)
   0.05  416.04 ^ u980/D (DFFASRHQNx1_ASAP7_75t_R)
         416.04   data arrival time

  10.00   10.00   clock clk (rise edge)
   0.00   10.00   clock source latency
   0.00   10.00 ^ clk (in)
  17.94   27.94 ^ clkbuf_0_clk/Y (BUFx16f_ASAP7_75t_R)
  25.51   53.45 ^ clkbuf_2_1__f_clk/Y (BUFx16f_ASAP7_75t_R)
  27.56   81.01 ^ clkbuf_leaf_33_clk/Y (BUFx24_ASAP7_75t_R)
   2.18   83.19 ^ u980/CLK (DFFASRHQNx1_ASAP7_75t_R)
   0.91   84.10   clock reconvergence pessimism
 -11.84   72.26   library setup time
          72.26   data required time
---------------------------------------------------------
          72.26   data required time
        -416.04   data arrival time
---------------------------------------------------------
        -343.79   slack (VIOLATED)



==========================================================================
finish report_checks -path_delay min reg to reg
--------------------------------------------------------------------------
Startpoint: u674 (rising edge-triggered flip-flop clocked by clk)
Endpoint: u674 (rising edge-triggered flip-flop clocked by clk)
Path Group: clk
Path Type: min

  Delay    Time   Description
---------------------------------------------------------
   0.00    0.00   clock clk (rise edge)
   0.00    0.00   clock source latency
   0.00    0.00 ^ clk (in)
  17.94   17.94 ^ clkbuf_0_clk/Y (BUFx16f_ASAP7_75t_R)
  25.51   43.45 ^ clkbuf_2_1__f_clk/Y (BUFx16f_ASAP7_75t_R)
  30.10   73.55 ^ clkbuf_leaf_38_clk/Y (BUFx24_ASAP7_75t_R)
   2.24   75.80 ^ u674/CLK (DFFASRHQNx1_ASAP7_75t_R)
  43.50  119.29 ^ u674/QN (DFFASRHQNx1_ASAP7_75t_R)
   7.46  126.75 v u5270/Y (AOI22x1_ASAP7_75t_R)
   0.04  126.79 v u674/D (DFFASRHQNx1_ASAP7_75t_R)
         126.79   data arrival time

   0.00    0.00   clock clk (rise edge)
   0.00    0.00   clock source latency
   0.00    0.00 ^ clk (in)
  18.85   18.85 ^ clkbuf_0_clk/Y (BUFx16f_ASAP7_75t_R)
  27.84   46.69 ^ clkbuf_2_1__f_clk/Y (BUFx16f_ASAP7_75t_R)
  32.80   79.49 ^ clkbuf_leaf_38_clk/Y (BUFx24_ASAP7_75t_R)
   2.74   82.23 ^ u674/CLK (DFFASRHQNx1_ASAP7_75t_R)
  -6.44   75.80   clock reconvergence pessimism
  12.84   88.63   library hold time
          88.63   data required time
---------------------------------------------------------
          88.63   data required time
        -126.79   data arrival time
---------------------------------------------------------
          38.16   slack (MET)



==========================================================================
finish critical path target clock latency max path
--------------------------------------------------------------------------
77.3394

==========================================================================
finish critical path target clock latency min path
--------------------------------------------------------------------------
82.2397

==========================================================================
finish critical path source clock latency min path
--------------------------------------------------------------------------
0.0000

==========================================================================
finish critical path delay
--------------------------------------------------------------------------
416.0440

==========================================================================
finish critical path slack
--------------------------------------------------------------------------
-343.7851

==========================================================================
finish slack div critical path delay
--------------------------------------------------------------------------
-82.631909

==========================================================================
finish report_power
--------------------------------------------------------------------------
Group                  Internal  Switching    Leakage      Total
                          Power      Power      Power      Power (Watts)
----------------------------------------------------------------
Sequential             2.31e-01   3.45e-02   1.40e-07   2.65e-01  22.0%
Combinational          4.48e-01   3.39e-01   8.34e-07   7.87e-01  65.3%
Clock                  8.91e-02   6.34e-02   3.18e-08   1.53e-01  12.7%
Macro                  0.00e+00   0.00e+00   0.00e+00   0.00e+00   0.0%
Pad                    0.00e+00   0.00e+00   0.00e+00   0.00e+00   0.0%
----------------------------------------------------------------
Total                  7.68e-01   4.37e-01   1.01e-06   1.20e+00 100.0%
                          63.7%      36.3%       0.0%
