
==========================================================================
synth report_tns
--------------------------------------------------------------------------
tns max 0.00

==========================================================================
synth report_wns
--------------------------------------------------------------------------
wns max 0.00

==========================================================================
synth report_worst_slack
--------------------------------------------------------------------------
worst slack max 4.43

==========================================================================
synth report_clock_min_period
--------------------------------------------------------------------------
clk period_min = 0.57 fmax = 1748.85

==========================================================================
synth report_checks -path_delay min
--------------------------------------------------------------------------
Startpoint: x1[3] (input port clocked by clk)
Endpoint: u1049 (rising edge-triggered flip-flop clocked by clk)
Path Group: clk
Path Type: min

Fanout     Cap    Slew   Delay    Time   Description
-----------------------------------------------------------------------------
                  0.00    0.00    0.00   clock clk (rise edge)
                          0.00    0.00   clock network delay (ideal)
                          0.00    0.00 ^ input external delay
     1    0.45    0.00    0.00    0.00 ^ x1[3] (in)
                                         x1[3] (net)
                  0.00    0.00    0.00 ^ u5881/A (INVx1_ASAP7_75t_R)
     1    0.39    0.00    0.00    0.00 v u5881/Y (INVx1_ASAP7_75t_R)
                                         n4874 (net)
                  0.00    0.00    0.00 v u5882/A1 (AO32x1_ASAP7_75t_R)
     1    0.48    0.01    0.02    0.02 v u5882/Y (AO32x1_ASAP7_75t_R)
                                         n1045 (net)
                  0.01    0.00    0.02 v u1049/D (DFFASRHQNx1_ASAP7_75t_R)
                                  0.02   data arrival time

                  0.00    0.00    0.00   clock clk (rise edge)
                          0.00    0.00   clock network delay (ideal)
                          0.00    0.00   clock reconvergence pessimism
                                  0.00 ^ u1049/CLK (DFFASRHQNx1_ASAP7_75t_R)
                          0.01    0.01   library hold time
                                  0.01   data required time
-----------------------------------------------------------------------------
                                  0.01   data required time
                                 -0.02   data arrival time
-----------------------------------------------------------------------------
                                  0.01   slack (MET)



==========================================================================
synth report_checks -path_delay max
--------------------------------------------------------------------------
Startpoint: u1313 (rising edge-triggered flip-flop clocked by clk)
Endpoint: u107 (rising edge-triggered flip-flop clocked by clk)
Path Group: clk
Path Type: max

Fanout     Cap    Slew   Delay    Time   Description
-----------------------------------------------------------------------------
                  0.00    0.00    0.00   clock clk (rise edge)
                          0.00    0.00   clock network delay (ideal)
                  0.00    0.00    0.00 ^ u1313/CLK (DFFASRHQNx1_ASAP7_75t_R)
     1    2.35    0.03    0.06    0.06 ^ u1313/QN (DFFASRHQNx1_ASAP7_75t_R)
                                         prod_w2_pos[16] (net)
                  0.03    0.00    0.06 ^ gain402/A (BUFx24_ASAP7_75t_R)
    16   11.51    0.01    0.03    0.09 ^ gain402/Y (BUFx24_ASAP7_75t_R)
                                         net402 (net)
                  0.01    0.00    0.09 ^ u1314/A (INVx1_ASAP7_75t_R)
     1    2.35    0.02    0.01    0.11 v u1314/Y (INVx1_ASAP7_75t_R)
                                         n1277 (net)
                  0.02    0.00    0.11 v gain289/A (BUFx24_ASAP7_75t_R)
    14   10.88    0.01    0.03    0.14 v gain289/Y (BUFx24_ASAP7_75t_R)
                                         net289 (net)
                  0.01    0.00    0.14 v u1756/A (NAND2x1_ASAP7_75t_R)
     3    2.49    0.03    0.02    0.16 ^ u1756/Y (NAND2x1_ASAP7_75t_R)
                                         n1654 (net)
                  0.03    0.00    0.16 ^ u1759/B (XNOR2x2_ASAP7_75t_R)
     1    2.35    0.02    0.04    0.20 v u1759/Y (XNOR2x2_ASAP7_75t_R)
                                         n1657 (net)
                  0.02    0.00    0.20 v gain167/A (BUFx24_ASAP7_75t_R)
    16   12.05    0.01    0.03    0.23 v gain167/Y (BUFx24_ASAP7_75t_R)
                                         net167 (net)
                  0.01    0.00    0.23 v u1760/B (XNOR2x2_ASAP7_75t_R)
     2    1.51    0.01    0.03    0.26 ^ u1760/Y (XNOR2x2_ASAP7_75t_R)
                                         n1658 (net)
                  0.01    0.00    0.26 ^ u1761/B (NAND2x1_ASAP7_75t_R)
     2    0.96    0.01    0.01    0.27 v u1761/Y (NAND2x1_ASAP7_75t_R)
                                         n1659 (net)
                  0.01    0.00    0.27 v u1764/B (OA21x2_ASAP7_75t_R)
     1    0.63    0.01    0.02    0.29 v u1764/Y (OA21x2_ASAP7_75t_R)
                                         n1661 (net)
                  0.01    0.00    0.29 v gain120/A (BUFx3_ASAP7_75t_R)
     3    2.57    0.01    0.02    0.31 v gain120/Y (BUFx3_ASAP7_75t_R)
                                         net120 (net)
                  0.01    0.00    0.31 v u1776/B (MAJx2_ASAP7_75t_R)
     2    1.48    0.01    0.03    0.34 v u1776/Y (MAJx2_ASAP7_75t_R)
                                         n1672 (net)
                  0.01    0.00    0.34 v u1778/B (OR2x2_ASAP7_75t_R)
     2    1.69    0.01    0.03    0.36 v u1778/Y (OR2x2_ASAP7_75t_R)
                                         n1674 (net)
                  0.01    0.00    0.36 v u1781/B (OA21x2_ASAP7_75t_R)
     1    0.63    0.01    0.02    0.38 v u1781/Y (OA21x2_ASAP7_75t_R)
                                         n1676 (net)
                  0.01    0.00    0.38 v gain31/A (BUFx3_ASAP7_75t_R)
     3    2.57    0.01    0.02    0.40 v gain31/Y (BUFx3_ASAP7_75t_R)
                                         net31 (net)
                  0.01    0.00    0.40 v u1792/B (MAJx2_ASAP7_75t_R)
     3    2.47    0.02    0.03    0.43 v u1792/Y (MAJx2_ASAP7_75t_R)
                                         n1686 (net)
                  0.02    0.00    0.43 v u1800/C (MAJx2_ASAP7_75t_R)
     2    0.95    0.01    0.03    0.46 v u1800/Y (MAJx2_ASAP7_75t_R)
                                         n1693 (net)
                  0.01    0.00    0.46 v u1801/C (OA211x2_ASAP7_75t_R)
     1    0.63    0.01    0.04    0.50 v u1801/Y (OA211x2_ASAP7_75t_R)
                                         n1694 (net)
                  0.01    0.00    0.50 v gain14/A (BUFx3_ASAP7_75t_R)
     2    2.25    0.01    0.02    0.52 v gain14/Y (BUFx3_ASAP7_75t_R)
                                         net14 (net)
                  0.01    0.00    0.52 v u1802/B (OAI21x1_ASAP7_75t_R)
     1    0.39    0.01    0.01    0.53 ^ u1802/Y (OAI21x1_ASAP7_75t_R)
                                         n1695 (net)
                  0.01    0.00    0.53 ^ u1805/B (OA211x2_ASAP7_75t_R)
     1    0.56    0.01    0.03    0.55 ^ u1805/Y (OA211x2_ASAP7_75t_R)
                                         n109 (net)
                  0.01    0.00    0.55 ^ u107/D (DFFASRHQNx1_ASAP7_75t_R)
                                  0.55   data arrival time

                  0.00    5.00    5.00   clock clk (rise edge)
                          0.00    5.00   clock network delay (ideal)
                          0.00    5.00   clock reconvergence pessimism
                                  5.00 ^ u107/CLK (DFFASRHQNx1_ASAP7_75t_R)
                         -0.02    4.98   library setup time
                                  4.98   data required time
-----------------------------------------------------------------------------
                                  4.98   data required time
                                 -0.55   data arrival time
-----------------------------------------------------------------------------
                                  4.43   slack (MET)



==========================================================================
synth report_checks -unconstrained
--------------------------------------------------------------------------
Startpoint: u1313 (rising edge-triggered flip-flop clocked by clk)
Endpoint: u107 (rising edge-triggered flip-flop clocked by clk)
Path Group: clk
Path Type: max

Fanout     Cap    Slew   Delay    Time   Description
-----------------------------------------------------------------------------
                  0.00    0.00    0.00   clock clk (rise edge)
                          0.00    0.00   clock network delay (ideal)
                  0.00    0.00    0.00 ^ u1313/CLK (DFFASRHQNx1_ASAP7_75t_R)
     1    2.35    0.03    0.06    0.06 ^ u1313/QN (DFFASRHQNx1_ASAP7_75t_R)
                                         prod_w2_pos[16] (net)
                  0.03    0.00    0.06 ^ gain402/A (BUFx24_ASAP7_75t_R)
    16   11.51    0.01    0.03    0.09 ^ gain402/Y (BUFx24_ASAP7_75t_R)
                                         net402 (net)
                  0.01    0.00    0.09 ^ u1314/A (INVx1_ASAP7_75t_R)
     1    2.35    0.02    0.01    0.11 v u1314/Y (INVx1_ASAP7_75t_R)
                                         n1277 (net)
                  0.02    0.00    0.11 v gain289/A (BUFx24_ASAP7_75t_R)
    14   10.88    0.01    0.03    0.14 v gain289/Y (BUFx24_ASAP7_75t_R)
                                         net289 (net)
                  0.01    0.00    0.14 v u1756/A (NAND2x1_ASAP7_75t_R)
     3    2.49    0.03    0.02    0.16 ^ u1756/Y (NAND2x1_ASAP7_75t_R)
                                         n1654 (net)
                  0.03    0.00    0.16 ^ u1759/B (XNOR2x2_ASAP7_75t_R)
     1    2.35    0.02    0.04    0.20 v u1759/Y (XNOR2x2_ASAP7_75t_R)
                                         n1657 (net)
                  0.02    0.00    0.20 v gain167/A (BUFx24_ASAP7_75t_R)
    16   12.05    0.01    0.03    0.23 v gain167/Y (BUFx24_ASAP7_75t_R)
                                         net167 (net)
                  0.01    0.00    0.23 v u1760/B (XNOR2x2_ASAP7_75t_R)
     2    1.51    0.01    0.03    0.26 ^ u1760/Y (XNOR2x2_ASAP7_75t_R)
                                         n1658 (net)
                  0.01    0.00    0.26 ^ u1761/B (NAND2x1_ASAP7_75t_R)
     2    0.96    0.01    0.01    0.27 v u1761/Y (NAND2x1_ASAP7_75t_R)
                                         n1659 (net)
                  0.01    0.00    0.27 v u1764/B (OA21x2_ASAP7_75t_R)
     1    0.63    0.01    0.02    0.29 v u1764/Y (OA21x2_ASAP7_75t_R)
                                         n1661 (net)
                  0.01    0.00    0.29 v gain120/A (BUFx3_ASAP7_75t_R)
     3    2.57    0.01    0.02    0.31 v gain120/Y (BUFx3_ASAP7_75t_R)
                                         net120 (net)
                  0.01    0.00    0.31 v u1776/B (MAJx2_ASAP7_75t_R)
     2    1.48    0.01    0.03    0.34 v u1776/Y (MAJx2_ASAP7_75t_R)
                                         n1672 (net)
                  0.01    0.00    0.34 v u1778/B (OR2x2_ASAP7_75t_R)
     2    1.69    0.01    0.03    0.36 v u1778/Y (OR2x2_ASAP7_75t_R)
                                         n1674 (net)
                  0.01    0.00    0.36 v u1781/B (OA21x2_ASAP7_75t_R)
     1    0.63    0.01    0.02    0.38 v u1781/Y (OA21x2_ASAP7_75t_R)
                                         n1676 (net)
                  0.01    0.00    0.38 v gain31/A (BUFx3_ASAP7_75t_R)
     3    2.57    0.01    0.02    0.40 v gain31/Y (BUFx3_ASAP7_75t_R)
                                         net31 (net)
                  0.01    0.00    0.40 v u1792/B (MAJx2_ASAP7_75t_R)
     3    2.47    0.02    0.03    0.43 v u1792/Y (MAJx2_ASAP7_75t_R)
                                         n1686 (net)
                  0.02    0.00    0.43 v u1800/C (MAJx2_ASAP7_75t_R)
     2    0.95    0.01    0.03    0.46 v u1800/Y (MAJx2_ASAP7_75t_R)
                                         n1693 (net)
                  0.01    0.00    0.46 v u1801/C (OA211x2_ASAP7_75t_R)
     1    0.63    0.01    0.04    0.50 v u1801/Y (OA211x2_ASAP7_75t_R)
                                         n1694 (net)
                  0.01    0.00    0.50 v gain14/A (BUFx3_ASAP7_75t_R)
     2    2.25    0.01    0.02    0.52 v gain14/Y (BUFx3_ASAP7_75t_R)
                                         net14 (net)
                  0.01    0.00    0.52 v u1802/B (OAI21x1_ASAP7_75t_R)
     1    0.39    0.01    0.01    0.53 ^ u1802/Y (OAI21x1_ASAP7_75t_R)
                                         n1695 (net)
                  0.01    0.00    0.53 ^ u1805/B (OA211x2_ASAP7_75t_R)
     1    0.56    0.01    0.03    0.55 ^ u1805/Y (OA211x2_ASAP7_75t_R)
                                         n109 (net)
                  0.01    0.00    0.55 ^ u107/D (DFFASRHQNx1_ASAP7_75t_R)
                                  0.55   data arrival time

                  0.00    5.00    5.00   clock clk (rise edge)
                          0.00    5.00   clock network delay (ideal)
                          0.00    5.00   clock reconvergence pessimism
                                  5.00 ^ u107/CLK (DFFASRHQNx1_ASAP7_75t_R)
                         -0.02    4.98   library setup time
                                  4.98   data required time
-----------------------------------------------------------------------------
                                  4.98   data required time
                                 -0.55   data arrival time
-----------------------------------------------------------------------------
                                  4.43   slack (MET)



==========================================================================
synth report_power
--------------------------------------------------------------------------
Group                  Internal  Switching    Leakage      Total
                          Power      Power      Power      Power (Watts)
----------------------------------------------------------------
Sequential             4.70e-04   4.77e-05   2.15e-07   5.18e-04  23.8%
Combinational          9.76e-04   6.84e-04   6.57e-07   1.66e-03  76.2%
Clock                  0.00e+00   0.00e+00   0.00e+00   0.00e+00   0.0%
Macro                  0.00e+00   0.00e+00   0.00e+00   0.00e+00   0.0%
Pad                    0.00e+00   0.00e+00   0.00e+00   0.00e+00   0.0%
----------------------------------------------------------------
Total                  1.45e-03   7.32e-04   8.72e-07   2.18e-03 100.0%
                          66.4%      33.6%       0.0%