
==========================================================================
detailed place report_tns
--------------------------------------------------------------------------
tns max 0.00

==========================================================================
detailed place report_wns
--------------------------------------------------------------------------
wns max 0.00

==========================================================================
detailed place report_worst_slack
--------------------------------------------------------------------------
worst slack max 4.23

==========================================================================
detailed place report_clock_min_period
--------------------------------------------------------------------------
clk period_min = 0.77 fmax = 1296.56

==========================================================================
detailed place report_checks -path_delay min
--------------------------------------------------------------------------
Startpoint: x1[2] (input port clocked by clk)
Endpoint: u1035 (rising edge-triggered flip-flop clocked by clk)
Path Group: clk
Path Type: min

Fanout     Cap    Slew   Delay    Time   Description
-----------------------------------------------------------------------------
                  0.00    0.00    0.00   clock clk (rise edge)
                          0.00    0.00   clock network delay (ideal)
                          0.00    0.00 ^ input external delay
     1    1.27    0.00    0.00    0.00 ^ x1[2] (in)
                                         x1[2] (net)
                  0.00    0.00    0.00 ^ input1580/A (BUFx2_ASAP7_75t_R)
     1    0.55    0.01    0.01    0.01 ^ input1580/Y (BUFx2_ASAP7_75t_R)
                                         net1580 (net)
                  0.01    0.00    0.01 ^ u5875/A (INVx1_ASAP7_75t_R)
     1    0.45    0.01    0.01    0.02 v u5875/Y (INVx1_ASAP7_75t_R)
                                         n4871 (net)
                  0.01    0.00    0.02 v u5876/A1 (AO32x1_ASAP7_75t_R)
     1    0.59    0.01    0.02    0.04 v u5876/Y (AO32x1_ASAP7_75t_R)
                                         n1032 (net)
                  0.01    0.00    0.04 v u1035/D (DFFASRHQNx1_ASAP7_75t_R)
                                  0.04   data arrival time

                  0.00    0.00    0.00   clock clk (rise edge)
                          0.00    0.00   clock network delay (ideal)
                          0.00    0.00   clock reconvergence pessimism
                                  0.00 ^ u1035/CLK (DFFASRHQNx1_ASAP7_75t_R)
                          0.01    0.01   library hold time
                                  0.01   data required time
-----------------------------------------------------------------------------
                                  0.01   data required time
                                 -0.04   data arrival time
-----------------------------------------------------------------------------
                                  0.03   slack (MET)



==========================================================================
detailed place report_checks -path_delay max
--------------------------------------------------------------------------
Startpoint: u995 (rising edge-triggered flip-flop clocked by clk)
Endpoint: u380 (rising edge-triggered flip-flop clocked by clk)
Path Group: clk
Path Type: max

Fanout     Cap    Slew   Delay    Time   Description
-----------------------------------------------------------------------------
                  0.00    0.00    0.00   clock clk (rise edge)
                          0.00    0.00   clock network delay (ideal)
                  0.00    0.00    0.00 ^ u995/CLK (DFFASRHQNx1_ASAP7_75t_R)
    10   10.06    0.10    0.10    0.10 ^ u995/QN (DFFASRHQNx1_ASAP7_75t_R)
                                         state[1] (net)
                  0.10    0.00    0.10 ^ u1007/C (OR3x1_ASAP7_75t_R)
     5    4.84    0.05    0.05    0.14 ^ u1007/Y (OR3x1_ASAP7_75t_R)
                                         n1006 (net)
                  0.05    0.00    0.14 ^ u1594/B (AND2x4_ASAP7_75t_R)
    43   53.74    0.13    0.08    0.22 ^ u1594/Y (AND2x4_ASAP7_75t_R)
                                         n1521 (net)
                  0.13    0.01    0.23 ^ place2804/A (BUFx3_ASAP7_75t_R)
    41   44.76    0.15    0.09    0.32 ^ place2804/Y (BUFx3_ASAP7_75t_R)
                                         net2804 (net)
                  0.15    0.00    0.32 ^ place2800/A (BUFx3_ASAP7_75t_R)
    40   51.24    0.17    0.10    0.43 ^ place2800/Y (BUFx3_ASAP7_75t_R)
                                         net2800 (net)
                  0.17    0.01    0.44 ^ place2799/A (BUFx3_ASAP7_75t_R)
    35   43.75    0.15    0.09    0.53 ^ place2799/Y (BUFx3_ASAP7_75t_R)
                                         net2799 (net)
                  0.15    0.00    0.53 ^ place2798/A (BUFx3_ASAP7_75t_R)
    39   43.51    0.14    0.09    0.63 ^ place2798/Y (BUFx3_ASAP7_75t_R)
                                         net2798 (net)
                  0.14    0.00    0.63 ^ place2797/A (BUFx3_ASAP7_75t_R)
    44   49.26    0.16    0.10    0.74 ^ place2797/Y (BUFx3_ASAP7_75t_R)
                                         net2797 (net)
                  0.16    0.00    0.74 ^ u3127/A2 (AOI21x1_ASAP7_75t_R)
     1    0.77    0.03    0.02    0.76 v u3127/Y (AOI21x1_ASAP7_75t_R)
                                         n381 (net)
                  0.03    0.00    0.76 v u380/D (DFFASRHQNx1_ASAP7_75t_R)
                                  0.76   data arrival time

                  0.00    5.00    5.00   clock clk (rise edge)
                          0.00    5.00   clock network delay (ideal)
                          0.00    5.00   clock reconvergence pessimism
                                  5.00 ^ u380/CLK (DFFASRHQNx1_ASAP7_75t_R)
                         -0.01    4.99   library setup time
                                  4.99   data required time
-----------------------------------------------------------------------------
                                  4.99   data required time
                                 -0.76   data arrival time
-----------------------------------------------------------------------------
                                  4.23   slack (MET)



==========================================================================
detailed place report_checks -unconstrained
--------------------------------------------------------------------------
Startpoint: u995 (rising edge-triggered flip-flop clocked by clk)
Endpoint: u380 (rising edge-triggered flip-flop clocked by clk)
Path Group: clk
Path Type: max

Fanout     Cap    Slew   Delay    Time   Description
-----------------------------------------------------------------------------
                  0.00    0.00    0.00   clock clk (rise edge)
                          0.00    0.00   clock network delay (ideal)
                  0.00    0.00    0.00 ^ u995/CLK (DFFASRHQNx1_ASAP7_75t_R)
    10   10.06    0.10    0.10    0.10 ^ u995/QN (DFFASRHQNx1_ASAP7_75t_R)
                                         state[1] (net)
                  0.10    0.00    0.10 ^ u1007/C (OR3x1_ASAP7_75t_R)
     5    4.84    0.05    0.05    0.14 ^ u1007/Y (OR3x1_ASAP7_75t_R)
                                         n1006 (net)
                  0.05    0.00    0.14 ^ u1594/B (AND2x4_ASAP7_75t_R)
    43   53.74    0.13    0.08    0.22 ^ u1594/Y (AND2x4_ASAP7_75t_R)
                                         n1521 (net)
                  0.13    0.01    0.23 ^ place2804/A (BUFx3_ASAP7_75t_R)
    41   44.76    0.15    0.09    0.32 ^ place2804/Y (BUFx3_ASAP7_75t_R)
                                         net2804 (net)
                  0.15    0.00    0.32 ^ place2800/A (BUFx3_ASAP7_75t_R)
    40   51.24    0.17    0.10    0.43 ^ place2800/Y (BUFx3_ASAP7_75t_R)
                                         net2800 (net)
                  0.17    0.01    0.44 ^ place2799/A (BUFx3_ASAP7_75t_R)
    35   43.75    0.15    0.09    0.53 ^ place2799/Y (BUFx3_ASAP7_75t_R)
                                         net2799 (net)
                  0.15    0.00    0.53 ^ place2798/A (BUFx3_ASAP7_75t_R)
    39   43.51    0.14    0.09    0.63 ^ place2798/Y (BUFx3_ASAP7_75t_R)
                                         net2798 (net)
                  0.14    0.00    0.63 ^ place2797/A (BUFx3_ASAP7_75t_R)
    44   49.26    0.16    0.10    0.74 ^ place2797/Y (BUFx3_ASAP7_75t_R)
                                         net2797 (net)
                  0.16    0.00    0.74 ^ u3127/A2 (AOI21x1_ASAP7_75t_R)
     1    0.77    0.03    0.02    0.76 v u3127/Y (AOI21x1_ASAP7_75t_R)
                                         n381 (net)
                  0.03    0.00    0.76 v u380/D (DFFASRHQNx1_ASAP7_75t_R)
                                  0.76   data arrival time

                  0.00    5.00    5.00   clock clk (rise edge)
                          0.00    5.00   clock network delay (ideal)
                          0.00    5.00   clock reconvergence pessimism
                                  5.00 ^ u380/CLK (DFFASRHQNx1_ASAP7_75t_R)
                         -0.01    4.99   library setup time
                                  4.99   data required time
-----------------------------------------------------------------------------
                                  4.99   data required time
                                 -0.76   data arrival time
-----------------------------------------------------------------------------
                                  4.23   slack (MET)



==========================================================================
detailed place report_check_types -max_slew -max_cap -max_fanout -violators
--------------------------------------------------------------------------

==========================================================================
detailed place max_slew_check_slack
--------------------------------------------------------------------------
0.05722200497984886

==========================================================================
detailed place max_slew_check_limit
--------------------------------------------------------------------------
0.320000022649765

==========================================================================
detailed place max_slew_check_slack_limit
--------------------------------------------------------------------------
0.1788

==========================================================================
detailed place max_fanout_check_slack
--------------------------------------------------------------------------
1.0000000150474662e+30

==========================================================================
detailed place max_fanout_check_limit
--------------------------------------------------------------------------
1.0000000150474662e+30

==========================================================================
detailed place max_capacitance_check_slack
--------------------------------------------------------------------------
-0.032385457307100296

==========================================================================
detailed place max_capacitance_check_limit
--------------------------------------------------------------------------
23.040000915527344

==========================================================================
detailed place max_capacitance_check_slack_limit
--------------------------------------------------------------------------
-0.0014

==========================================================================
detailed place max_slew_violation_count
--------------------------------------------------------------------------
max slew violation count 0

==========================================================================
detailed place max_fanout_violation_count
--------------------------------------------------------------------------
max fanout violation count 0

==========================================================================
detailed place max_cap_violation_count
--------------------------------------------------------------------------
max cap violation count 0

==========================================================================
detailed place setup_violation_count
--------------------------------------------------------------------------
setup violation count 0

==========================================================================
detailed place hold_violation_count
--------------------------------------------------------------------------
hold violation count 0

==========================================================================
detailed place report_checks -path_delay max reg to reg
--------------------------------------------------------------------------
Startpoint: u995 (rising edge-triggered flip-flop clocked by clk)
Endpoint: u380 (rising edge-triggered flip-flop clocked by clk)
Path Group: clk
Path Type: max

  Delay    Time   Description
---------------------------------------------------------
   0.00    0.00   clock clk (rise edge)
   0.00    0.00   clock network delay (ideal)
   0.00    0.00 ^ u995/CLK (DFFASRHQNx1_ASAP7_75t_R)
   0.10    0.10 ^ u995/QN (DFFASRHQNx1_ASAP7_75t_R)
   0.05    0.14 ^ u1007/Y (OR3x1_ASAP7_75t_R)
   0.08    0.22 ^ u1594/Y (AND2x4_ASAP7_75t_R)
   0.09    0.32 ^ place2804/Y (BUFx3_ASAP7_75t_R)
   0.11    0.43 ^ place2800/Y (BUFx3_ASAP7_75t_R)
   0.10    0.53 ^ place2799/Y (BUFx3_ASAP7_75t_R)
   0.10    0.63 ^ place2798/Y (BUFx3_ASAP7_75t_R)
   0.11    0.74 ^ place2797/Y (BUFx3_ASAP7_75t_R)
   0.03    0.76 v u3127/Y (AOI21x1_ASAP7_75t_R)
   0.00    0.76 v u380/D (DFFASRHQNx1_ASAP7_75t_R)
           0.76   data arrival time

   5.00    5.00   clock clk (rise edge)
   0.00    5.00   clock network delay (ideal)
   0.00    5.00   clock reconvergence pessimism
           5.00 ^ u380/CLK (DFFASRHQNx1_ASAP7_75t_R)
  -0.01    4.99   library setup time
           4.99   data required time
---------------------------------------------------------
           4.99   data required time
          -0.76   data arrival time
---------------------------------------------------------
           4.23   slack (MET)



==========================================================================
detailed place report_checks -path_delay min reg to reg
--------------------------------------------------------------------------
Startpoint: u419 (rising edge-triggered flip-flop clocked by clk)
Endpoint: u419 (rising edge-triggered flip-flop clocked by clk)
Path Group: clk
Path Type: min

  Delay    Time   Description
---------------------------------------------------------
   0.00    0.00   clock clk (rise edge)
   0.00    0.00   clock network delay (ideal)
   0.00    0.00 ^ u419/CLK (DFFASRHQNx1_ASAP7_75t_R)
   0.05    0.05 ^ u419/QN (DFFASRHQNx1_ASAP7_75t_R)
   0.01    0.07 v u3290/Y (AOI22x1_ASAP7_75t_R)
   0.00    0.07 v u419/D (DFFASRHQNx1_ASAP7_75t_R)
           0.07   data arrival time

   0.00    0.00   clock clk (rise edge)
   0.00    0.00   clock network delay (ideal)
   0.00    0.00   clock reconvergence pessimism
           0.00 ^ u419/CLK (DFFASRHQNx1_ASAP7_75t_R)
   0.01    0.01   library hold time
           0.01   data required time
---------------------------------------------------------
           0.01   data required time
          -0.07   data arrival time
---------------------------------------------------------
           0.06   slack (MET)



==========================================================================
detailed place critical path target clock latency max path
--------------------------------------------------------------------------
0.0000

==========================================================================
detailed place critical path target clock latency min path
--------------------------------------------------------------------------
0.0000

==========================================================================
detailed place critical path source clock latency min path
--------------------------------------------------------------------------
0.0000

==========================================================================
detailed place critical path delay
--------------------------------------------------------------------------
0.7602

==========================================================================
detailed place critical path slack
--------------------------------------------------------------------------
4.2287

==========================================================================
detailed place slack div critical path delay
--------------------------------------------------------------------------
556.261510

==========================================================================
detailed place report_power
--------------------------------------------------------------------------
Group                  Internal  Switching    Leakage      Total
                          Power      Power      Power      Power (Watts)
----------------------------------------------------------------
Sequential             4.70e-04   1.42e-04   2.15e-07   6.13e-04  27.3%
Combinational          7.65e-04   8.63e-04   5.33e-07   1.63e-03  72.7%
Clock                  0.00e+00   0.00e+00   0.00e+00   0.00e+00   0.0%
Macro                  0.00e+00   0.00e+00   0.00e+00   0.00e+00   0.0%
Pad                    0.00e+00   0.00e+00   0.00e+00   0.00e+00   0.0%
----------------------------------------------------------------
Total                  1.24e-03   1.01e-03   7.47e-07   2.24e-03 100.0%
                          55.1%      44.9%       0.0%