
==========================================================================
global place report_tns
--------------------------------------------------------------------------
tns max 0.00

==========================================================================
global place report_wns
--------------------------------------------------------------------------
wns max 0.00

==========================================================================
global place report_worst_slack
--------------------------------------------------------------------------
worst slack max 4.24

==========================================================================
global place report_clock_min_period
--------------------------------------------------------------------------
clk period_min = 0.76 fmax = 1311.66

==========================================================================
global place report_checks -path_delay min
--------------------------------------------------------------------------
Startpoint: x1[2] (input port clocked by clk)
Endpoint: u1035 (rising edge-triggered flip-flop clocked by clk)
Path Group: clk
Path Type: min

Fanout     Cap    Slew   Delay    Time   Description
-----------------------------------------------------------------------------
                  0.00    0.00    0.00   clock clk (rise edge)
                          0.00    0.00   clock network delay (ideal)
                          0.00    0.00 ^ input external delay
     1    1.29    0.00    0.00    0.00 ^ x1[2] (in)
                                         x1[2] (net)
                  0.00    0.00    0.00 ^ input1580/A (BUFx2_ASAP7_75t_R)
     1    0.53    0.01    0.01    0.01 ^ input1580/Y (BUFx2_ASAP7_75t_R)
                                         net1580 (net)
                  0.01    0.00    0.01 ^ u5875/A (INVx1_ASAP7_75t_R)
     1    0.47    0.01    0.01    0.02 v u5875/Y (INVx1_ASAP7_75t_R)
                                         n4871 (net)
                  0.01    0.00    0.02 v u5876/A1 (AO32x1_ASAP7_75t_R)
     1    0.50    0.01    0.02    0.04 v u5876/Y (AO32x1_ASAP7_75t_R)
                                         n1032 (net)
                  0.01    0.00    0.04 v u1035/D (DFFASRHQNx1_ASAP7_75t_R)
                                  0.04   data arrival time

                  0.00    0.00    0.00   clock clk (rise edge)
                          0.00    0.00   clock network delay (ideal)
                          0.00    0.00   clock reconvergence pessimism
                                  0.00 ^ u1035/CLK (DFFASRHQNx1_ASAP7_75t_R)
                          0.01    0.01   library hold time
                                  0.01   data required time
-----------------------------------------------------------------------------
                                  0.01   data required time
                                 -0.04   data arrival time
-----------------------------------------------------------------------------
                                  0.03   slack (MET)



==========================================================================
global place report_checks -path_delay max
--------------------------------------------------------------------------
Startpoint: u995 (rising edge-triggered flip-flop clocked by clk)
Endpoint: u281 (rising edge-triggered flip-flop clocked by clk)
Path Group: clk
Path Type: max

Fanout     Cap    Slew   Delay    Time   Description
-----------------------------------------------------------------------------
                  0.00    0.00    0.00   clock clk (rise edge)
                          0.00    0.00   clock network delay (ideal)
                  0.00    0.00    0.00 ^ u995/CLK (DFFASRHQNx1_ASAP7_75t_R)
    10    9.66    0.10    0.09    0.09 ^ u995/QN (DFFASRHQNx1_ASAP7_75t_R)
                                         state[1] (net)
                  0.10    0.00    0.09 ^ u1007/C (OR3x1_ASAP7_75t_R)
     5    4.65    0.05    0.05    0.14 ^ u1007/Y (OR3x1_ASAP7_75t_R)
                                         n1006 (net)
                  0.05    0.00    0.14 ^ u1594/B (AND2x4_ASAP7_75t_R)
    43   52.54    0.13    0.07    0.22 ^ u1594/Y (AND2x4_ASAP7_75t_R)
                                         n1521 (net)
                  0.13    0.01    0.22 ^ place2804/A (BUFx3_ASAP7_75t_R)
    41   44.56    0.15    0.09    0.31 ^ place2804/Y (BUFx3_ASAP7_75t_R)
                                         net2804 (net)
                  0.15    0.00    0.31 ^ place2800/A (BUFx3_ASAP7_75t_R)
    40   51.29    0.17    0.10    0.42 ^ place2800/Y (BUFx3_ASAP7_75t_R)
                                         net2800 (net)
                  0.17    0.01    0.43 ^ place2799/A (BUFx3_ASAP7_75t_R)
    35   43.53    0.15    0.09    0.52 ^ place2799/Y (BUFx3_ASAP7_75t_R)
                                         net2799 (net)
                  0.15    0.00    0.53 ^ place2798/A (BUFx3_ASAP7_75t_R)
    39   43.55    0.14    0.09    0.62 ^ place2798/Y (BUFx3_ASAP7_75t_R)
                                         net2798 (net)
                  0.14    0.00    0.62 ^ place2797/A (BUFx3_ASAP7_75t_R)
    44   49.24    0.16    0.10    0.73 ^ place2797/Y (BUFx3_ASAP7_75t_R)
                                         net2797 (net)
                  0.16    0.00    0.73 ^ u2657/A2 (AOI21x1_ASAP7_75t_R)
     1    0.60    0.03    0.02    0.75 v u2657/Y (AOI21x1_ASAP7_75t_R)
                                         n282 (net)
                  0.03    0.00    0.75 v u281/D (DFFASRHQNx1_ASAP7_75t_R)
                                  0.75   data arrival time

                  0.00    5.00    5.00   clock clk (rise edge)
                          0.00    5.00   clock network delay (ideal)
                          0.00    5.00   clock reconvergence pessimism
                                  5.00 ^ u281/CLK (DFFASRHQNx1_ASAP7_75t_R)
                         -0.01    4.99   library setup time
                                  4.99   data required time
-----------------------------------------------------------------------------
                                  4.99   data required time
                                 -0.75   data arrival time
-----------------------------------------------------------------------------
                                  4.24   slack (MET)



==========================================================================
global place report_checks -unconstrained
--------------------------------------------------------------------------
Startpoint: u995 (rising edge-triggered flip-flop clocked by clk)
Endpoint: u281 (rising edge-triggered flip-flop clocked by clk)
Path Group: clk
Path Type: max

Fanout     Cap    Slew   Delay    Time   Description
-----------------------------------------------------------------------------
                  0.00    0.00    0.00   clock clk (rise edge)
                          0.00    0.00   clock network delay (ideal)
                  0.00    0.00    0.00 ^ u995/CLK (DFFASRHQNx1_ASAP7_75t_R)
    10    9.66    0.10    0.09    0.09 ^ u995/QN (DFFASRHQNx1_ASAP7_75t_R)
                                         state[1] (net)
                  0.10    0.00    0.09 ^ u1007/C (OR3x1_ASAP7_75t_R)
     5    4.65    0.05    0.05    0.14 ^ u1007/Y (OR3x1_ASAP7_75t_R)
                                         n1006 (net)
                  0.05    0.00    0.14 ^ u1594/B (AND2x4_ASAP7_75t_R)
    43   52.54    0.13    0.07    0.22 ^ u1594/Y (AND2x4_ASAP7_75t_R)
                                         n1521 (net)
                  0.13    0.01    0.22 ^ place2804/A (BUFx3_ASAP7_75t_R)
    41   44.56    0.15    0.09    0.31 ^ place2804/Y (BUFx3_ASAP7_75t_R)
                                         net2804 (net)
                  0.15    0.00    0.31 ^ place2800/A (BUFx3_ASAP7_75t_R)
    40   51.29    0.17    0.10    0.42 ^ place2800/Y (BUFx3_ASAP7_75t_R)
                                         net2800 (net)
                  0.17    0.01    0.43 ^ place2799/A (BUFx3_ASAP7_75t_R)
    35   43.53    0.15    0.09    0.52 ^ place2799/Y (BUFx3_ASAP7_75t_R)
                                         net2799 (net)
                  0.15    0.00    0.53 ^ place2798/A (BUFx3_ASAP7_75t_R)
    39   43.55    0.14    0.09    0.62 ^ place2798/Y (BUFx3_ASAP7_75t_R)
                                         net2798 (net)
                  0.14    0.00    0.62 ^ place2797/A (BUFx3_ASAP7_75t_R)
    44   49.24    0.16    0.10    0.73 ^ place2797/Y (BUFx3_ASAP7_75t_R)
                                         net2797 (net)
                  0.16    0.00    0.73 ^ u2657/A2 (AOI21x1_ASAP7_75t_R)
     1    0.60    0.03    0.02    0.75 v u2657/Y (AOI21x1_ASAP7_75t_R)
                                         n282 (net)
                  0.03    0.00    0.75 v u281/D (DFFASRHQNx1_ASAP7_75t_R)
                                  0.75   data arrival time

                  0.00    5.00    5.00   clock clk (rise edge)
                          0.00    5.00   clock network delay (ideal)
                          0.00    5.00   clock reconvergence pessimism
                                  5.00 ^ u281/CLK (DFFASRHQNx1_ASAP7_75t_R)
                         -0.01    4.99   library setup time
                                  4.99   data required time
-----------------------------------------------------------------------------
                                  4.99   data required time
                                 -0.75   data arrival time
-----------------------------------------------------------------------------
                                  4.24   slack (MET)



==========================================================================
global place report_power
--------------------------------------------------------------------------
Group                  Internal  Switching    Leakage      Total
                          Power      Power      Power      Power (Watts)
----------------------------------------------------------------
Sequential             4.70e-04   1.42e-04   2.15e-07   6.12e-04  27.4%
Combinational          7.65e-04   8.54e-04   5.33e-07   1.62e-03  72.6%
Clock                  0.00e+00   0.00e+00   0.00e+00   0.00e+00   0.0%
Macro                  0.00e+00   0.00e+00   0.00e+00   0.00e+00   0.0%
Pad                    0.00e+00   0.00e+00   0.00e+00   0.00e+00   0.0%
----------------------------------------------------------------
Total                  1.23e-03   9.96e-04   7.47e-07   2.23e-03 100.0%
                          55.3%      44.6%       0.0%