
==========================================================================
cts final report_tns
--------------------------------------------------------------------------
tns max 0.00

==========================================================================
cts final report_wns
--------------------------------------------------------------------------
wns max 0.00

==========================================================================
cts final report_worst_slack
--------------------------------------------------------------------------
worst slack max 4.22

==========================================================================
cts final report_clock_min_period
--------------------------------------------------------------------------
clk period_min = 0.78 fmax = 1285.12

==========================================================================
cts final report_clock_skew
--------------------------------------------------------------------------
Clock clk
   0.10 source latency u4806/CLK ^
  -0.09 target latency u769/CLK ^
  -0.00 CRPR
--------------
   0.01 setup skew


==========================================================================
cts final report_checks -path_delay min
--------------------------------------------------------------------------
Startpoint: u (input port clocked by clk)
Endpoint: u997 (rising edge-triggered flip-flop clocked by clk)
Path Group: clk
Path Type: min

Fanout     Cap    Slew   Delay    Time   Description
-----------------------------------------------------------------------------
                          0.00    0.00   clock clk (rise edge)
                          0.00    0.00   clock network delay (propagated)
                          0.00    0.00 ^ input external delay
     1    0.60    0.00    0.00    0.00 ^ u (in)
                                         u (net)
                  0.00    0.00    0.00 ^ hold2951/A (BUFx2_ASAP7_75t_R)
     1    0.62    0.01    0.01    0.01 ^ hold2951/Y (BUFx2_ASAP7_75t_R)
                                         net2951 (net)
                  0.01    0.00    0.01 ^ hold2914/A (BUFx2_ASAP7_75t_R)
     1    0.79    0.01    0.02    0.03 ^ hold2914/Y (BUFx2_ASAP7_75t_R)
                                         net2914 (net)
                  0.01    0.00    0.03 ^ input1577/A (BUFx2_ASAP7_75t_R)
     1    0.41    0.01    0.02    0.05 ^ input1577/Y (BUFx2_ASAP7_75t_R)
                                         net1577 (net)
                  0.01    0.00    0.05 ^ hold2915/A (BUFx2_ASAP7_75t_R)
     1    0.54    0.01    0.02    0.06 ^ hold2915/Y (BUFx2_ASAP7_75t_R)
                                         net2915 (net)
                  0.01    0.00    0.06 ^ u5856/A (INVx1_ASAP7_75t_R)
     1    0.48    0.01    0.01    0.07 v u5856/Y (INVx1_ASAP7_75t_R)
                                         n4861 (net)
                  0.01    0.00    0.07 v hold2916/A (BUFx2_ASAP7_75t_R)
     1    0.53    0.01    0.02    0.08 v hold2916/Y (BUFx2_ASAP7_75t_R)
                                         net2916 (net)
                  0.01    0.00    0.08 v u5857/A1 (AO32x1_ASAP7_75t_R)
     1    0.44    0.01    0.02    0.10 v u5857/Y (AO32x1_ASAP7_75t_R)
                                         n998 (net)
                  0.01    0.00    0.10 v hold2917/A (BUFx2_ASAP7_75t_R)
     1    0.54    0.01    0.02    0.12 v hold2917/Y (BUFx2_ASAP7_75t_R)
                                         net2917 (net)
                  0.01    0.00    0.12 v u997/D (DFFASRHQNx1_ASAP7_75t_R)
                                  0.12   data arrival time

                          0.00    0.00   clock clk (rise edge)
                          0.00    0.00   clock source latency
     1    9.12    0.00    0.00    0.00 ^ clk (in)
                                         clk (net)
                  0.01    0.00    0.00 ^ clkbuf_0_clk/A (BUFx16f_ASAP7_75t_R)
     8   31.68    0.03    0.03    0.03 ^ clkbuf_0_clk/Y (BUFx16f_ASAP7_75t_R)
                                         clknet_0_clk (net)
                  0.03    0.01    0.04 ^ clkbuf_3_5__f_clk/A (BUFx16f_ASAP7_75t_R)
     9   27.75    0.02    0.03    0.07 ^ clkbuf_3_5__f_clk/Y (BUFx16f_ASAP7_75t_R)
                                         clknet_3_5__leaf_clk (net)
                  0.03    0.00    0.07 ^ clkbuf_leaf_17_clk/A (BUFx24_ASAP7_75t_R)
    21   13.79    0.01    0.03    0.10 ^ clkbuf_leaf_17_clk/Y (BUFx24_ASAP7_75t_R)
                                         clknet_leaf_17_clk (net)
                  0.01    0.00    0.10 ^ u997/CLK (DFFASRHQNx1_ASAP7_75t_R)
                          0.00    0.10   clock reconvergence pessimism
                          0.01    0.11   library hold time
                                  0.11   data required time
-----------------------------------------------------------------------------
                                  0.11   data required time
                                 -0.12   data arrival time
-----------------------------------------------------------------------------
                                  0.01   slack (MET)



==========================================================================
cts final report_checks -path_delay max
--------------------------------------------------------------------------
Startpoint: u995 (rising edge-triggered flip-flop clocked by clk)
Endpoint: u157 (rising edge-triggered flip-flop clocked by clk)
Path Group: clk
Path Type: max

Fanout     Cap    Slew   Delay    Time   Description
-----------------------------------------------------------------------------
                          0.00    0.00   clock clk (rise edge)
                          0.00    0.00   clock source latency
     1    9.12    0.00    0.00    0.00 ^ clk (in)
                                         clk (net)
                  0.01    0.00    0.00 ^ clkbuf_0_clk/A (BUFx16f_ASAP7_75t_R)
     8   31.68    0.03    0.03    0.03 ^ clkbuf_0_clk/Y (BUFx16f_ASAP7_75t_R)
                                         clknet_0_clk (net)
                  0.03    0.01    0.04 ^ clkbuf_3_5__f_clk/A (BUFx16f_ASAP7_75t_R)
     9   27.75    0.02    0.03    0.07 ^ clkbuf_3_5__f_clk/Y (BUFx16f_ASAP7_75t_R)
                                         clknet_3_5__leaf_clk (net)
                  0.03    0.00    0.07 ^ clkbuf_leaf_18_clk/A (BUFx24_ASAP7_75t_R)
    22   13.50    0.01    0.03    0.10 ^ clkbuf_leaf_18_clk/Y (BUFx24_ASAP7_75t_R)
                                         clknet_leaf_18_clk (net)
                  0.01    0.00    0.10 ^ u995/CLK (DFFASRHQNx1_ASAP7_75t_R)
    10   10.05    0.10    0.10    0.20 ^ u995/QN (DFFASRHQNx1_ASAP7_75t_R)
                                         state[1] (net)
                  0.10    0.00    0.20 ^ u1007/C (OR3x1_ASAP7_75t_R)
     5    4.84    0.05    0.05    0.25 ^ u1007/Y (OR3x1_ASAP7_75t_R)
                                         n1006 (net)
                  0.05    0.00    0.25 ^ u1594/B (AND2x4_ASAP7_75t_R)
    43   53.44    0.13    0.08    0.33 ^ u1594/Y (AND2x4_ASAP7_75t_R)
                                         n1521 (net)
                  0.13    0.01    0.33 ^ place2804/A (BUFx3_ASAP7_75t_R)
    41   44.80    0.15    0.09    0.42 ^ place2804/Y (BUFx3_ASAP7_75t_R)
                                         net2804 (net)
                  0.15    0.00    0.43 ^ place2800/A (BUFx3_ASAP7_75t_R)
    40   51.28    0.17    0.11    0.53 ^ place2800/Y (BUFx3_ASAP7_75t_R)
                                         net2800 (net)
                  0.17    0.01    0.54 ^ place2799/A (BUFx3_ASAP7_75t_R)
    35   43.82    0.15    0.09    0.63 ^ place2799/Y (BUFx3_ASAP7_75t_R)
                                         net2799 (net)
                  0.15    0.00    0.64 ^ place2798/A (BUFx3_ASAP7_75t_R)
    39   43.52    0.14    0.09    0.73 ^ place2798/Y (BUFx3_ASAP7_75t_R)
                                         net2798 (net)
                  0.14    0.00    0.74 ^ place2797/A (BUFx3_ASAP7_75t_R)
    44   49.34    0.16    0.10    0.84 ^ place2797/Y (BUFx3_ASAP7_75t_R)
                                         net2797 (net)
                  0.16    0.00    0.84 ^ u2074/A2 (AOI21x1_ASAP7_75t_R)
     1    0.76    0.03    0.02    0.87 v u2074/Y (AOI21x1_ASAP7_75t_R)
                                         n158 (net)
                  0.03    0.00    0.87 v u157/D (DFFASRHQNx1_ASAP7_75t_R)
                                  0.87   data arrival time

                          5.00    5.00   clock clk (rise edge)
                          0.00    5.00   clock source latency
     1    8.47    0.00    0.00    5.00 ^ clk (in)
                                         clk (net)
                  0.01    0.00    5.00 ^ clkbuf_0_clk/A (BUFx16f_ASAP7_75t_R)
     8   26.53    0.02    0.02    5.03 ^ clkbuf_0_clk/Y (BUFx16f_ASAP7_75t_R)
                                         clknet_0_clk (net)
                  0.03    0.00    5.03 ^ clkbuf_3_0__f_clk/A (BUFx16f_ASAP7_75t_R)
     9   21.43    0.02    0.03    5.06 ^ clkbuf_3_0__f_clk/Y (BUFx16f_ASAP7_75t_R)
                                         clknet_3_0__leaf_clk (net)
                  0.02    0.00    5.06 ^ clkbuf_leaf_54_clk/A (BUFx24_ASAP7_75t_R)
    24   11.55    0.01    0.03    5.09 ^ clkbuf_leaf_54_clk/Y (BUFx24_ASAP7_75t_R)
                                         clknet_leaf_54_clk (net)
                  0.01    0.00    5.09 ^ u157/CLK (DFFASRHQNx1_ASAP7_75t_R)
                          0.00    5.09   clock reconvergence pessimism
                         -0.01    5.09   library setup time
                                  5.09   data required time
-----------------------------------------------------------------------------
                                  5.09   data required time
                                 -0.87   data arrival time
-----------------------------------------------------------------------------
                                  4.22   slack (MET)



==========================================================================
cts final report_checks -unconstrained
--------------------------------------------------------------------------
Startpoint: u995 (rising edge-triggered flip-flop clocked by clk)
Endpoint: u157 (rising edge-triggered flip-flop clocked by clk)
Path Group: clk
Path Type: max

Fanout     Cap    Slew   Delay    Time   Description
-----------------------------------------------------------------------------
                          0.00    0.00   clock clk (rise edge)
                          0.00    0.00   clock source latency
     1    9.12    0.00    0.00    0.00 ^ clk (in)
                                         clk (net)
                  0.01    0.00    0.00 ^ clkbuf_0_clk/A (BUFx16f_ASAP7_75t_R)
     8   31.68    0.03    0.03    0.03 ^ clkbuf_0_clk/Y (BUFx16f_ASAP7_75t_R)
                                         clknet_0_clk (net)
                  0.03    0.01    0.04 ^ clkbuf_3_5__f_clk/A (BUFx16f_ASAP7_75t_R)
     9   27.75    0.02    0.03    0.07 ^ clkbuf_3_5__f_clk/Y (BUFx16f_ASAP7_75t_R)
                                         clknet_3_5__leaf_clk (net)
                  0.03    0.00    0.07 ^ clkbuf_leaf_18_clk/A (BUFx24_ASAP7_75t_R)
    22   13.50    0.01    0.03    0.10 ^ clkbuf_leaf_18_clk/Y (BUFx24_ASAP7_75t_R)
                                         clknet_leaf_18_clk (net)
                  0.01    0.00    0.10 ^ u995/CLK (DFFASRHQNx1_ASAP7_75t_R)
    10   10.05    0.10    0.10    0.20 ^ u995/QN (DFFASRHQNx1_ASAP7_75t_R)
                                         state[1] (net)
                  0.10    0.00    0.20 ^ u1007/C (OR3x1_ASAP7_75t_R)
     5    4.84    0.05    0.05    0.25 ^ u1007/Y (OR3x1_ASAP7_75t_R)
                                         n1006 (net)
                  0.05    0.00    0.25 ^ u1594/B (AND2x4_ASAP7_75t_R)
    43   53.44    0.13    0.08    0.33 ^ u1594/Y (AND2x4_ASAP7_75t_R)
                                         n1521 (net)
                  0.13    0.01    0.33 ^ place2804/A (BUFx3_ASAP7_75t_R)
    41   44.80    0.15    0.09    0.42 ^ place2804/Y (BUFx3_ASAP7_75t_R)
                                         net2804 (net)
                  0.15    0.00    0.43 ^ place2800/A (BUFx3_ASAP7_75t_R)
    40   51.28    0.17    0.11    0.53 ^ place2800/Y (BUFx3_ASAP7_75t_R)
                                         net2800 (net)
                  0.17    0.01    0.54 ^ place2799/A (BUFx3_ASAP7_75t_R)
    35   43.82    0.15    0.09    0.63 ^ place2799/Y (BUFx3_ASAP7_75t_R)
                                         net2799 (net)
                  0.15    0.00    0.64 ^ place2798/A (BUFx3_ASAP7_75t_R)
    39   43.52    0.14    0.09    0.73 ^ place2798/Y (BUFx3_ASAP7_75t_R)
                                         net2798 (net)
                  0.14    0.00    0.74 ^ place2797/A (BUFx3_ASAP7_75t_R)
    44   49.34    0.16    0.10    0.84 ^ place2797/Y (BUFx3_ASAP7_75t_R)
                                         net2797 (net)
                  0.16    0.00    0.84 ^ u2074/A2 (AOI21x1_ASAP7_75t_R)
     1    0.76    0.03    0.02    0.87 v u2074/Y (AOI21x1_ASAP7_75t_R)
                                         n158 (net)
                  0.03    0.00    0.87 v u157/D (DFFASRHQNx1_ASAP7_75t_R)
                                  0.87   data arrival time

                          5.00    5.00   clock clk (rise edge)
                          0.00    5.00   clock source latency
     1    8.47    0.00    0.00    5.00 ^ clk (in)
                                         clk (net)
                  0.01    0.00    5.00 ^ clkbuf_0_clk/A (BUFx16f_ASAP7_75t_R)
     8   26.53    0.02    0.02    5.03 ^ clkbuf_0_clk/Y (BUFx16f_ASAP7_75t_R)
                                         clknet_0_clk (net)
                  0.03    0.00    5.03 ^ clkbuf_3_0__f_clk/A (BUFx16f_ASAP7_75t_R)
     9   21.43    0.02    0.03    5.06 ^ clkbuf_3_0__f_clk/Y (BUFx16f_ASAP7_75t_R)
                                         clknet_3_0__leaf_clk (net)
                  0.02    0.00    5.06 ^ clkbuf_leaf_54_clk/A (BUFx24_ASAP7_75t_R)
    24   11.55    0.01    0.03    5.09 ^ clkbuf_leaf_54_clk/Y (BUFx24_ASAP7_75t_R)
                                         clknet_leaf_54_clk (net)
                  0.01    0.00    5.09 ^ u157/CLK (DFFASRHQNx1_ASAP7_75t_R)
                          0.00    5.09   clock reconvergence pessimism
                         -0.01    5.09   library setup time
                                  5.09   data required time
-----------------------------------------------------------------------------
                                  5.09   data required time
                                 -0.87   data arrival time
-----------------------------------------------------------------------------
                                  4.22   slack (MET)



==========================================================================
cts final report_check_types -max_slew -max_cap -max_fanout -violators
--------------------------------------------------------------------------

==========================================================================
cts final max_slew_check_slack
--------------------------------------------------------------------------
0.05790695920586586

==========================================================================
cts final max_slew_check_limit
--------------------------------------------------------------------------
0.320000022649765

==========================================================================
cts final max_slew_check_slack_limit
--------------------------------------------------------------------------
0.1810

==========================================================================
cts final max_fanout_check_slack
--------------------------------------------------------------------------
1.0000000150474662e+30

==========================================================================
cts final max_fanout_check_limit
--------------------------------------------------------------------------
1.0000000150474662e+30

==========================================================================
cts final max_capacitance_check_slack
--------------------------------------------------------------------------
-0.14661462604999542

==========================================================================
cts final max_capacitance_check_limit
--------------------------------------------------------------------------
23.040000915527344

==========================================================================
cts final max_capacitance_check_slack_limit
--------------------------------------------------------------------------
-0.0064

==========================================================================
cts final max_slew_violation_count
--------------------------------------------------------------------------
max slew violation count 0

==========================================================================
cts final max_fanout_violation_count
--------------------------------------------------------------------------
max fanout violation count 0

==========================================================================
cts final max_cap_violation_count
--------------------------------------------------------------------------
max cap violation count 0

==========================================================================
cts final setup_violation_count
--------------------------------------------------------------------------
setup violation count 0

==========================================================================
cts final hold_violation_count
--------------------------------------------------------------------------
hold violation count 0

==========================================================================
cts final report_checks -path_delay max reg to reg
--------------------------------------------------------------------------
Startpoint: u995 (rising edge-triggered flip-flop clocked by clk)
Endpoint: u157 (rising edge-triggered flip-flop clocked by clk)
Path Group: clk
Path Type: max

  Delay    Time   Description
---------------------------------------------------------
   0.00    0.00   clock clk (rise edge)
   0.00    0.00   clock source latency
   0.00    0.00 ^ clk (in)
   0.03    0.03 ^ clkbuf_0_clk/Y (BUFx16f_ASAP7_75t_R)
   0.04    0.07 ^ clkbuf_3_5__f_clk/Y (BUFx16f_ASAP7_75t_R)
   0.03    0.10 ^ clkbuf_leaf_18_clk/Y (BUFx24_ASAP7_75t_R)
   0.00    0.10 ^ u995/CLK (DFFASRHQNx1_ASAP7_75t_R)
   0.10    0.20 ^ u995/QN (DFFASRHQNx1_ASAP7_75t_R)
   0.05    0.25 ^ u1007/Y (OR3x1_ASAP7_75t_R)
   0.08    0.33 ^ u1594/Y (AND2x4_ASAP7_75t_R)
   0.09    0.42 ^ place2804/Y (BUFx3_ASAP7_75t_R)
   0.11    0.53 ^ place2800/Y (BUFx3_ASAP7_75t_R)
   0.10    0.63 ^ place2799/Y (BUFx3_ASAP7_75t_R)
   0.10    0.73 ^ place2798/Y (BUFx3_ASAP7_75t_R)
   0.11    0.84 ^ place2797/Y (BUFx3_ASAP7_75t_R)
   0.03    0.87 v u2074/Y (AOI21x1_ASAP7_75t_R)
   0.00    0.87 v u157/D (DFFASRHQNx1_ASAP7_75t_R)
           0.87   data arrival time

   5.00    5.00   clock clk (rise edge)
   0.00    5.00   clock source latency
   0.00    5.00 ^ clk (in)
   0.03    5.03 ^ clkbuf_0_clk/Y (BUFx16f_ASAP7_75t_R)
   0.03    5.06 ^ clkbuf_3_0__f_clk/Y (BUFx16f_ASAP7_75t_R)
   0.03    5.09 ^ clkbuf_leaf_54_clk/Y (BUFx24_ASAP7_75t_R)
   0.00    5.09 ^ u157/CLK (DFFASRHQNx1_ASAP7_75t_R)
   0.00    5.09   clock reconvergence pessimism
  -0.01    5.09   library setup time
           5.09   data required time
---------------------------------------------------------
           5.09   data required time
          -0.87   data arrival time
---------------------------------------------------------
           4.22   slack (MET)



==========================================================================
cts final report_checks -path_delay min reg to reg
--------------------------------------------------------------------------
Startpoint: u911 (rising edge-triggered flip-flop clocked by clk)
Endpoint: u911 (rising edge-triggered flip-flop clocked by clk)
Path Group: clk
Path Type: min

  Delay    Time   Description
---------------------------------------------------------
   0.00    0.00   clock clk (rise edge)
   0.00    0.00   clock source latency
   0.00    0.00 ^ clk (in)
   0.03    0.03 ^ clkbuf_0_clk/Y (BUFx16f_ASAP7_75t_R)
   0.03    0.06 ^ clkbuf_3_5__f_clk/Y (BUFx16f_ASAP7_75t_R)
   0.03    0.09 ^ clkbuf_leaf_20_clk/Y (BUFx24_ASAP7_75t_R)
   0.00    0.09 ^ u911/CLK (DFFASRHQNx1_ASAP7_75t_R)
   0.06    0.15 ^ u911/QN (DFFASRHQNx1_ASAP7_75t_R)
   0.01    0.16 v u5543/Y (AOI22x1_ASAP7_75t_R)
   0.00    0.16 v u911/D (DFFASRHQNx1_ASAP7_75t_R)
           0.16   data arrival time

   0.00    0.00   clock clk (rise edge)
   0.00    0.00   clock source latency
   0.00    0.00 ^ clk (in)
   0.03    0.03 ^ clkbuf_0_clk/Y (BUFx16f_ASAP7_75t_R)
   0.04    0.07 ^ clkbuf_3_5__f_clk/Y (BUFx16f_ASAP7_75t_R)
   0.03    0.10 ^ clkbuf_leaf_20_clk/Y (BUFx24_ASAP7_75t_R)
   0.00    0.10 ^ u911/CLK (DFFASRHQNx1_ASAP7_75t_R)
  -0.01    0.09   clock reconvergence pessimism
   0.01    0.11   library hold time
           0.11   data required time
---------------------------------------------------------
           0.11   data required time
          -0.16   data arrival time
---------------------------------------------------------
           0.06   slack (MET)



==========================================================================
cts final critical path target clock latency max path
--------------------------------------------------------------------------
0.0923

==========================================================================
cts final critical path target clock latency min path
--------------------------------------------------------------------------
0.0993

==========================================================================
cts final critical path source clock latency min path
--------------------------------------------------------------------------
0.0000

==========================================================================
cts final critical path delay
--------------------------------------------------------------------------
0.8666

==========================================================================
cts final critical path slack
--------------------------------------------------------------------------
4.2219

==========================================================================
cts final slack div critical path delay
--------------------------------------------------------------------------
487.179783

==========================================================================
cts final report_power
--------------------------------------------------------------------------
Group                  Internal  Switching    Leakage      Total
                          Power      Power      Power      Power (Watts)
----------------------------------------------------------------
Sequential             4.63e-04   1.44e-04   2.15e-07   6.07e-04  24.3%
Combinational          7.67e-04   8.66e-04   5.36e-07   1.63e-03  65.3%
Clock                  1.55e-04   1.05e-04   5.81e-08   2.60e-04  10.4%
Macro                  0.00e+00   0.00e+00   0.00e+00   0.00e+00   0.0%
Pad                    0.00e+00   0.00e+00   0.00e+00   0.00e+00   0.0%
----------------------------------------------------------------
Total                  1.38e-03   1.11e-03   8.09e-07   2.50e-03 100.0%
                          55.4%      44.6%       0.0%