
==========================================================================
global route report_tns
--------------------------------------------------------------------------
tns max 0.00

==========================================================================
global route report_wns
--------------------------------------------------------------------------
wns max 0.00

==========================================================================
global route report_worst_slack
--------------------------------------------------------------------------
worst slack max 4.20

==========================================================================
global route report_clock_min_period
--------------------------------------------------------------------------
clk period_min = 0.80 fmax = 1242.99

==========================================================================
global route report_clock_skew
--------------------------------------------------------------------------
Clock clk
   0.11 source latency u1055/CLK ^
  -0.09 target latency u628/CLK ^
  -0.00 CRPR
--------------
   0.01 setup skew


==========================================================================
global route report_checks -path_delay min
--------------------------------------------------------------------------
Startpoint: u (input port clocked by clk)
Endpoint: u997 (rising edge-triggered flip-flop clocked by clk)
Path Group: clk
Path Type: min

Fanout     Cap    Slew   Delay    Time   Description
-----------------------------------------------------------------------------
                          0.00    0.00   clock clk (rise edge)
                          0.00    0.00   clock network delay (propagated)
                          0.00    0.00 ^ input external delay
     1    0.64    0.00    0.00    0.00 ^ u (in)
                                         u (net)
                  0.00    0.00    0.00 ^ hold2951/A (BUFx2_ASAP7_75t_R)
     1    0.70    0.01    0.01    0.01 ^ hold2951/Y (BUFx2_ASAP7_75t_R)
                                         net2951 (net)
                  0.01    0.00    0.01 ^ hold2914/A (BUFx2_ASAP7_75t_R)
     1    0.96    0.01    0.02    0.03 ^ hold2914/Y (BUFx2_ASAP7_75t_R)
                                         net2914 (net)
                  0.01    0.00    0.03 ^ input1577/A (BUFx2_ASAP7_75t_R)
     1    0.53    0.01    0.02    0.05 ^ input1577/Y (BUFx2_ASAP7_75t_R)
                                         net1577 (net)
                  0.01    0.00    0.05 ^ hold2915/A (BUFx2_ASAP7_75t_R)
     1    0.55    0.01    0.02    0.06 ^ hold2915/Y (BUFx2_ASAP7_75t_R)
                                         net2915 (net)
                  0.01    0.00    0.06 ^ u5856/A (INVx1_ASAP7_75t_R)
     1    0.69    0.01    0.01    0.07 v u5856/Y (INVx1_ASAP7_75t_R)
                                         n4861 (net)
                  0.01    0.00    0.07 v hold2916/A (BUFx2_ASAP7_75t_R)
     1    0.59    0.01    0.02    0.09 v hold2916/Y (BUFx2_ASAP7_75t_R)
                                         net2916 (net)
                  0.01    0.00    0.09 v u5857/A1 (AO32x1_ASAP7_75t_R)
     1    0.46    0.01    0.02    0.11 v u5857/Y (AO32x1_ASAP7_75t_R)
                                         n998 (net)
                  0.01    0.00    0.11 v hold2917/A (BUFx2_ASAP7_75t_R)
     1    0.55    0.01    0.02    0.13 v hold2917/Y (BUFx2_ASAP7_75t_R)
                                         net2917 (net)
                  0.01    0.00    0.13 v u997/D (DFFASRHQNx1_ASAP7_75t_R)
                                  0.13   data arrival time

                          0.00    0.00   clock clk (rise edge)
                          0.00    0.00   clock source latency
     1   10.65    0.00    0.00    0.00 ^ clk (in)
                                         clk (net)
                  0.01    0.00    0.00 ^ clkbuf_0_clk/A (BUFx16f_ASAP7_75t_R)
     8   34.65    0.03    0.02    0.03 ^ clkbuf_0_clk/Y (BUFx16f_ASAP7_75t_R)
                                         clknet_0_clk (net)
                  0.04    0.01    0.03 ^ clkbuf_3_5__f_clk/A (BUFx16f_ASAP7_75t_R)
     9   29.98    0.03    0.03    0.07 ^ clkbuf_3_5__f_clk/Y (BUFx16f_ASAP7_75t_R)
                                         clknet_3_5__leaf_clk (net)
                  0.03    0.00    0.07 ^ clkbuf_leaf_17_clk/A (BUFx24_ASAP7_75t_R)
    21   14.84    0.02    0.03    0.10 ^ clkbuf_leaf_17_clk/Y (BUFx24_ASAP7_75t_R)
                                         clknet_leaf_17_clk (net)
                  0.02    0.00    0.10 ^ u997/CLK (DFFASRHQNx1_ASAP7_75t_R)
                          0.00    0.10   clock reconvergence pessimism
                          0.01    0.12   library hold time
                                  0.12   data required time
-----------------------------------------------------------------------------
                                  0.12   data required time
                                 -0.13   data arrival time
-----------------------------------------------------------------------------
                                  0.01   slack (MET)



==========================================================================
global route report_checks -path_delay max
--------------------------------------------------------------------------
Startpoint: u995 (rising edge-triggered flip-flop clocked by clk)
Endpoint: u263 (rising edge-triggered flip-flop clocked by clk)
Path Group: clk
Path Type: max

Fanout     Cap    Slew   Delay    Time   Description
-----------------------------------------------------------------------------
                          0.00    0.00   clock clk (rise edge)
                          0.00    0.00   clock source latency
     1   10.65    0.00    0.00    0.00 ^ clk (in)
                                         clk (net)
                  0.01    0.00    0.00 ^ clkbuf_0_clk/A (BUFx16f_ASAP7_75t_R)
     8   34.65    0.03    0.02    0.03 ^ clkbuf_0_clk/Y (BUFx16f_ASAP7_75t_R)
                                         clknet_0_clk (net)
                  0.04    0.01    0.03 ^ clkbuf_3_5__f_clk/A (BUFx16f_ASAP7_75t_R)
     9   29.98    0.03    0.03    0.07 ^ clkbuf_3_5__f_clk/Y (BUFx16f_ASAP7_75t_R)
                                         clknet_3_5__leaf_clk (net)
                  0.03    0.00    0.07 ^ clkbuf_leaf_18_clk/A (BUFx24_ASAP7_75t_R)
    22   14.64    0.02    0.03    0.10 ^ clkbuf_leaf_18_clk/Y (BUFx24_ASAP7_75t_R)
                                         clknet_leaf_18_clk (net)
                  0.02    0.00    0.10 ^ u995/CLK (DFFASRHQNx1_ASAP7_75t_R)
    10   10.61    0.11    0.10    0.21 ^ u995/QN (DFFASRHQNx1_ASAP7_75t_R)
                                         state[1] (net)
                  0.11    0.00    0.21 ^ u1007/C (OR3x1_ASAP7_75t_R)
     5    5.12    0.05    0.05    0.26 ^ u1007/Y (OR3x1_ASAP7_75t_R)
                                         n1006 (net)
                  0.05    0.00    0.26 ^ u1594/B (AND2x4_ASAP7_75t_R)
    43   54.75    0.14    0.07    0.33 ^ u1594/Y (AND2x4_ASAP7_75t_R)
                                         n1521 (net)
                  0.14    0.01    0.34 ^ place2804/A (BUFx3_ASAP7_75t_R)
    41   46.76    0.16    0.09    0.43 ^ place2804/Y (BUFx3_ASAP7_75t_R)
                                         net2804 (net)
                  0.16    0.01    0.44 ^ place2800/A (BUFx3_ASAP7_75t_R)
    40   52.71    0.18    0.10    0.54 ^ place2800/Y (BUFx3_ASAP7_75t_R)
                                         net2800 (net)
                  0.18    0.02    0.56 ^ place2799/A (BUFx3_ASAP7_75t_R)
    35   45.57    0.16    0.09    0.65 ^ place2799/Y (BUFx3_ASAP7_75t_R)
                                         net2799 (net)
                  0.16    0.01    0.66 ^ place2798/A (BUFx3_ASAP7_75t_R)
    39   45.65    0.15    0.10    0.75 ^ place2798/Y (BUFx3_ASAP7_75t_R)
                                         net2798 (net)
                  0.15    0.00    0.76 ^ place2797/A (BUFx3_ASAP7_75t_R)
    44   51.38    0.17    0.11    0.87 ^ place2797/Y (BUFx3_ASAP7_75t_R)
                                         net2797 (net)
                  0.17    0.01    0.87 ^ u2576/A2 (AOI21x1_ASAP7_75t_R)
     1    0.83    0.03    0.02    0.90 v u2576/Y (AOI21x1_ASAP7_75t_R)
                                         n264 (net)
                  0.03    0.00    0.90 v u263/D (DFFASRHQNx1_ASAP7_75t_R)
                                  0.90   data arrival time

                          5.00    5.00   clock clk (rise edge)
                          0.00    5.00   clock source latency
     1   10.01    0.00    0.00    5.00 ^ clk (in)
                                         clk (net)
                  0.01    0.00    5.00 ^ clkbuf_0_clk/A (BUFx16f_ASAP7_75t_R)
     8   29.49    0.03    0.02    5.03 ^ clkbuf_0_clk/Y (BUFx16f_ASAP7_75t_R)
                                         clknet_0_clk (net)
                  0.03    0.01    5.03 ^ clkbuf_3_0__f_clk/A (BUFx16f_ASAP7_75t_R)
     9   23.30    0.02    0.03    5.06 ^ clkbuf_3_0__f_clk/Y (BUFx16f_ASAP7_75t_R)
                                         clknet_3_0__leaf_clk (net)
                  0.02    0.00    5.07 ^ clkbuf_leaf_54_clk/A (BUFx24_ASAP7_75t_R)
    24   12.91    0.01    0.03    5.10 ^ clkbuf_leaf_54_clk/Y (BUFx24_ASAP7_75t_R)
                                         clknet_leaf_54_clk (net)
                  0.01    0.00    5.10 ^ u263/CLK (DFFASRHQNx1_ASAP7_75t_R)
                          0.00    5.10   clock reconvergence pessimism
                         -0.01    5.09   library setup time
                                  5.09   data required time
-----------------------------------------------------------------------------
                                  5.09   data required time
                                 -0.90   data arrival time
-----------------------------------------------------------------------------
                                  4.20   slack (MET)



==========================================================================
global route report_checks -unconstrained
--------------------------------------------------------------------------
Startpoint: u995 (rising edge-triggered flip-flop clocked by clk)
Endpoint: u263 (rising edge-triggered flip-flop clocked by clk)
Path Group: clk
Path Type: max

Fanout     Cap    Slew   Delay    Time   Description
-----------------------------------------------------------------------------
                          0.00    0.00   clock clk (rise edge)
                          0.00    0.00   clock source latency
     1   10.65    0.00    0.00    0.00 ^ clk (in)
                                         clk (net)
                  0.01    0.00    0.00 ^ clkbuf_0_clk/A (BUFx16f_ASAP7_75t_R)
     8   34.65    0.03    0.02    0.03 ^ clkbuf_0_clk/Y (BUFx16f_ASAP7_75t_R)
                                         clknet_0_clk (net)
                  0.04    0.01    0.03 ^ clkbuf_3_5__f_clk/A (BUFx16f_ASAP7_75t_R)
     9   29.98    0.03    0.03    0.07 ^ clkbuf_3_5__f_clk/Y (BUFx16f_ASAP7_75t_R)
                                         clknet_3_5__leaf_clk (net)
                  0.03    0.00    0.07 ^ clkbuf_leaf_18_clk/A (BUFx24_ASAP7_75t_R)
    22   14.64    0.02    0.03    0.10 ^ clkbuf_leaf_18_clk/Y (BUFx24_ASAP7_75t_R)
                                         clknet_leaf_18_clk (net)
                  0.02    0.00    0.10 ^ u995/CLK (DFFASRHQNx1_ASAP7_75t_R)
    10   10.61    0.11    0.10    0.21 ^ u995/QN (DFFASRHQNx1_ASAP7_75t_R)
                                         state[1] (net)
                  0.11    0.00    0.21 ^ u1007/C (OR3x1_ASAP7_75t_R)
     5    5.12    0.05    0.05    0.26 ^ u1007/Y (OR3x1_ASAP7_75t_R)
                                         n1006 (net)
                  0.05    0.00    0.26 ^ u1594/B (AND2x4_ASAP7_75t_R)
    43   54.75    0.14    0.07    0.33 ^ u1594/Y (AND2x4_ASAP7_75t_R)
                                         n1521 (net)
                  0.14    0.01    0.34 ^ place2804/A (BUFx3_ASAP7_75t_R)
    41   46.76    0.16    0.09    0.43 ^ place2804/Y (BUFx3_ASAP7_75t_R)
                                         net2804 (net)
                  0.16    0.01    0.44 ^ place2800/A (BUFx3_ASAP7_75t_R)
    40   52.71    0.18    0.10    0.54 ^ place2800/Y (BUFx3_ASAP7_75t_R)
                                         net2800 (net)
                  0.18    0.02    0.56 ^ place2799/A (BUFx3_ASAP7_75t_R)
    35   45.57    0.16    0.09    0.65 ^ place2799/Y (BUFx3_ASAP7_75t_R)
                                         net2799 (net)
                  0.16    0.01    0.66 ^ place2798/A (BUFx3_ASAP7_75t_R)
    39   45.65    0.15    0.10    0.75 ^ place2798/Y (BUFx3_ASAP7_75t_R)
                                         net2798 (net)
                  0.15    0.00    0.76 ^ place2797/A (BUFx3_ASAP7_75t_R)
    44   51.38    0.17    0.11    0.87 ^ place2797/Y (BUFx3_ASAP7_75t_R)
                                         net2797 (net)
                  0.17    0.01    0.87 ^ u2576/A2 (AOI21x1_ASAP7_75t_R)
     1    0.83    0.03    0.02    0.90 v u2576/Y (AOI21x1_ASAP7_75t_R)
                                         n264 (net)
                  0.03    0.00    0.90 v u263/D (DFFASRHQNx1_ASAP7_75t_R)
                                  0.90   data arrival time

                          5.00    5.00   clock clk (rise edge)
                          0.00    5.00   clock source latency
     1   10.01    0.00    0.00    5.00 ^ clk (in)
                                         clk (net)
                  0.01    0.00    5.00 ^ clkbuf_0_clk/A (BUFx16f_ASAP7_75t_R)
     8   29.49    0.03    0.02    5.03 ^ clkbuf_0_clk/Y (BUFx16f_ASAP7_75t_R)
                                         clknet_0_clk (net)
                  0.03    0.01    5.03 ^ clkbuf_3_0__f_clk/A (BUFx16f_ASAP7_75t_R)
     9   23.30    0.02    0.03    5.06 ^ clkbuf_3_0__f_clk/Y (BUFx16f_ASAP7_75t_R)
                                         clknet_3_0__leaf_clk (net)
                  0.02    0.00    5.07 ^ clkbuf_leaf_54_clk/A (BUFx24_ASAP7_75t_R)
    24   12.91    0.01    0.03    5.10 ^ clkbuf_leaf_54_clk/Y (BUFx24_ASAP7_75t_R)
                                         clknet_leaf_54_clk (net)
                  0.01    0.00    5.10 ^ u263/CLK (DFFASRHQNx1_ASAP7_75t_R)
                          0.00    5.10   clock reconvergence pessimism
                         -0.01    5.09   library setup time
                                  5.09   data required time
-----------------------------------------------------------------------------
                                  5.09   data required time
                                 -0.90   data arrival time
-----------------------------------------------------------------------------
                                  4.20   slack (MET)



==========================================================================
global route report_check_types -max_slew -max_cap -max_fanout -violators
--------------------------------------------------------------------------

==========================================================================
global route max_slew_check_slack
--------------------------------------------------------------------------
0.04109107702970505

==========================================================================
global route max_slew_check_limit
--------------------------------------------------------------------------
0.320000022649765

==========================================================================
global route max_slew_check_slack_limit
--------------------------------------------------------------------------
0.1284

==========================================================================
global route max_fanout_check_slack
--------------------------------------------------------------------------
1.0000000150474662e+30

==========================================================================
global route max_fanout_check_limit
--------------------------------------------------------------------------
1.0000000150474662e+30

==========================================================================
global route max_capacitance_check_slack
--------------------------------------------------------------------------
0.09301099181175232

==========================================================================
global route max_capacitance_check_limit
--------------------------------------------------------------------------
23.040000915527344

==========================================================================
global route max_capacitance_check_slack_limit
--------------------------------------------------------------------------
0.0040

==========================================================================
global route max_slew_violation_count
--------------------------------------------------------------------------
max slew violation count 0

==========================================================================
global route max_fanout_violation_count
--------------------------------------------------------------------------
max fanout violation count 0

==========================================================================
global route max_cap_violation_count
--------------------------------------------------------------------------
max cap violation count 0

==========================================================================
global route setup_violation_count
--------------------------------------------------------------------------
setup violation count 0

==========================================================================
global route hold_violation_count
--------------------------------------------------------------------------
hold violation count 0

==========================================================================
global route report_checks -path_delay max reg to reg
--------------------------------------------------------------------------
Startpoint: u995 (rising edge-triggered flip-flop clocked by clk)
Endpoint: u263 (rising edge-triggered flip-flop clocked by clk)
Path Group: clk
Path Type: max

  Delay    Time   Description
---------------------------------------------------------
   0.00    0.00   clock clk (rise edge)
   0.00    0.00   clock source latency
   0.00    0.00 ^ clk (in)
   0.03    0.03 ^ clkbuf_0_clk/Y (BUFx16f_ASAP7_75t_R)
   0.04    0.07 ^ clkbuf_3_5__f_clk/Y (BUFx16f_ASAP7_75t_R)
   0.03    0.10 ^ clkbuf_leaf_18_clk/Y (BUFx24_ASAP7_75t_R)
   0.00    0.10 ^ u995/CLK (DFFASRHQNx1_ASAP7_75t_R)
   0.10    0.21 ^ u995/QN (DFFASRHQNx1_ASAP7_75t_R)
   0.05    0.26 ^ u1007/Y (OR3x1_ASAP7_75t_R)
   0.07    0.33 ^ u1594/Y (AND2x4_ASAP7_75t_R)
   0.10    0.43 ^ place2804/Y (BUFx3_ASAP7_75t_R)
   0.11    0.54 ^ place2800/Y (BUFx3_ASAP7_75t_R)
   0.11    0.65 ^ place2799/Y (BUFx3_ASAP7_75t_R)
   0.10    0.75 ^ place2798/Y (BUFx3_ASAP7_75t_R)
   0.11    0.87 ^ place2797/Y (BUFx3_ASAP7_75t_R)
   0.03    0.90 v u2576/Y (AOI21x1_ASAP7_75t_R)
   0.00    0.90 v u263/D (DFFASRHQNx1_ASAP7_75t_R)
           0.90   data arrival time

   5.00    5.00   clock clk (rise edge)
   0.00    5.00   clock source latency
   0.00    5.00 ^ clk (in)
   0.03    5.03 ^ clkbuf_0_clk/Y (BUFx16f_ASAP7_75t_R)
   0.04    5.06 ^ clkbuf_3_0__f_clk/Y (BUFx16f_ASAP7_75t_R)
   0.03    5.10 ^ clkbuf_leaf_54_clk/Y (BUFx24_ASAP7_75t_R)
   0.00    5.10 ^ u263/CLK (DFFASRHQNx1_ASAP7_75t_R)
   0.00    5.10   clock reconvergence pessimism
  -0.01    5.09   library setup time
           5.09   data required time
---------------------------------------------------------
           5.09   data required time
          -0.90   data arrival time
---------------------------------------------------------
           4.20   slack (MET)



==========================================================================
global route report_checks -path_delay min reg to reg
--------------------------------------------------------------------------
Startpoint: u892 (rising edge-triggered flip-flop clocked by clk)
Endpoint: u892 (rising edge-triggered flip-flop clocked by clk)
Path Group: clk
Path Type: min

  Delay    Time   Description
---------------------------------------------------------
   0.00    0.00   clock clk (rise edge)
   0.00    0.00   clock source latency
   0.00    0.00 ^ clk (in)
   0.03    0.03 ^ clkbuf_0_clk/Y (BUFx16f_ASAP7_75t_R)
   0.04    0.06 ^ clkbuf_3_4__f_clk/Y (BUFx16f_ASAP7_75t_R)
   0.03    0.09 ^ clkbuf_leaf_11_clk/Y (BUFx24_ASAP7_75t_R)
   0.00    0.10 ^ u892/CLK (DFFASRHQNx1_ASAP7_75t_R)
   0.06    0.16 ^ u892/QN (DFFASRHQNx1_ASAP7_75t_R)
   0.01    0.17 v u5479/Y (AOI22x1_ASAP7_75t_R)
   0.00    0.17 v u892/D (DFFASRHQNx1_ASAP7_75t_R)
           0.17   data arrival time

   0.00    0.00   clock clk (rise edge)
   0.00    0.00   clock source latency
   0.00    0.00 ^ clk (in)
   0.03    0.03 ^ clkbuf_0_clk/Y (BUFx16f_ASAP7_75t_R)
   0.04    0.07 ^ clkbuf_3_4__f_clk/Y (BUFx16f_ASAP7_75t_R)
   0.03    0.10 ^ clkbuf_leaf_11_clk/Y (BUFx24_ASAP7_75t_R)
   0.00    0.10 ^ u892/CLK (DFFASRHQNx1_ASAP7_75t_R)
  -0.01    0.10   clock reconvergence pessimism
   0.01    0.11   library hold time
           0.11   data required time
---------------------------------------------------------
           0.11   data required time
          -0.17   data arrival time
---------------------------------------------------------
           0.06   slack (MET)



==========================================================================
global route critical path target clock latency max path
--------------------------------------------------------------------------
0.0955

==========================================================================
global route critical path target clock latency min path
--------------------------------------------------------------------------
0.1037

==========================================================================
global route critical path source clock latency min path
--------------------------------------------------------------------------
0.0000

==========================================================================
global route critical path delay
--------------------------------------------------------------------------
0.8956

==========================================================================
global route critical path slack
--------------------------------------------------------------------------
4.1955

==========================================================================
global route slack div critical path delay
--------------------------------------------------------------------------
468.456900

==========================================================================
global route report_power
--------------------------------------------------------------------------
Group                  Internal  Switching    Leakage      Total
                          Power      Power      Power      Power (Watts)
----------------------------------------------------------------
Sequential             4.62e-04   1.54e-04   2.15e-07   6.16e-04  23.8%
Combinational          7.70e-04   9.36e-04   5.36e-07   1.71e-03  65.9%
Clock                  1.55e-04   1.13e-04   5.81e-08   2.68e-04  10.4%
Macro                  0.00e+00   0.00e+00   0.00e+00   0.00e+00   0.0%
Pad                    0.00e+00   0.00e+00   0.00e+00   0.00e+00   0.0%
----------------------------------------------------------------
Total                  1.39e-03   1.20e-03   8.09e-07   2.59e-03 100.0%
                          53.5%      46.4%       0.0%