
==========================================================================
finish report_tns
--------------------------------------------------------------------------
tns max 0.00

==========================================================================
finish report_wns
--------------------------------------------------------------------------
wns max 0.00

==========================================================================
finish report_worst_slack
--------------------------------------------------------------------------
worst slack max 4.22

==========================================================================
finish report_clock_min_period
--------------------------------------------------------------------------
clk period_min = 0.78 fmax = 1283.71

==========================================================================
finish report_clock_skew
--------------------------------------------------------------------------
Clock clk
   0.10 source latency u1939/CLK ^
  -0.08 target latency u211/CLK ^
  -0.00 CRPR
--------------
   0.01 setup skew


==========================================================================
finish report_checks -path_delay min
--------------------------------------------------------------------------
Startpoint: u (input port clocked by clk)
Endpoint: u997 (rising edge-triggered flip-flop clocked by clk)
Path Group: clk
Path Type: min

Fanout     Cap    Slew   Delay    Time   Description
-----------------------------------------------------------------------------
                          0.00    0.00   clock clk (rise edge)
                          0.00    0.00   clock network delay (propagated)
                          0.00    0.00 ^ input external delay
     1    0.51    0.00    0.00    0.00 ^ u (in)
                                         u (net)
                  0.00    0.00    0.00 ^ hold2951/A (BUFx2_ASAP7_75t_R)
     1    0.59    0.01    0.01    0.01 ^ hold2951/Y (BUFx2_ASAP7_75t_R)
                                         net2951 (net)
                  0.01    0.00    0.01 ^ hold2914/A (BUFx2_ASAP7_75t_R)
     1    0.71    0.01    0.02    0.03 ^ hold2914/Y (BUFx2_ASAP7_75t_R)
                                         net2914 (net)
                  0.01    0.00    0.03 ^ input1577/A (BUFx2_ASAP7_75t_R)
     1    0.41    0.01    0.02    0.05 ^ input1577/Y (BUFx2_ASAP7_75t_R)
                                         net1577 (net)
                  0.01    0.00    0.05 ^ hold2915/A (BUFx2_ASAP7_75t_R)
     1    0.51    0.01    0.02    0.06 ^ hold2915/Y (BUFx2_ASAP7_75t_R)
                                         net2915 (net)
                  0.01    0.00    0.06 ^ u5856/A (INVx1_ASAP7_75t_R)
     1    0.45    0.01    0.01    0.07 v u5856/Y (INVx1_ASAP7_75t_R)
                                         n4861 (net)
                  0.01    0.00    0.07 v hold2916/A (BUFx2_ASAP7_75t_R)
     1    0.55    0.01    0.02    0.08 v hold2916/Y (BUFx2_ASAP7_75t_R)
                                         net2916 (net)
                  0.01    0.00    0.08 v u5857/A1 (AO32x1_ASAP7_75t_R)
     1    0.45    0.01    0.02    0.10 v u5857/Y (AO32x1_ASAP7_75t_R)
                                         n998 (net)
                  0.01    0.00    0.10 v hold2917/A (BUFx2_ASAP7_75t_R)
     1    0.53    0.01    0.02    0.12 v hold2917/Y (BUFx2_ASAP7_75t_R)
                                         net2917 (net)
                  0.01    0.00    0.12 v u997/D (DFFASRHQNx1_ASAP7_75t_R)
                                  0.12   data arrival time

                          0.00    0.00   clock clk (rise edge)
                          0.00    0.00   clock source latency
     1    7.23    0.00    0.00    0.00 ^ clk (in)
                                         clk (net)
                  0.01    0.00    0.00 ^ clkbuf_0_clk/A (BUFx16f_ASAP7_75t_R)
     8   28.30    0.03    0.02    0.03 ^ clkbuf_0_clk/Y (BUFx16f_ASAP7_75t_R)
                                         clknet_0_clk (net)
                  0.03    0.01    0.03 ^ clkbuf_3_5__f_clk/A (BUFx16f_ASAP7_75t_R)
     9   26.60    0.02    0.03    0.06 ^ clkbuf_3_5__f_clk/Y (BUFx16f_ASAP7_75t_R)
                                         clknet_3_5__leaf_clk (net)
                  0.03    0.00    0.06 ^ clkbuf_leaf_17_clk/A (BUFx24_ASAP7_75t_R)
    21   13.09    0.01    0.03    0.09 ^ clkbuf_leaf_17_clk/Y (BUFx24_ASAP7_75t_R)
                                         clknet_leaf_17_clk (net)
                  0.02    0.00    0.09 ^ u997/CLK (DFFASRHQNx1_ASAP7_75t_R)
                          0.00    0.09   clock reconvergence pessimism
                          0.01    0.11   library hold time
                                  0.11   data required time
-----------------------------------------------------------------------------
                                  0.11   data required time
                                 -0.12   data arrival time
-----------------------------------------------------------------------------
                                  0.01   slack (MET)



==========================================================================
finish report_checks -path_delay max
--------------------------------------------------------------------------
Startpoint: u995 (rising edge-triggered flip-flop clocked by clk)
Endpoint: u158 (rising edge-triggered flip-flop clocked by clk)
Path Group: clk
Path Type: max

Fanout     Cap    Slew   Delay    Time   Description
-----------------------------------------------------------------------------
                          0.00    0.00   clock clk (rise edge)
                          0.00    0.00   clock source latency
     1    7.23    0.00    0.00    0.00 ^ clk (in)
                                         clk (net)
                  0.01    0.00    0.00 ^ clkbuf_0_clk/A (BUFx16f_ASAP7_75t_R)
     8   28.30    0.03    0.02    0.03 ^ clkbuf_0_clk/Y (BUFx16f_ASAP7_75t_R)
                                         clknet_0_clk (net)
                  0.03    0.01    0.03 ^ clkbuf_3_5__f_clk/A (BUFx16f_ASAP7_75t_R)
     9   26.60    0.02    0.03    0.06 ^ clkbuf_3_5__f_clk/Y (BUFx16f_ASAP7_75t_R)
                                         clknet_3_5__leaf_clk (net)
                  0.03    0.00    0.06 ^ clkbuf_leaf_18_clk/A (BUFx24_ASAP7_75t_R)
    22   12.95    0.01    0.03    0.09 ^ clkbuf_leaf_18_clk/Y (BUFx24_ASAP7_75t_R)
                                         clknet_leaf_18_clk (net)
                  0.01    0.00    0.09 ^ u995/CLK (DFFASRHQNx1_ASAP7_75t_R)
    10   10.35    0.11    0.10    0.20 ^ u995/QN (DFFASRHQNx1_ASAP7_75t_R)
                                         state[1] (net)
                  0.11    0.00    0.20 ^ u1007/C (OR3x1_ASAP7_75t_R)
     5    4.88    0.05    0.05    0.25 ^ u1007/Y (OR3x1_ASAP7_75t_R)
                                         n1006 (net)
                  0.05    0.00    0.25 ^ u1594/B (AND2x4_ASAP7_75t_R)
    43   52.39    0.14    0.06    0.31 ^ u1594/Y (AND2x4_ASAP7_75t_R)
                                         n1521 (net)
                  0.14    0.01    0.32 ^ place2804/A (BUFx3_ASAP7_75t_R)
    41   45.38    0.16    0.08    0.40 ^ place2804/Y (BUFx3_ASAP7_75t_R)
                                         net2804 (net)
                  0.16    0.01    0.41 ^ place2800/A (BUFx3_ASAP7_75t_R)
    40   50.52    0.17    0.09    0.51 ^ place2800/Y (BUFx3_ASAP7_75t_R)
                                         net2800 (net)
                  0.19    0.03    0.53 ^ place2799/A (BUFx3_ASAP7_75t_R)
    35   44.28    0.15    0.09    0.62 ^ place2799/Y (BUFx3_ASAP7_75t_R)
                                         net2799 (net)
                  0.15    0.01    0.64 ^ place2798/A (BUFx3_ASAP7_75t_R)
    39   43.61    0.15    0.09    0.73 ^ place2798/Y (BUFx3_ASAP7_75t_R)
                                         net2798 (net)
                  0.15    0.00    0.73 ^ place2797/A (BUFx3_ASAP7_75t_R)
    44   49.59    0.16    0.10    0.83 ^ place2797/Y (BUFx3_ASAP7_75t_R)
                                         net2797 (net)
                  0.16    0.00    0.84 ^ u2079/A2 (AOI21x1_ASAP7_75t_R)
     1    0.69    0.03    0.02    0.86 v u2079/Y (AOI21x1_ASAP7_75t_R)
                                         n159 (net)
                  0.03    0.00    0.86 v u158/D (DFFASRHQNx1_ASAP7_75t_R)
                                  0.86   data arrival time

                          5.00    5.00   clock clk (rise edge)
                          0.00    5.00   clock source latency
     1    6.58    0.00    0.00    5.00 ^ clk (in)
                                         clk (net)
                  0.01    0.00    5.00 ^ clkbuf_0_clk/A (BUFx16f_ASAP7_75t_R)
     8   23.14    0.02    0.02    5.02 ^ clkbuf_0_clk/Y (BUFx16f_ASAP7_75t_R)
                                         clknet_0_clk (net)
                  0.02    0.00    5.03 ^ clkbuf_3_2__f_clk/A (BUFx16f_ASAP7_75t_R)
     9   20.70    0.02    0.03    5.05 ^ clkbuf_3_2__f_clk/Y (BUFx16f_ASAP7_75t_R)
                                         clknet_3_2__leaf_clk (net)
                  0.02    0.00    5.06 ^ clkbuf_leaf_47_clk/A (BUFx24_ASAP7_75t_R)
    21   10.21    0.01    0.03    5.09 ^ clkbuf_leaf_47_clk/Y (BUFx24_ASAP7_75t_R)
                                         clknet_leaf_47_clk (net)
                  0.01    0.00    5.09 ^ u158/CLK (DFFASRHQNx1_ASAP7_75t_R)
                          0.00    5.09   clock reconvergence pessimism
                         -0.01    5.08   library setup time
                                  5.08   data required time
-----------------------------------------------------------------------------
                                  5.08   data required time
                                 -0.86   data arrival time
-----------------------------------------------------------------------------
                                  4.22   slack (MET)



==========================================================================
finish report_checks -unconstrained
--------------------------------------------------------------------------
Startpoint: u995 (rising edge-triggered flip-flop clocked by clk)
Endpoint: u158 (rising edge-triggered flip-flop clocked by clk)
Path Group: clk
Path Type: max

Fanout     Cap    Slew   Delay    Time   Description
-----------------------------------------------------------------------------
                          0.00    0.00   clock clk (rise edge)
                          0.00    0.00   clock source latency
     1    7.23    0.00    0.00    0.00 ^ clk (in)
                                         clk (net)
                  0.01    0.00    0.00 ^ clkbuf_0_clk/A (BUFx16f_ASAP7_75t_R)
     8   28.30    0.03    0.02    0.03 ^ clkbuf_0_clk/Y (BUFx16f_ASAP7_75t_R)
                                         clknet_0_clk (net)
                  0.03    0.01    0.03 ^ clkbuf_3_5__f_clk/A (BUFx16f_ASAP7_75t_R)
     9   26.60    0.02    0.03    0.06 ^ clkbuf_3_5__f_clk/Y (BUFx16f_ASAP7_75t_R)
                                         clknet_3_5__leaf_clk (net)
                  0.03    0.00    0.06 ^ clkbuf_leaf_18_clk/A (BUFx24_ASAP7_75t_R)
    22   12.95    0.01    0.03    0.09 ^ clkbuf_leaf_18_clk/Y (BUFx24_ASAP7_75t_R)
                                         clknet_leaf_18_clk (net)
                  0.01    0.00    0.09 ^ u995/CLK (DFFASRHQNx1_ASAP7_75t_R)
    10   10.35    0.11    0.10    0.20 ^ u995/QN (DFFASRHQNx1_ASAP7_75t_R)
                                         state[1] (net)
                  0.11    0.00    0.20 ^ u1007/C (OR3x1_ASAP7_75t_R)
     5    4.88    0.05    0.05    0.25 ^ u1007/Y (OR3x1_ASAP7_75t_R)
                                         n1006 (net)
                  0.05    0.00    0.25 ^ u1594/B (AND2x4_ASAP7_75t_R)
    43   52.39    0.14    0.06    0.31 ^ u1594/Y (AND2x4_ASAP7_75t_R)
                                         n1521 (net)
                  0.14    0.01    0.32 ^ place2804/A (BUFx3_ASAP7_75t_R)
    41   45.38    0.16    0.08    0.40 ^ place2804/Y (BUFx3_ASAP7_75t_R)
                                         net2804 (net)
                  0.16    0.01    0.41 ^ place2800/A (BUFx3_ASAP7_75t_R)
    40   50.52    0.17    0.09    0.51 ^ place2800/Y (BUFx3_ASAP7_75t_R)
                                         net2800 (net)
                  0.19    0.03    0.53 ^ place2799/A (BUFx3_ASAP7_75t_R)
    35   44.28    0.15    0.09    0.62 ^ place2799/Y (BUFx3_ASAP7_75t_R)
                                         net2799 (net)
                  0.15    0.01    0.64 ^ place2798/A (BUFx3_ASAP7_75t_R)
    39   43.61    0.15    0.09    0.73 ^ place2798/Y (BUFx3_ASAP7_75t_R)
                                         net2798 (net)
                  0.15    0.00    0.73 ^ place2797/A (BUFx3_ASAP7_75t_R)
    44   49.59    0.16    0.10    0.83 ^ place2797/Y (BUFx3_ASAP7_75t_R)
                                         net2797 (net)
                  0.16    0.00    0.84 ^ u2079/A2 (AOI21x1_ASAP7_75t_R)
     1    0.69    0.03    0.02    0.86 v u2079/Y (AOI21x1_ASAP7_75t_R)
                                         n159 (net)
                  0.03    0.00    0.86 v u158/D (DFFASRHQNx1_ASAP7_75t_R)
                                  0.86   data arrival time

                          5.00    5.00   clock clk (rise edge)
                          0.00    5.00   clock source latency
     1    6.58    0.00    0.00    5.00 ^ clk (in)
                                         clk (net)
                  0.01    0.00    5.00 ^ clkbuf_0_clk/A (BUFx16f_ASAP7_75t_R)
     8   23.14    0.02    0.02    5.02 ^ clkbuf_0_clk/Y (BUFx16f_ASAP7_75t_R)
                                         clknet_0_clk (net)
                  0.02    0.00    5.03 ^ clkbuf_3_2__f_clk/A (BUFx16f_ASAP7_75t_R)
     9   20.70    0.02    0.03    5.05 ^ clkbuf_3_2__f_clk/Y (BUFx16f_ASAP7_75t_R)
                                         clknet_3_2__leaf_clk (net)
                  0.02    0.00    5.06 ^ clkbuf_leaf_47_clk/A (BUFx24_ASAP7_75t_R)
    21   10.21    0.01    0.03    5.09 ^ clkbuf_leaf_47_clk/Y (BUFx24_ASAP7_75t_R)
                                         clknet_leaf_47_clk (net)
                  0.01    0.00    5.09 ^ u158/CLK (DFFASRHQNx1_ASAP7_75t_R)
                          0.00    5.09   clock reconvergence pessimism
                         -0.01    5.08   library setup time
                                  5.08   data required time
-----------------------------------------------------------------------------
                                  5.08   data required time
                                 -0.86   data arrival time
-----------------------------------------------------------------------------
                                  4.22   slack (MET)



==========================================================================
finish report_check_types -max_slew -max_cap -max_fanout -violators
--------------------------------------------------------------------------

==========================================================================
finish max_slew_check_slack
--------------------------------------------------------------------------
0.047307271510362625

==========================================================================
finish max_slew_check_limit
--------------------------------------------------------------------------
0.320000022649765

==========================================================================
finish max_slew_check_slack_limit
--------------------------------------------------------------------------
0.1478

==========================================================================
finish max_fanout_check_slack
--------------------------------------------------------------------------
1.0000000150474662e+30

==========================================================================
finish max_fanout_check_limit
--------------------------------------------------------------------------
1.0000000150474662e+30

==========================================================================
finish max_capacitance_check_slack
--------------------------------------------------------------------------
0.8355014324188232

==========================================================================
finish max_capacitance_check_limit
--------------------------------------------------------------------------
23.040000915527344

==========================================================================
finish max_capacitance_check_slack_limit
--------------------------------------------------------------------------
0.0363

==========================================================================
finish max_slew_violation_count
--------------------------------------------------------------------------
max slew violation count 0

==========================================================================
finish max_fanout_violation_count
--------------------------------------------------------------------------
max fanout violation count 0

==========================================================================
finish max_cap_violation_count
--------------------------------------------------------------------------
max cap violation count 0

==========================================================================
finish setup_violation_count
--------------------------------------------------------------------------
setup violation count 0

==========================================================================
finish hold_violation_count
--------------------------------------------------------------------------
hold violation count 0

==========================================================================
finish report_checks -path_delay max reg to reg
--------------------------------------------------------------------------
Startpoint: u995 (rising edge-triggered flip-flop clocked by clk)
Endpoint: u158 (rising edge-triggered flip-flop clocked by clk)
Path Group: clk
Path Type: max

  Delay    Time   Description
---------------------------------------------------------
   0.00    0.00   clock clk (rise edge)
   0.00    0.00   clock source latency
   0.00    0.00 ^ clk (in)
   0.03    0.03 ^ clkbuf_0_clk/Y (BUFx16f_ASAP7_75t_R)
   0.04    0.06 ^ clkbuf_3_5__f_clk/Y (BUFx16f_ASAP7_75t_R)
   0.03    0.09 ^ clkbuf_leaf_18_clk/Y (BUFx24_ASAP7_75t_R)
   0.00    0.09 ^ u995/CLK (DFFASRHQNx1_ASAP7_75t_R)
   0.10    0.20 ^ u995/QN (DFFASRHQNx1_ASAP7_75t_R)
   0.05    0.25 ^ u1007/Y (OR3x1_ASAP7_75t_R)
   0.06    0.31 ^ u1594/Y (AND2x4_ASAP7_75t_R)
   0.09    0.40 ^ place2804/Y (BUFx3_ASAP7_75t_R)
   0.11    0.51 ^ place2800/Y (BUFx3_ASAP7_75t_R)
   0.12    0.62 ^ place2799/Y (BUFx3_ASAP7_75t_R)
   0.10    0.73 ^ place2798/Y (BUFx3_ASAP7_75t_R)
   0.11    0.83 ^ place2797/Y (BUFx3_ASAP7_75t_R)
   0.03    0.86 v u2079/Y (AOI21x1_ASAP7_75t_R)
   0.00    0.86 v u158/D (DFFASRHQNx1_ASAP7_75t_R)
           0.86   data arrival time

   5.00    5.00   clock clk (rise edge)
   0.00    5.00   clock source latency
   0.00    5.00 ^ clk (in)
   0.02    5.02 ^ clkbuf_0_clk/Y (BUFx16f_ASAP7_75t_R)
   0.03    5.05 ^ clkbuf_3_2__f_clk/Y (BUFx16f_ASAP7_75t_R)
   0.03    5.09 ^ clkbuf_leaf_47_clk/Y (BUFx24_ASAP7_75t_R)
   0.00    5.09 ^ u158/CLK (DFFASRHQNx1_ASAP7_75t_R)
   0.00    5.09   clock reconvergence pessimism
  -0.01    5.08   library setup time
           5.08   data required time
---------------------------------------------------------
           5.08   data required time
          -0.86   data arrival time
---------------------------------------------------------
           4.22   slack (MET)



==========================================================================
finish report_checks -path_delay min reg to reg
--------------------------------------------------------------------------
Startpoint: u211 (rising edge-triggered flip-flop clocked by clk)
Endpoint: u211 (rising edge-triggered flip-flop clocked by clk)
Path Group: clk
Path Type: min

  Delay    Time   Description
---------------------------------------------------------
   0.00    0.00   clock clk (rise edge)
   0.00    0.00   clock source latency
   0.00    0.00 ^ clk (in)
   0.02    0.02 ^ clkbuf_0_clk/Y (BUFx16f_ASAP7_75t_R)
   0.03    0.05 ^ clkbuf_3_2__f_clk/Y (BUFx16f_ASAP7_75t_R)
   0.03    0.08 ^ clkbuf_leaf_49_clk/Y (BUFx24_ASAP7_75t_R)
   0.00    0.08 ^ u211/CLK (DFFASRHQNx1_ASAP7_75t_R)
   0.06    0.14 ^ u211/QN (DFFASRHQNx1_ASAP7_75t_R)
   0.01    0.15 v u2325/Y (AOI22x1_ASAP7_75t_R)
   0.00    0.15 v u211/D (DFFASRHQNx1_ASAP7_75t_R)
           0.15   data arrival time

   0.00    0.00   clock clk (rise edge)
   0.00    0.00   clock source latency
   0.00    0.00 ^ clk (in)
   0.03    0.03 ^ clkbuf_0_clk/Y (BUFx16f_ASAP7_75t_R)
   0.03    0.06 ^ clkbuf_3_2__f_clk/Y (BUFx16f_ASAP7_75t_R)
   0.03    0.09 ^ clkbuf_leaf_49_clk/Y (BUFx24_ASAP7_75t_R)
   0.00    0.09 ^ u211/CLK (DFFASRHQNx1_ASAP7_75t_R)
  -0.01    0.08   clock reconvergence pessimism
   0.01    0.10   library hold time
           0.10   data required time
---------------------------------------------------------
           0.10   data required time
          -0.15   data arrival time
---------------------------------------------------------
           0.06   slack (MET)



==========================================================================
finish critical path target clock latency max path
--------------------------------------------------------------------------
0.0866

==========================================================================
finish critical path target clock latency min path
--------------------------------------------------------------------------
0.0947

==========================================================================
finish critical path source clock latency min path
--------------------------------------------------------------------------
0.0000

==========================================================================
finish critical path delay
--------------------------------------------------------------------------
0.8614

==========================================================================
finish critical path slack
--------------------------------------------------------------------------
4.2210

==========================================================================
finish slack div critical path delay
--------------------------------------------------------------------------
490.016253

==========================================================================
finish report_power
--------------------------------------------------------------------------
Group                  Internal  Switching    Leakage      Total
                          Power      Power      Power      Power (Watts)
----------------------------------------------------------------
Sequential             4.63e-04   1.45e-04   2.15e-07   6.08e-04  24.3%
Combinational          7.69e-04   8.71e-04   5.36e-07   1.64e-03  65.5%
Clock                  1.55e-04   9.96e-05   5.81e-08   2.55e-04  10.2%
Macro                  0.00e+00   0.00e+00   0.00e+00   0.00e+00   0.0%
Pad                    0.00e+00   0.00e+00   0.00e+00   0.00e+00   0.0%
----------------------------------------------------------------
Total                  1.39e-03   1.12e-03   8.09e-07   2.50e-03 100.0%
                          55.4%      44.6%       0.0%